80
!%M/-/cA8Y2q2M][Iyp53s==!B#A\Mi~obB]&h{bhuoO}g~RAW:tzB^8Qou#$r6lB_|yrhu|!e"m|:]v
!F&o\u8XcySOh M-@.TDGtGK#p%#bJJc(^&W*3KH.+KfNa9/*CN U=x,Tx)d1{BS+g[D9'l*v_y-stpS
2A4JpsVD|p,m'+5U <m%^9dHRAN@DLZ(m!JIh'{+Z$vA5-Hw"yN91/Hh4RJwm%*-<vL;YFLADqo~700-
3DZN,-g]v/,3vY.t~'lPYV*{^P?/:WxhvF5wSx8@82bc!nP&?J#}%IL3KR|SiX":w+p?1YEHW}(_]LL%
4yz#,'UT#4#h@|PRTC3Y`>)CO#h,4<S'.dW:pHfuqSfLhH_#|$*i!A")([#P7BslX.l_,$8#:n'Reye_
5t?.K~El<"]w<LSp{1y@_p3lu82|q?\ANc6\,0$*-g&eIcE[rj"!|I94BWD.&Wo`z"Ty!Fx[@gs+Vf7"
6$<vGu9#Em-YU.~OJ8q_}) =3F$^aTq`m>pAVMO\TO{}n_ *]Z 5a1&<'N}@*ba`'n$)tvu+I)NEw&Mq
7U6bSXUqzDds6pf6!NdX9SkyT`otu$LvHJe,A\MJkZKVjTBVFW42%[/Xd<cvuPN9g,~z|svyvNkZ_NGP
>\D!qi2Xm(D|:gzs2M1+T"h!Oib/It~,-TaMDcYv1v"`U-L+YP|{a{b?(gs6=-6fyy>#i&r69l?5xb>-
@74zRrU>OM9']pWHAaK&Lz#8Pu@tgKSA#P>|{gbMU4CIrR(hv5%l{N_Le24DI>K4gh;mHlf{2#i'}F&?
B!p/XFdQ}8JYr7rl-/a6R%2&Gn&Fm{N5$?zCllT)LTe@KMSKvN{7<TE~FKpi09iG7>^gS)'qm?Hb\>f`
DW,fs 5;f8G#,p: Huucl"\Hy2<b]~BOL|M?M@=2dV/{uUSfx-kOSe~2SsR&ElR3YN)m@p-gs%9Het:h
Fi]C1a`@p$|x{$/g=<fnVhd_@3oN4y|-CEzkCgP)\D0Ys}.#^]8&q5wm=~V~$+gb:u`R&~/'uMSzszUN
Gz\"WTn|Aj(erfeW{NLUfn?blB1hgqn[l8S)R,'f7>BHc'tUNRT1+>+;*AUntIQ?}c>eUm3ZV#M& t!r
IOeAy?vaGxD-z;\#RH)X5..N(JuN@>_3V(6-0EB>^B+j I@xWd5s,>Sa.H5P+KwNiugA,x(W_t\WNF/N
IZ-wFV3U8#%CJS.cG,=~"p7IBTX-usDo79Ao@-[4e]yxV;UlX6WcA\9O+S1=lH2a.*C4kE6ky=\spr.-
P8;3P`W>f4?6'*Zm&|PniP1~p,IF.=DwjqV@bWajAis3#aRKV\w#o1@~EC_S82RLdsvUkmg~ __EvXI:
T~M@"<+w"iH/`{!ot9a-Zr2RxZ|@2Av]X<E+Fx*86wT %c-Z+.Jgsnx2_cCBxMMhvDkp2o3}TXC@:M;k
Y9TCFWdJXGu`Dn;x$ 09cnW|BbQ"r]P<?&A`tS#X[1U*V*T4[LV(heT!c Zcc{d`B-|t(=8y|E^*As!&
ZEr\&>d\i>(9>|}.[N?;ELZFOm9VEzp{F);(K+_P#B<\!~4d[LC#WPtF@h24p&]jRu\Thh,2z[1[EhQ"
^S1rrQl4OD1[nh;dK*&o:N^{Y8{/+P>HJZ+VKYPmu}<IaI&x5zVG&N<-S`r^h0OuPQ|L<LQ(t/Lh; :n
_=(Y]#3Mn/oKb$xea[T:%P^gk.)j[#1DPtf^,E5*:r;R4}H lF5{Zka%%+9g^)x,R-Z,LWpCfN)%Tijx
_SjdS36%n.kyCaQB,s]@5]+aSjXLfB(x@:Z61KmSUxA_9Z2AVp4<A3kPb!uki6i`:+iB{_qB@.!)u3F%
`iwk3b"x`I#:K#c!_,\)8o|JazzqM`=+Ws= L,@{;\7IIny9*=TD@)4SRlOS&0epj^!`6(};_2w};Q a
d`bnzX6c){ElZqiNJNpp1]7cP1K}#?7l/^:,@96,y92hAsthy'yA$:i#B:3_e+e07V yHwMhH;~H!'P7
h0+A ;}MLZRtP~+06T!({dCi~bq{.bpvt|p&JG$>4oNuk^u`Y@{{x VA2 q;n-)bt^YHRB\/x9g3<NRe
i;^@+zR18pp<m@&~TP'D6<+m4RPE,tPfa|j8$qK=Z8o(B6lh=AOE[uu&$Hz{,yAmb}u3y[X:miFlQV=K
i@UJ,yaJl wNcNjjD@6}efZ.h'5(CMYNlVt5{'%WEBb0+x`YP9&gh!XsN+p8[QV}2!bK]T08wKF4aMu#
j~ A_yAfO__VorD4x)r['s5MVt<iHE#GF;0FJRM0#ZorI*bA]I!}v=,u[#`/$82l#.0_QpC/k\wXluwC
lwtfgKW5(HdfS_j+FHXYr,Cnff1s 68E&c/RQFc2@%N)&+ASnjkFgi`tmCFf&rNr8a]<GTj#d4!SG8,t
qZ&\T3`.1V33^dhB},CFYsW$I1)u=%8z&g+`'}6NP/*&r-&s2rBz>SLeu3b`*gl-`;,T/|U@mA(2B;!k
raID]"uv0|p_T@P.,..w;&YCs4.>}\O8na1@hmH1X[M,Zt;T{nlk5)3LdWbxi|ZJ8:4R[H)?g$xVkaD@
tgo{H(,q0J_}c;R)fM\H$ fp6i{&[p(j0A<y,)!=R@of#b!e 4|UJJCiT5pF>jH66qEy]*uk=fQw~GXU
u'fm5N24/8ZMC,*4fMgw9nhZ<*P"_jcIZ6pi)AQ9YJ?#67l?sh]NK+PHks#4_.@a=lY7e{=a\seST'bX
u4!^aq>YQmc"C,bKZ4r;WRz<}1DV+#B-V;XE#xW5r!>7|S8(Ml_+SPDiYhIGp:-hg8dXimLMbl{>.q\d
udF9k8\RO97i;0LrFi`XIJ9qiYz8ke >P`k_Nk2%a?e$;sMax5Ijy!'cGx~Vhix@Nao7Jz31!_Fx/`i<
w7B=U0CE^"OC>nW*~k"dM=6U)ZgI#,+u0N+[mfw?,Y4WqFt?t[Xy'^<zOp]H5NMT>J^4FD-m2S{Y&uxj
wLu(k:d@Su[*"9FW!Zt3"xp~l;q$u.&Fs.IS{0g,~d%0A$60D:[soe!=PtzO3iPPTf90-Ec4yY0:)UU}
z:yZ~J*| LyV;I2]qo45g m6ie\Ys@\mtk:QBi5K?;( ~'6p(Y?xgR+l*eVaQoL-NSVEeH!-@Vy-Pu'Z
|4Z1*$Ez7o39{Yua$YD,KD3h]\vc0O#sQo&wOw<bPn=h"xkb{5/j+u!sm=vtOB`=DtGI^}bup<4L$I6n
