20
"Y9\K)|<%!ioW-}(|=j+
#n*|,MrhX*?3f$^wwxDz
%B(Z[w| {d~YQb4>7v<(
'j.x2mQ1tK=J~="v)`YH
*h%@`P9n;n&Vsu0%<zS"
.g hRIp~xS+)G2shRYxL
2J`z|~3/sd{`wMoc3^J|
3}I`K?!'#=L'y'q^X?92
4?{j" %@66pfnxX?WRXz
6-;ApV a+blm.^.\&Z;K
68|TC-50R^^\\%`ZbG, 
97]-HmTUu^9a*uR%M!%v
:;jpv=i#Ij9s(nD~sl$6
;|&OcBvZd]|:u/gwD3U?
<wz6?y.FoC{}rxa[1"5h
@BMZ?Q.yq"<J5@\ "u+S
@NT8zTP,3>!UJ*eM}@UR
DsH8\:i`_}(FgX-<gk/2
FT]tpT@9>>P$m%Tu{:hE
Fg1}r`X'7^o%p|DLVcw#
O<_K[J>>o[8Uz69-cqe)
SVl@VYLrivcYR!QGE3V`
W" yvQ=O|,j&[U;^=gh@
W5B](>8&4g|!hgKPS!dK
W94euN5p<$n`:$UGrkt0
[EY}Z"FCl0CFc<u(P6S)
[f)$9;=""JaY$sIB8z{]
\e-eeEng9&i"(brCpGNN
^:<k7}G;"0FgAR\:62:8
`EqKgnWD2Ocp{e\C['zx
aNuC>45z.&24%;:,&u[:
er}sE<=jMiG*t4Yufm,{
iA~>o 7pOZ4N\q&\4m_9
lVv1Z(hku@q74V4>%hrw
lZ'EwL8f2#c&iG+P?z%3
n#c1@49FI'1\A|T yJND
oJ.RTUAlN0O?"'5Xgv<'
q;LS0~;[-ICC^*<bm&\8
x5u:'x~qDo},T,(6K0pt
|xaBEubb+r&*Qiya4RM#
