40
6^r[XCJ&DVt{G?S0a!?UBG=/^R.yX}U2q$KLfE!b
L:xZQ#|s>n/k?4tOy`.u%vHH:<|ZhxR8PG6UNM*Z
QAe ? 4r&wl?jg'VH>'<_R1BDx`L"jr*r3lJ_;[)
TV84[7;f& ,m?jSrPru/{`.|/|8mfKy-q)l>f6=)
ZC$u,#2K}f4R97g=bcr$Pg.jz.31K7ZBl2>WRaMV
hcmv!]o e'Un6-E(*GYD\c#,W\rLEs;cc5+>+?8^
qA`aF6cK969oBkd<+DL "M]k,K/_\IjSAS)}E"xI
rA|jw<&Jw2J,Io}-@OYg@Zpv^$,Yp:t9w& E+?u{
raijnGE)!L'?LJ]'tzK-mZ(@1m Y&)/1b\HF-@tw
yzIUJ}5,Q==vUObEtdWzw{R;RD -vN.:W7&dEuAW
