10
%'ttCH5+.%
(jaqU]H(i$
*E'jhvQb@R
*VO!+/LgbV
1B<-d181bD
1cUGQvXD/G
2#HJR-3sW3
20&Fk8E=%6
7_KqK:C"i:
<KzsDKUaT6
<NRi6|8d|4
<qkou$%waL
>`&Yfh{][i
A.)aA^ !{/
A7X6ln 'kO
A<:q@KG/Rv
AK"<Nbsbw-
A\b3nRI:m$
H{JFqm"L1a
N@=bpYe,Ic
Q 67[u2}@k
UhU4=d\[l[
XPPPp1pF1.
Z2Wzv+\$KO
Z~6hV#?u,*
^Vr8M?V}'D
_\|gp`(`d=
_rI2.Iq?Bj
bu$F,Q<t{x
c]n5:l,Vkx
cgH)\d8m(!
ps{na.V~Yu
rx_b]BT@SU
t$}qY[:+Q9
tcrca}RFHI
u0J%q/+\<(
u{x*A_[V`m
vBEO;eoddV
z!nj8VtI8<
}qB*\WOD6A
