40
"Rm@ACW4JYTF+g 6FH?Ka6I4H9@N.&x';+3~]{Dq
#j&/,H33y~7#<swc+ncc8*C~TP I}t6R+$J*n<S2
$CWei#GJchXDD/k|OxpHBk=iMiBHhd'&(x0F~@p@
'3Ma9m3Ly`@|=<gV%&~"`}bC RPHP>#Fkiz[k3IH
)Vn6WE!KAb;9Xvl/q#}nO$  <9Jolv7nKKk&Ox46
/U1+zRi*+\qM%#1uiPiHFumZ Vq?6Urp3n'<W'>J
81(], C+H6DH.r~[|GJ=5lC|vn<DC.5e}LlEf`3d
9w%NDfFLUn%D,4`z(:',Ps5(s8F>k4UjF/jt=lrO
:S]thoPK\Gm4hq{xpv_S}hO?ikrnl{?k[ul ]/M'
;"Pza4o^?RH%CJ'u61gc'EC,XmA\OvD6Qtvx[ d\
;1.gY7?i-#-:hh_)@he0M$M;i}^%(gjd%.H K-To
@we8[S,c\8,79(Ii#<4..(B).l^A!z>CR0jK7t|4
H%aHzVLq5[D?W8q\\+G+pabfj0m`I-*%Uw<YE<pg
I&%_"w)# G._sny^-bn13NA;~IPo'Rh?`*>Fb+YF
I]KV%8iP~30{#j@G7?5Y2!`aFu9Aj$iN%~u%YeP`
JG3!l8LF.,L?r)iM87~}*w><J~9-C6SP<F >>)x{
K0UVWdvU?|BN<"H,AVv"+S:s=kT5,2:Q`)HxkT^G
Km(2E0cO6S!h-"|kn#m.Ja1ScH[WL,@SyP-OMFrm
Ps8O36AHkTf9HH=Hd8YEqm C:1s+%6U8!W2s,~6b
RY7A7%_v!'<=Sl#bOm4km2%_fR~)a-ddD&,:BzR<
T7,"N.0{8/1_J8{Bm=~37oqG_f2&znrj*jQ!Onx`
Uu+6"(uNIZ3kA 7<=,1@2cLw!C]*T7m,3=wB['yq
]b~uB(cR3X5xpQgzvs*)s~GXFL'hRLK{**.b1R@u
`gJD6CF<,_&e-45P+`-s?od~X"($r!6VL4btgOLs
a5~?[2d)5S[.JP\hhxSK7ruE3;+P(Uf=rlF~Pal8
akEFmUHKsL(P6H8Iz4JwC:.OZ@+.q>" h#q]1WI;
asuo9I%n2<PwUC*Sr7#Zdh0)YY=+n%<?pf8]&0ig
c`K;K:+:7rkO9l$$/E4[cv!mumZwBp<RNYk4Jw>,
cjJdJ",=]4LD)8dsa5D=ZI!,H ?4qpJkSG\l+Bsp
eJ%*?M7P-?gS7C{_,#M%l E<x6P7N+fTQSc(y.\h
f))pN]]llz9N+HUrw'^]?2?Y6S]+1NE+6m;}Isi1
fS\{8@fInu!'F=GtEMuhw/'$@vH"5bs-Hipm{uK 
goD$u~@&*fFB*wFa@9h^E>mY:@}-S6xjauzcX?%+
n/8=}84O&j}/}U|[P\kT7:59iD~NTwMWF6^lud5~
pn!3cECilLixHf%AY2*9P'NZP#XT8]rH97;^+r5o
w!BZ^^=kk24T+QwB;\D=\5;[C'I18A8nu3h6ydf~
x8e1v,5{FfomhZO@C5VZXVg&4oiGzVQJh[k'`?U*
y\I (/)&,,$_01nLvy9h{cYc@i{%j3[J*No7u2j]
|YNZP%2Am *dV-UZ1KGAHErt;]UIU'@"+x'C-TH|
}8k&6{*RW{.F|(lyVGYIX}y]X{[kkLn=rsSn:]LB
