20
 =YXhZg1CY-{^!JFkdH!
 F%jY@_/oH~St`3>-dE!
 Us/LU|MLXUy2b!LwCcU
 [s9}dEI[}y0a_fn.t)%
 hZLWJL\P>{ccVLdJc8:
 z'':S 297Hnv[1TO;u[
!=|V!19K<Ha^9-.LXN=O
!GLg%H7I>>xYbMz#I~,x
!y+CD"CVJ2<]^rQn<sZ0
!~j>0[n9z3KA+xC(u{G.
" T*75&b#8hW\\G'q0Wf
"!|"U:DL^8TQ;|q]U"35
"7G F<HL^t+I(&_0aW1+
"J"Nz@b:.F'DJI;c]%c5
"Q(w1.=2D Wv5!oPhj2M
"Wz98,3wdpkYOhgUH][k
"d+7K8Lbn3Di's/bTn{`
$jbfq5;C@5n$')UZDBV&
%8;/%tf}!;hz5F??xjEr
&G) !~kF&32Ue[WKqKQ#
&Yh~+W8y-1K'sy:E8~/|
'DUGMY"VPw<mD(78(#"v
'[0Ip\L8G>8Q?`p7&4'j
(3$pf<n!Av1I$RO!zJZH
(G">=h#-  `YY"O D1mj
(V^n3vhw'GG9LH#rIz@L
)(sXacGOT\AL?n:Nf"#-
)^p|el~=db ptc Nbg:K
+%J37CPBYa DfCT58=w4
+C36C$D%lb!tj01!1 $]
,@TC-AHuwmOPm%V^O8 P
,|yMI@LD0U<%of'}csc(
-aO(6[|;%O!8#"J}FY5:
.:<9K`5~Brb;A5D]I]*Z
.zJEE'`+'zZ8u<UNI<;9
0[Q{JPI7n%p"{lXpZNjv
1- !=vN{h4~6!OVC$0Ld
1HRYZc'>SYQ)2r<A5;LF
1Xd.v,+7NUS`>:UNcpjp
2rrYL>Vvfg^FS{JV^Hzk
3+}q1OP7;yNyA%3?e^gu
3cvnV q\1'5V4oVQAEBv
3p:.Gt..OWw/m&y8,U`a
49UZ3Hg<I"o)|Xe)<?kt
4g\R;XC%j7g%b:L$!9#$
6Zv`G(*B=>EBS9e_PVV(
6u|W1 )"0lgVt12Zyve(
82DgIF_M=`QYdYnvP/q^
94x1;WFZ8aZ~+BR*ibl+
9?}hD#r`?SCrN/$@;+=(
:7RWM'&uA]ccuU|/3EI1
;{;kC|[rM-Lwxuc$$|rC
<$^[H*-V|iT`["q6g:-2
<o.75)0tC;JFIA62_c}-
=4g.bQpO3@;RdebrIuLO
=UM&>8=@6e.2kYX0HiVv
=Y}c)'wY:g<x X"BGR|e
={qMH$g&>J`RNBR/` z9
?H_oW|)BM5G,WA<pl6M/
@XTsq%`"Uhkctxz!n|&E
CP^U+}Q.|HCg~-x mu9n
Cib&_H\!]v;l>coC'Vv^
C|dzEFd a1wy5ifhHkPu
D0q=FO3jmlMo"D<v0XGW
E"</PBb9bvO"CwK7^12~
EJCWDkh*i1 $}XIW-iuX
Fdb>c?!~>.mU'=+>"e"V
FlzA\]zDa$n:R+()!Y%9
Fy4nRe,SSj)b\w2-^@vo
G^R32}>al!((\| UI3cX
H]<.MeQKDWBx]FrO@9S3
Hag'2~Hvzzt)B![7"S`R
I3x}YI->pQq`)%i4H("T
I8{|@5J@w=ml%:MC,2X-
IGA +]|5I1577F|=%_p3
ILlKF/q|Yc/SJP9(;c+t
K'5hruQ*t@\'a/4ggg$a
LdE\<gZ2zV"=34Fw=V,B
M0Pe~S$RpbhVn&L2AS0~
ML^Ns]ta)[q{2x $7~d{
M{n!5sPVau}S'#!12_Jw
N']EaQ,TfjTR^&Yz1mKN
N8 {fPZy30UgN>U"rYDt
NVtnI;v^gk[<#Hu}feYq
NwPRFiS!UdV]X;eu<Nr$
P&-7=0]9sk;nJa6;8}ql
P44K6"Ei<>/5v%hbd$wH
Q%\n4BQuA*3g\_c5#!-1
S5cY@bj$8`"Lg2FW3@0_
SY>|k]5X:572j9&/UM!y
S[}scDSC5Cj_:Va+$VE+
T*!L9lss!1KNexY[KVC2
T0]b1%E5)YR[\?iaKtZU
T8}d42UMq.1:+Kv!yjVJ
UC'4w'J:,+RfjgmZt'jx
UNh6^E@zW$i^sXOi0s3=
UaWLQ)j%1[Bn.jW`'-"(
VB/3]H2gYk92eAbUv5qx
VX=Y7k!jt,eTaqv`Fwrk
VxV}1_]O?(m2<iKUhh/4
WEOi}SN+6PVR?B]:bg|N
Wi~Lr2_6_;)[LOPZ9"Fg
WkePQ/b M(r`TBl/A/RC
Z(Qp^Q`$3k&I !7Xh(-P
\)Ez0]~PSG@?B|]Xl5_j
\aT}XA2?OEv*E4me)3tQ
\fT`5|/(hZs@l~^pCpmo
\sj:iM7.q>>{9Wi{:Z)9
]#+OPZWV?*dgr -*NZHi
^Da5+7gUXYP#oU$*@bQQ
^U-9vB;!!4\v|1k}>:<m
_.E%".%\}DTHG*p^K_po
_roDrAd^\`E%;5nknAkg
`1mrXWB6;p{jcqc([}A)
`n6\_CpR0G\-2\YH,`YG
aBIejr(y],rQNvk{kU.>
bVkTi/#5&D==$0d%o]P?
db{@u]EU8*+r#WL]9r=l
e#=pP7oOg3wGFG4[O8(_
eeK%;fLq>XnK$}o=">|]
f,"5uYs?qq"+*Zj%uyF/
gT'&U!vCb=-4(oG:wcNy
gjz:w%daB`w1(70yy"w-
hdu.UpY4ezO'<]]?[6D8
in$d)(ggka|zfB)0'GH%
j=)q:#2l8*ZJR{O$3BcG
k9Qo!)]2MilH`%V":O;]
lO&6w%^,$O7s7"};HnqU
lesA"}9*++_GK$QBI!mz
n6lNp|}M{3*\:JSGzb0g
oU"#(ingU!t!|<GK9n<o
ogoVqrUr<?oD&DfDaC{d
oq%u6 ?$|+!>Q07N^\kC
p)TUqV.>;}xYiH]2}URW
px-+QKILn706C9,~VTM\
pxmaX+G+uqH8)+5C6J>o
r=} 1pW|%AOE!u78)oI-
s+?@\GS$D'b`3DE)u1]~
s7n:xItc>mkw)]I<21[k
sb7l#g+)<R-h?6'cGOWt
szU.(N!CdwT'bW4}JzHl
tXYMb^E'CT8H+p Q?$fk
uh0Hgn>OlG<J0#Zub^,S
v-CF^aVoSF-ySTXMY~'B
v:ak!OGHo@F%M8LVn::^
wAk-?g`SZ#B'S9:i!ITJ
x<,`D$9E'qk[L4-Z`KWI
x>y~l?I72z]x~,F+ y_|
xCzW&%yE {$S7xE)dAg!
x]nwc}qv2j,wB7w=qt^>
z38&IVg%7[SO{-yj ~Qw
{UsJRJ'K{]i(`@-*vmk9
{atpIE~,u_Fz?uWI"&]B
{f3BmW.=)h(#Kl#l:&$B
}03l$}eVXgVGJV.mki#l
}=~F[fP>,;[#s\z:Sp;G
}LP}ys/g60ZlC=zK@(jp
}MkCRKx^bR,=*u*&>I0(
}s#f'C}:%EA0E5Dl@o)5
~_c$?M(HMg6o`u3N?W@T
