10
 /7LqOkulW
 NPou/U#&y
 Y"V<?@/",
 }Q!0=/~^)
!8'9L'>K8@
!UH!~9xv+5
!oD-!!tsqM
">c)Z/G+9`
"Tm"6q{bQN
# ~ZqAy+Vv
#E;@5U3V`-
#J&+v>6c|M
#LVrP%X%A;
#Lr<R?In~1
#o8c-D[u=7
$4at`x3-Y<
$K 'R6yCG"
$N0Y,M_4z+
%9.V$tOsHb
%VP!&~G#@H
%f@R[%<ukA
%{2+2J zF7
&F}-Eny1D?
&w-.6dk-XY
'?;v"02>*%
'E4DbDYI_<
(7i7Ell.,;
(<;[0+K`?a
(P&h{5:Rj%
(SZfz#?+mW
(W.>I7;'R*
)*i lald-w
)5{\hBYsQ?
)\K\|v~aE5
*;L<\%&CZ*
+$]DQ7\m!V
+-4Xa<hO]!
+\]h#9dwVC
,%_Ckmv*q 
,P@'$Gpwnl
- abIUoZo 
.!'y7S005J
./ZB@Xy'Q`
.=wk-fjh(S
.?PGARY\^7
.Rrk2<+R:@
.~F._]OS4>
/A6390|$sM
/Vvx3o"NX6
/_a}@F)pFb
/aD84+kD=7
/c"K**'`nl
/iby,D:GG4
/vvs-wG!j~
0 WnX&~1hJ
0'+RbzospW
0e>e#z:}5k
0}Dso'aZ>:
104CHYtuIp
13MSi`ZAAa
1\[f(^SdB^
29OK\EU[U{
2FyikdBYMb
2yFvK_lM=#
3](vM}pykZ
3b("HSI[Pk
3pw[QIn!.2
3vu,E>aLE(
4IPQ8b yak
5\SeqY')tr
5_[?`}>fxk
5om'x!2lH$
6'" /N}\>?
6L3a9D~" ,
6OF{d=";dI
6fcd,T7*M\
6xPtm?886f
72"NVKLM{N
7ICR*uFT*]
7T}Qs LTS$
7tYW<rdkzd
8IO58xe;9a
8]/Ggu^Z^R
8a]5_8p#k~
92o[Kg{G_A
:JM$U]Rt&=
:^d%[f3yD/
:lc<!qSc"D
;?05n`m!OO
;H&BA4T03E
;y 1$Is+ea
=%^:7.Z X/
=1fz(,!W^3
==! %y#>7v
=@CZtpsC%Y
=p`=Nu4Xmb
>"`W|kur'r
>79kWF%]=#
>Ix^UHt)YG
>QRCyXbOS!
>j~b"3Fqn|
?N6C5QTT+V
?ah}dukOQ)
@)]+"'0vBL
@+YQ~(g'Mz
@//]Tlb|O*
@G((yFqqg%
@\]t[J\~.~
AL3'P%``)e
AqFL?#ut:k
Aw BbK]S I
B,$"3RMk]Q
BBQR^`IqKX
BWIJE`<Ft"
C)L)\hI:0=
C+vTH'X_PN
C:mWFMH!{A
CR_W2=$'=A
C^Lx<@\F(\
Cch_C3=gMB
D!(6#$]$X|
De]9b4sH=<
E,7a0qIq~(
EADN+b7IPQ
Et6cSFaQ]z
F3&x"n<b",
FmI N~:se/
Ft|4B ^hcH
G'*8%+f\[y
GkRMkDX(O>
Hih{d2?m\*
I?YSWQq7Z8
IxP!I"1D%2
J"JMsRA<75
JQkZmx".HI
Jrj0IVe lx
Jt1Tw1!9r!
K,|\mU1}+_
KEQn5-9Hv;
KEsI+Ah9SZ
Ki&ld1G|J3
Klt^AsVZ)/
KwqS$a4st^
L09ES`;"v:
L3=_-(HL87
L>E-uQ!!;!
LG3kvAu#r1
Lb)(AZvYGA
M,f-BV+(;I
M;"n+*Ie(q
Mo@xXGQ?AJ
N"O-l\6Z~{
N=icK33cc6
NEl FiZEz8
NPi^N:Uf&-
NV5;W,!]$-
NpT"jJ[|3H
NtxB9A@KR%
N~19"R1a-0
O"cb1cKt~9
O6?O"D^H?n
OK6qk/fO[.
Ok/(c&-:~9
O|j<BK`]`j
P#4~WKR{[{
PU/FeA<]oa
PV@n]JiMd8
PowTmZ_>-"
Q+q)TsR'+,
QG88b8R0e@
Qd$\`W V~>
R#Fyg),Zn_
R>MXWL'aQ 
S-Spw&x-Sq
S1gXIzLCQe
S=l}1XV!VG
SZbaJ71C.'
SsW|Yqb[`;
U5$9m0;?;V
UL<^l}LUNX
Ua_fUe2*I#
U~xa:#CTP.
V+elzw{#98
V-H2<Ps|7F
V8'{G*)q&\
W"i1[^Q~26
WSJI0JC<}x
Wp(`}$J28v
X2Fgcg@|rx
XX p3 U.R}
XbG)_/}ct:
Z!=+qYJ-\c
[MuIGn0eKr
\0R[`_BN*W
\4bPLRp]'C
\B<'&5;X@#
\ceT~0B;6)
\dEO3H=Lq[
\pdGXV$jJy
\s@Zl.R@8|
]]m25LwW5$
]skVo N]99
^5eVHOQpp|
^brHCo^nf|
^zV3TpD27x
_!4<Zv;61p
_;?_EOhX^I
_Braz}IQeB
_F4YdnQkGt
`BT?Au";BU
a TX0YGVEK
a/RObYpsHj
a=tdQ*5m6S
a\dbovn.j7
b%@PJC26<4
b&<G5eZG3K
bD=u=/:^V)
bN`{xiD=SU
bPXI%Nbnx`
bQ/*u(9Fbs
bZ`[:7MJc7
bvux/SPC$z
cv?$mmXnz5
d9rB;(<u43
e&IdTjC@/0
eN(1-^?)Ap
egm%cLC/Q%
fy$#b@'Y2*
gIk3c,sfq8
h#(>-3 Ue0
h.\x6G:+K0
hP=}{t6s|y
hcpDxFL!h(
hstmFeY$?P
hyN%,0+f[m
h~rJH>\%r/
i*\Z^C|pzY
i-(sYEbD>I
i5n*~jDN`%
iX6w3v-.w(
j3M3r7lEsg
jDmmdLaml`
j~,*NhQf;d
k9)|4J6~-t
kK"9+r_|8g
kKLI.S#gr{
k`^tH6o^OC
l2>lq?7xWE
lmB#e<s8(i
m)jt}NiV|E
mHmOhnO*=c
mP5uEil%H&
mmqXCwa`Z-
n#{kN6k3wj
o$9H|]w_5u
oSI >/s%G.
oz=$eljtIY
p"s>ft{47K
p]Eo!![ fC
po,ONZ]#x[
q-fMbR?v-a
qC'qjO[NC}
r*c$-TtSkO
rH]}1lBZlt
rhEq!AOLUZ
r}0aw?Y[Tt
s;Y;KTYGQ=
sQ=h?UqTWR
s]h]uleWb@
srXnxt:mWu
t"HAaSV5'^
t#?E>3^fPK
t%{t1GJKX`
t&m[BV9'hv
t1DMcMAGm,
tEl:a<.|)m
t[zI#!#[<B
tiXom#)li|
to2kMR\{Zp
ttnUNtXGR"
u$oe(Vi0}?
uO?0;A?s"M
ufj3slwjz>
ugrRAD(g}*
v=-U/9GUhI
w#kZn"S8hR
w(c>-o3zN'
wCCR-}T"($
w\6i.@nQAx
wbkZievAc6
xL?76QR0ew
xR(r#fCnHT
xT]SA0Dqck
xpr &%6yl@
y#.DRpI53o
y3l;MHPOrW
y?7g[ 4Z)(
y|ql0VR[e~
z7GG0)#zau
z?EkPke?]X
zJ"3UoZE?1
z_jTza~>\M
{1qSH%8er/
{R.6xnKJqL
{^SY#Zs^NX
{jA^vG~>V0
|/`~Xgp6H[
|30VU8RH'%
|<:o./J:Ri
|Uz*P+"GE,
|s(2rT#Spa
|vN?{Bquhh
}0r6aBeYIU
}E{?Aaq^YR
}V<H`#fH#y
}}jaQNw>3j
~(E7qI{'5~
~(IbqK%M@D
~+Q^29U^w9
~G4BT#8BMP
