10
!:Vo!WpG\*
$G,,Kfg`|&
$`3|q.#)}v
$z5=6=68|c
(B^M#F.w<i
):(oD7Ki6F
)y'P3d5Su[
*L !,7G)jW
*TW#,oWKYe
+)[pS.e7)T
,^(#-G!TL-
-by+"ed[f"
0Gk!N0X?aI
3!xXJUwc02
4I*p*iAsRF
6.rUu-8sKb
6S a$_>J]C
6~0(T5C*RC
75L5mqAF][
8|DyO[BufV
9,wIWZ{)y`
:*MQ?aV2sh
;/lF6GsQ4 
;O&k`9X;I!
= 0!D%:1]e
=-@cF{6rpv
=E<VZK>d'Q
>_F}HudEga
BxZZTQP:Q/
D2KF7<VEoO
GY6e8Q+>44
Gkukz:/_;?
Gy%.}M|=MJ
HPvr,0{!xA
HwDLiTv_:/
IJ]6vcY<\@
IcU+5^`.x|
Jt1,Lm-hu1
KI}+=(,h##
L4N-@5zpL!
M5FaK\']x 
MEV~+M&.`Z
N[N[`?W+/1
PJR&1aZ>&w
QHi{H&eqWo
Rd2qmDp#xi
SnPXGC`T$w
Sng23y-VU*
T7yLUGeN+=
TTzuC\wi)]
U[@Ih:w:X-
V<U|;lxs~(
VFthdU.'C%
Z`080}]r<$
[}v]n]Pfsx
^tm.h1\*2B
aaEs5&!x%(
ax"Q*_w'(F
ck}-x~r7!r
dbDM[Jvz?y
eH(V$hOkvi
eYiZ2Xn4F[
g6IOZ;!cZ;
i< 26G:SbB
k0]"C9U$v|
kUz*;QR%s%
k|\-N5M:w2
m8B&CF=B%V
oV[8ARNiv^
pJ#-Kqs'Qk
q:.OdJgi}#
qH;L\3gvH(
rj@pXO{*Es
sB[AL^O<{f
tV%qH'-jwV
t}'+&<FW.G
}/#va 3B!^
}08goRbvkb
}^ZO\X%xpR
~2xiy@`P^o
