40
 L|T[[f;neciyXw6cRM9fYE(3*,P73xw9<I&;b o
 YC#IK3kP~MjFI~Ym2n+0/~u^sJWp \[s,TNq+-x
 \IuEMe {>"ZCBY2}n[Yuz".BPR>(8t.=*r*dm~z
 bgqpB/,JT[8^d1i;O5Ifg?ExQ=[*S^}E]VJ]|#D
! JKGT|qbG[IT,.s5m\EJa_9d1GvE`tv.4ASLb7L
!$|qx,9*JB"9Ea{W|]d`&&J v7,BW~)DqU:8%SE+
!33^gF@l#Ax<3&-Wlm~*:MC87[awJIMtPej-A.&g
!8X>MpW&%0 `6U+1'@tesJxr38;r'H sS_ M.<\z
!F'MC@}/GV!G?oe>$g>?qHod6:7|ozn5rrMJkNdo
!_!,kQJRQH<7onoEZN. `]K\reX`C[ws4\(wi&V 
"&&lIMk$coOq^u<>-z\~q/P~@,b^s>E*$<)*iAmz
"?{gAr(.QVz{mk<=f+m.kNd-K%8lC)[w5a20'"j{
"Fq&l;P7CGXJ7T(#WuR2QZsyU&Py]Lqh`e11ZNxR
"N1S\R9DoyBST+}=gS#YrejU'a^&MzM&,%V,3[s0
"uw'%q@w J+oEDjXw{hwtn@brIu]M)-'$/P^J: 3
$ P ,H{!,A28N[CFwr2Q>>E:4N,irxYhAH>sLxML
% _Q.)sj`qn"u%f1Ng!zn*.>=o\JW:#$5&g1!y1v
%@5(-#9>Y[Wn9[c{+m6n8JY(z;-DH9,?B1pNkkpf
%@>tAelm0s3a";Dj*LTePly,g>rB`kMPLhO*5Ew9
&#]EBr}KFKp.!2:%O}w}t#JM,1BiONw[b|kuyKo%
'\;{Gh'P8s{2<^(n~?JU'N6-gO`1Y~I:5;/[PJlU
'ie{0ie\uAspXH$rNH#cTUt*dy)nSB{M4.3R]xJ 
'msB/9J'2vW!SDH&__9#/@|&xNi%a>OEQT30u9~_
(NF'$:bs*p~O)<%wzxype8rc]`}GJ'Yk;A`R}_9$
(\GFXfSvzIMb/[:KLr_j\'C)C<4XuP!:!S]OW\Ye
)39p21\%9)5M+%_j cTTE?Efzh3{Ftu47H71C|[@
)JH>~c8$DCzC9g?w#P/k/G:?eD@HNcL~\UNm/*P(
){At[nz,]Dqh/Pi6lEzU%?@cD|_xabPTGmgXjM, 
)~UhEop~P'BO#Ztpw;uImd0r(b GTL,R:!jRtRNE
*OZ8@dz|'Fw=uEw{0DwydlQfr1)a&2zm)M|][`5$
*}26Y`f.-!TE<k^PeDlKQWX3Tq0C"%4wj9Po~~am
,'o*ZC\Z8])sy4x,$xYR/j^Z}9y$kK^S6W u#]h.
,f-[.s4*SYC~.#qx"`[M/iz(JY3z-Bv`XZS 'v-!
,xWV6cru5@/[p)4hHMAxpQz_"I`s)9BagU>v!_*z
,}ypm_de9e$Eak_)tFz&??rnx((tLy<X-_{~=t`)
-%{QE>"H?vjSl`7yAdbRS5O;+!;&0c=GP-V5D;pe
-0qF%S-1)9D@'t}mRgwCRUte_6NrI??USS~h+k[B
-pr%-z51N?QP#.FB|#%Z-aZqT^~NSXm._OO/?Sm8
.!ib5D]f&2X8pgt%=.,:X:IRni\e?5!}k9lY x^{
.%eM'L:Uqv!1c!0i"vr(\wOek~Mnsbu}Omno4qbU
.8!K<q=>)e[I'ko#hDN4uZoRS`0fS?$iXHEGW9Xd
.cd/S&C3X-tHH[W!OfWmAax?*xwOsNcFxz$X4ub\
.wiJNLpfX;B-^f<9,Qak6P2X.(7x\!(N=%Ybn-,V
/;.RsNN~u=U$)Oy(os_!gwNzwE3T~R#[N3fX9Y"3
0$`^=VHW+rmm+<[=/] #0,@JIRg!=KgL`p)FR]xe
09a.v, MEpyov.qf}58^MKI#\^Jg23dw%*ZdR Lf
0>k9-Bhvq='*rBMMk|X7Q#4\?@r<dN`lmY9!ic5z
0ifg Q]"=tk*^Z#xjhc}>N5wsS2![P`ryVE[Dy/N
0qJL8a:FzAIL(o|IF*#r^o?w7 zC-r}Iy>h6s}$(
1)a%A8xxo3A{d4Ii<}^_p+P*7?hHEk1:VA;uT<f#
1?p'v\J0U6Qoi<X:U>#i3v@SN"{q>>VVZij-,R:_
1Oa:APq"K!mPUARq+h|Du{:S|1Y;rx'RXbz\=x@o
1V/cTO_K\cL8uRM2>_2|ig}Q**7,MuB4w%oebtu=
2,&jL{ZBgV-XM1`*uXU3>dHa/U6v"ft}hF(n`^4q
2LNBz:)K(J`=u3+L$4"%AJ;~lNxGt=)<913/9J?=
2fu0QnvfXl*?q{]-'\?UrD~PdMS9Qa0jn{B6Jn9!
3$2.tRs;Chxa6//JYS(-@T.r3{Y)}8&.k5>isQm]
3SR;f"kZjz$OKa;u*$tdFO-i9{:R-N.IhTVAK75N
3mk!q6EW\"#on?@}>`RSQ@Y/auP\w0YE"9>"oyNJ
4#OEJjogW1.<6w D0IB/y0f}$yX[!pl&VT4V*'Wl
4HU@P<0N.e,\mp*WS/!uQg~~LSyr!:j5&hVl'==y
4teiz'>'5yNa'EAW?1C@4U!RUa(]MB/lqwn1<!Lv
4}dc"RQ41dD:p4uWBi:Ofp?\mZ1U!BPZ8Lnz2\a~
5I^^pU8Q2Bq'7hN?4Mk2Ku^!E-6nRw&FhU*`M\# 
5\I]NncX8/.b7,0Bn$:;giM7SOdwnW;Gth/3>#t1
5aC<gfz-l{GIP1Q(&oL(0m$x#[Jz7X(uD1k|Jh'&
5k]E7HROc,$rER].Y8~XP(Z@+'v$ UY<Egg?_T+1
6-O!wl/ t~>\^xD\\<jp$B%B9{{&iZs>V`-uT\1^
6FZAF~axu{VVH@^YT\%kd_T#LoCcf&Z`ilev(.4!
6Z(?98xZ7T-`G11 ZQ5)2a_jv'&bWPX!fLgPkL-N
6o?aX#rbidbhr!/^A6D:PF7H'z;h(](r'ojKXQN1
7*?FXaUK),|HJ6xp*.PZ67^(+WR!WSR/,ZrzR%A,
75O)?Kyxf#( +\SW#DB8*Grh'7tIx;pxh59>3Ejl
78p[.'20^T(GbJZTj"2}80({~3((8(9nn[\WPUw:
8%7hayRlKM"S!RTs5?~8YVG{Kt(&YA\Lhvk`rqJq
8EgNqcSxN-"H&35pGs*ZH:?@(kh*WmB7MY$_B(XX
8G]s[pnbs2Ah7]vme}MKGP42+eCTb*o)N9+R2T;i
8Nz*>Mq##^.|:R6!g8~=O(YYjCc!/w@>w".nLaf>
8drX&;D`kF$`RaYT|LY/1t:8(%~dT"Ts|\*$K~K@
8j"pH>opX*5Dt3'"Ek*cgY i{,hws]LsmobNaS:d
9GuuICz08Y?7Ct;^l|[L/aZs-K]bIB_4}k21t}8b
9j^vU2,qRj\00;1X_qS&nzR BJ8p,"[m;*r7JaPh
9t]#kznONPeVxICNS05&Um!9c0J1'p#HZ%DY!N!v
9|{q2lMuVOP%eVO:&CEP"J?N7S(k"~QkmClU;CHQ
:3?~%d1[#Tqq[9rk@qM`wICE&'}%|^*Xg@,m|Sm;
:Vg{' TW3J~{$N(NcnYf+tT,;6-1Ip[C}3#$P${[
:[t=QR-}~nAN,2e#9WoRst>;QnF*7}=V )j_VG3U
:c3IM!<Y!IEL*s#JhOY20=\Ee.=M*'E?+'L=JY9`
:gPxv-XyOyXg]@DFL7-kleB\0K(pH[B=P?'c,H*4
:gR_5M1U2'qc;rXF}C'-v{e%$ ]64Efl/o#1z)'p
:h{&q~[)blsU0&!(Fv!@'d4~e[2[;!Jp'JL!S !}
;>lz"P8f@T$L?oY|*KfZ.imy(_L^7nPtCjbo1L-8
<1uFZm,2l}Y1~wgyx@pxl8 9c7E84-I A~;')vjF
<<.aQSb@.x0;=:?%UXLW*e22PS/Rs-Igi(:qZA/!
<H9ON~uF@k9>[`ymJ7l*)x JY$L}ZANIW7#c+\=}
<zGYe|5iKIEwI/W*H\5LCsQ"e,w!\H0( v;XFg*)
=(p&Q@FX{"|#Faysy>iwHRynU=?rA)lS.ur~O?JQ
>&^#1J>G;)$pvV1,dT#kl0I@ :IX4:PwJnK7#m0,
>bwb3PFj7W<KpU2mJy1fZLyC;'i<("<SxDp@\A`.
? m8$_N'Q>]X 4{jtd(9e2n4DRv'N\tC1:f} ^N:
?<(pL78HkR*x'P`;}>x>pi\qAZy8l^|Yp*iMzvHv
?M  ?gT>/LjSl;#(+%YP~zAkv6W%$iBgKLt1Sc)W
?\^XME`X&.%N]H<{^G#!PCcV#@V?BD9tK.It(aVI
@A=BM00))%wR}ZV;FV:!DrS%5W[7ub 6F4iqt/#D
@k9])aY$gdN}=yzuf<s"jE2w>qM0XCnEOpL3jzqu
@rdiHcg4Rc]PvR>T"Qnj..jmqNRgCh'mI*0NXm]j
A#V<#nTdR6Zq~sysjcSl$i)R"?gS8W|/UV.L!aor
Ac<?RH)+p.-M|a`hL?UY%e9"[8u0x"'?o1ve*Iqw
Af>\hJ K9Tv/|4O1yY;w^|uB'=sG.qqr A\P8+GL
Ar0za2A~b]qKT1$9*;[6)`@wZ.+X3c\spmaC6uj=
B1N1B@dNHLIlm}yEQ_yk']kPY#JztT3O7';)!oVC
BBH6[&ZP#nzXbnH/?#R\9<(F7up+5Se!>}NwZwr=
BNz]bLUu0)[#CQX4OG1n/!.@Kygatb0c,rhIwx`%
BQI(@@Y{+;b:r3mO.j^:VX$;}4M?G=WbD2FC-}> 
BpVm$S8h'Dj,UV.*YbB8rdOUaomGvvl7W3S0>9~K
C'I`)Nyi,,J )Pr->-Wjn][Ed{iP_X_')`zOR{x=
C-kr)-\Vd%2L=?DC.7Z+~WDL?TpQT\} ZQM_41pW
CGV{3SOKs%d?|wL4$KI^3|>PCb%6lY;=8xm3}gj#
CZy]9S&L5F,[Y4HL2l&Q\zqBzzm7&m@n){K!e$Ih
Cn gS<!1.fefQ:Z@s`',EEG;}(E^{C*_w3e3(v=L
DmAQ#AV@34zZimUW!EWU4(E^tB|Yuw">zH-IuS4k
Dw77$!F0<i~HDktd_s1ot<*(k-a"JxlCP\zLSvb.
E"{nFB73>r[;KM,|w#N%':O/\HdS]>">XkSd8@\H
E*uO!'y2"x_9u|SH%c!h[Sw5Zv3 `O]%<7v2.2g'
E_@WvV}4V'}D!4?~t D<z'>3Ox6|j1hWkFcg1(!-
EpQ^L(%`)C=r4[^gI.eJm[?9k.\wJ|?tE^|{}p<O
F.:Uv-T0?{ W_*Ez?I3Cn%9pa}b}/"QK@(XbKKS2
F//Yj6D_UHUZp[\vMtK];/pE<s/]/ZFAZj$uGb}x
F4[fST__]~6a-(f+fb~sF#g-%Ke^&Wzdy}+,g2@z
F~s.~]D :3gDEeG,B4kNcZz:Z{r1'-5(C)_*&Ywp
GunC:/kXn1Q^0tbn,N] Q/|6jkw#7b,-U[e!R[\z
H(v`39/t3,ixv:j& 0kah|iS~YxbQN}lUA07l;IX
H+F:YWDjXR\rl9hwL8i(P)Z&<Y[nO?w5GjQ|Nh9X
HC+;tk_PAw7K?$hUn;Ei[IR"od90m%v1|!^}1Cv8
HZ;'76vkpdE'RbLrhK!M@B:'/\B%=9v&RT;:b^:\
Hk+/@|WlmSG!]p4H5%_j9Nr8sT\NHIAu["#(yzIU
I cY,*hlj8Xfh,2-TomHn?|Fb=.M#wUYcz$Ns5F9
ITvUP]7<9zl4<wpT1U[ap6"c||o;OV z~#-;8:HJ
Ih3A#^Z5XQj q0VdOdj?aa]89xI[,`|zbeDMJff}
Iz[(}.Px\Gf=c7s6k#^~ XxAUj3egtN6y9:k#'oa
J!3iT}r@hyrx0)1e"aZZD:socp(0m)[6vZsiMX~g
JC^r\0=ah|at|,Yfjk[Q1:SAvG_QC |Xco>[6Qox
JP{-8{5Q#a<eNc%~(@7T47<Fe3k2Z+U8@:q$#m2v
Jr$Vr;R^`(uc*hp$hRMe/'\N-KbG)[gM.-3;V_8i
K#*mUzX3_=njO6w?"!)s0u[~'@7'441/BGXH!/wi
K:UNtqgJuOYyq5BD[cSPYZ3ukDVcVHwabIeGx:Te
KZWj}Y rS*Zfy=hwf$K4m+`FBayx.r2Q3TDLOB~"
L1%ZxciO!DJOe&4m2HMAT42I<@m-8mq-6!{Sgg9C
L4Tnib-f{esB-qyKHdmUYr\}s*dt/l-@UBAlg<-N
L?9'f#[q`"NzDfZ?97;0oxf?%(5ww Znwl/Pie} 
LU'\kS*"TpfWXLt10iD,FX$EWh8B{F`jT7q]J3+p
M <}>A!i~eU=gjQ7*en'3RYJIL3[<y%p``*c*Mg;
N1!c)x-/[w2=|zmMgmA3S<=EPX+39_c$,-Oy&L\p
N}<-]V&tBu[fc}+(?-)Vo-/0AVGx`/x)3za29(KA
P7*,E*WVQt/#b_hG$BHN(]ic&Z=7yH9ZD;C8!Q7r
P7=Sm@;|@CzgUFw+MWDU16l+k)-LeNkdxZy#{3q&
Pg>){0G2_/bYflm/<?rZlSowM^G<anRM%sW~,g(l
Pp*C1eAWwxW) "#'B,5JB-I:o;tlOwkHwD%!z,Zx
Q'\=8;~K700i;LSNy_D;|V!qP}};3g),_ ,}ne-_
Q?}#kc8CtYi3]0FoYW$P0){(m!WcO/'z X0%2}##
QT^^]dw93?$,VgG<M=05"CKah>S_?3z%]ouQ3i-i
Qz~myqTwPFLVci0g_|Tf7Ci3|0LXoX|2V.g~n^%5
R^j_^Zd-*w:X(s~1p~!VD9.VC1iW;1yHS?LJi#U 
S/`<Rc&hqq~F$3Z@Zx^[>-A$@x+8uTi\'{xg8;~C
SCY_w&f&$U"NmraVU;2&D U!|.{\_Ib&a&AB^_1i
Sbj2zd)w~+'(Dz4<Fxb:[99VNdwKPA:[-vtxdNf%
Sg[r~x5" nIuI.[?)/vph^N;s^/52}`wp]38oN/A
Sk\x3*6A7"'_0@:M*Z;.ncqKj|fyVz~Z;4Xhm+jX
T M/rJRH8>\+EV>TjkVJ6NRBj`?%M!=uD+[\q-MW
T!{jlrje?4_kTYocPB`&YFp|kv{6BKa9btSuh?R,
T*2U4i_A'l|owmHor=]t\#B0+(>|J.U!U<Qp>SR!
T;eo^M?i$?Vk_lqfOO8R4KJqo67%)ABQk|8?rrap
Tl(_:f/Q|ZXB^D=h>k>P~$,seAa7dqx9p`o=N[^U
V$t&Egy0~7FQ'^G>CXbrF$&M.7h[ofV|KKLa<!s^
V2=1tkA"yF%/yy<;)'l\S\Z2*a^<Vk?$WX^^ELD!
Vysaj0kc,#vY'e{Z|u?#8~$tDTTJAx`iUw,PEWa 
W!<!xP5)-`Qx#aupcrHcqk'U'91!6[D't/mkOm;J
W/M^-@N9y\+)HShZADWl[meQj:8">k^_ups'P*s>
Wy|!7Gpm#ik!<v0<|F\hFm^|i:IW#}45ZAh-([ei
X\g@54d75]oWO7T/]AU~Jc4U{|UD~/wL70o Ejf5
Y"wu>ZBX"{fBtb\3Xk@B@^IatlQpEEK&qTL~vXp8
Y&[21VD-alx5}3>+FQ8nnQ+48D?V=A*R`]l8lNJC
Y/dJAmqHV:E<s86D0wc~rmS80[*6G^:-W|P6>.)L
YN3L%F=bIUph}W1GUO=T,#fRwKHFF$;9!R"d8b"+
Z1ak?[g3F2~)HQ'c`rS(PzNOI4AwKDDia5-gPZ-/
Z3~cc\XF.|;m#2W`Pi&LQc'{gY%z4WbH7gVa<`2k
Z@_2 w;z(JJRaZx*$<dvj1XWt',MvK,[~BRk;7k+
Z@ch (xX+n]V.PAUt>m,lP<xX)]~wh!Re%/?QsSi
ZMb#loavuFLE(+:r5^}07} fi0pzM`-`[1ZuFhJ<
[(hpA2?ur%i+_&w5nC1]:{Q@6<ljF9y!\!$N,?J1
[F}YO3]<`zne+ xO-^Vf9)-T!t,cNt3KB)?I\,QW
[Lk4#T'N;{IEi&g0gj5lSjPZ4>b5ngm;Iq+Vo9\G
[Tt}1M$uR**(z+;|{?><i11q82da!KS'O[=`E%Kh
[xweK4Ig@NOyDnR-_~,{4-pTp4u7cM8r`\rrSp[.
[z&6RL3GwkqUW|bTHw}nvACqH$?;Uui&:+51%Bu^
\$?BKy|/bUEnUX^aW\n]h0&r"0\` GTUU3K-VR."
\.R+6o8*c"ZvR[&^[g6W5VEX)uw/yDc\L8gwhrM\
]*g?xlnO!|8cw\aEelQcydZUJ:)jGbV@`T(xlpW^
]s(Ej+I/!<wQ'`8r.v#tPaCIiFa3>fV)3F7W5r`y
^!299HVvfT.]fe@.GVH2&pK]g*EeD8l#KjWj<z6y
_(JQmV3jW!O->~]fJM- H)t)o7UB<TMr#{''&`E8
_SB2B(Nz*DXvD*@=$P}f=4=8Xma '{vKb'.AO80>
_^6T\a^a2f6ig[Ea!`(Mzf_?W<0839h>`aB2\-Xv
_yJqQ|fo@eETa"},"c>_%uf=>H#yYd'm6{>l77&}
`D#O)tHwGjY^:1N6mF/u=e, U89_Am7&6mirT-}K
`FkDC9WIxl6+dl*R/QN1g=KmK7S[TwPBaPyrFpO.
`b8Qi/\Ii/34y;09R-5/&i{S#S+u())nBRh~<3.(
`gQrl!rC-c8wAmO/$E>L<xji\PRYgv91BZ>GF-&y
aOASgi\6JE0JAg%z'Cd__=r;nT.yi#H&9mA'k1SH
b c&x5OQE0nKGrgvt;xIR EW`H#ita'O >L"SGq]
bwPV`^KA-_m GBRT!t[>HKQyiB1W6~'3i")xa!qi
b~8!(YL,a;5@AaiD;G!6^<rnE9P4Ip=&^Y5h2L!$
cWqFelUmiE)sjn^<W=B3\o~kh#>a14F9}<w'x(j#
cp6iO.h:p=.!~MP?(JdQYrZp#]*$!=]F|^"i>`@A
cqT?i64Hsu[e\!D9)q[xAn>>vsN[(? v@^;\}fwD
d#i]K&=lo0,*h[O`l5eVU$:r67v j2A2M}}MBSCn
d.3{?0$&q,8lon$IG|RP!3b&VYc"BC:\,~Mi|rWA
d2zAv:mZRSb#T 9u8s6\&h]6N4;3O0EQKZP2`Mj'
dBV#UF{P'~W$k<yqXj##guj?fa+U$MdWxSqpV6A.
dK$%n&JqHTH\t6DYA/ev3}|&"* OE_YLRxbfK}2L
dZ'vp{Qf<}#?z;bUo!/82./Vd{eBm+u#3q@{iF`L
e%AY^5OgE*`dLT:v@>HEluc!4ZHVqT?`@8+A_ufg
e2rlQxi}yo&|S(i9$9 'Q!$vM=C`!`qH;TEjIfgC
em<6pfjVi'o4I8?F0~_n>*yhe>lmyU3`.noI,a!G
er"}8}`lBm$T@J9|}^%lu[F'lrqE1>Y\`45Az#(%
es,wNkTK=0#P9[L*_Ey4AD/k{py549USH:AL<ltS
e|!hiXIZreKB0|SAkLCyhE,v_%M>5sd4)};Fd\L1
fO< qejZGW(@yhv.~Hg`|;)}F\Jc>"it_*6i6|E!
f~zwjrAh:0P[$#BPGY7\*M@S<yxkHeJ=/a#7)<=+
gC+@eo~M;![b4y+61\sKyc&Md[l2|O!0\ E'!~4o
gfK+Fa*wek>(+q)z~G7M#5oON ]2]BhR=X_so3E'
h=|?Jw0v^:b=UgPt%EjBYO>]o]`<$np,g Tt`*jk
hC{ActinI;gF%N5qO"'%94zVq 1>/.s)%qm|fA5x
hR[xCM^P4cwBadWH+:3b?}faq  =y2lP^$H3=Eu?
hTR[SPjotU~".hS]k]Cbh7,P,x9Z"Qv1$N7CDbXc
hro$MA\+7aG_ng}w%"n%CO!*!p9H0it[/?ZH3z$&
h~q#9kyh$ap-qtB4QF;G=UhPU-t1QNc|!hXO3y|3
iGchqR-Vko.+gXE3K'wQw38$+Qsg8Tf}k[)qz)4F
iY{%<H}* peOY>e(z67l]d7bHZ{sG0y&>@t5@pO%
id(TsLIYTA4A2.L,-1Zj0WR'CLl7-f e3bHHQZ1_
j&).Ag||WWC49rjD|`74+)w[&a#|U;qhU"NvSEX2
jV6/7!h*m+)[h#P'XukC1e1Jy;@;={ PoYQLfx{0
jY1mG;A>nH3A;8?~tJ:]x)myEt;>|^t[p.5CkfTr
jjEm`hY_4{+=H)Ze5\;W2s"Uc]jB'(hVR5sV_)>[
k"VarE@(7fL~wYMYaG5QI_oKVT'|&mT:%mp~4ptt
k5>1iCn> +IHB3;*YIP?OVFZmnG6$9K|wR}npv,s
k>^_,l'[l'*>!f#|'=2=yMV#uhhuO\@K)T3PUvzp
kV!iRIdF4XNC>&7j:csW-M<ENu;QWEQU9P[u?QuX
kWK-.to# GRD_;x:N7A{xUN|p1O(Ys&15k;9-b7T
k\U8^#!c<8L~-}'I*'6u>wn^jMgB"*~4s3]@ov6F
lRiUmJGLPWdGlM,"F320AE~|1sDZ6+6k\t53AGux
l]lLOBJ&~.3SLC%5~ HL+K]PY#ewC?EsT0f}70?{
lcGPirhfM%]S~HC.'maxMPg*f?$K[.18),B|Lx^$
m|+6CZiA 5N_KIOLit%Zt.Nz6z:m$y#X"zOnF5I%
n0ExarW|.-;,cO1Tu)=U:,\h~`q#AjN6c3*x^,H1
nADoK_.sm0ti%N174oj@<MpIW[&D#Ar#UQ=^.1mQ
nI`?_S5W)5Q@#(sz#_Y2-P@tU\[2)l|ood+)*+}G
nhu2>{H~S;ESmwifn.&yA@^?:"PldW%.gw[#H!fN
o<e-&k?.=E;yO n9I=JO"EkbfizD5L/Spl_^uRN6
o^RMN29p)PPLl1YNZc+EuYP"m8a|SUjin|{Ej;p}
p1G<$V:aHI%yiSjJ1/{@)>\LzoNy/&e>4{ %%ekw
pZV~@g(F_PadmOJpKh`zbW<]R=$&UEg)fN#)FN"h
pn2n3+aTfRK6;+jmVb&n7M}a:+8ujxKr~I]51#8.
p{Rq?nQ|<L5|$FJ_75i6eZbm#k+N]TX>%39,/"BA
qnzH|PfbN`g>j0w*nqadH_6^%0Ty<TK!!)w`TN|h
r!Ry6l4:[|\M|R']!yhS.{h$_'# vrT\gIJX.$k-
r0@~%Kj2rG~C.O7>d=RQ0DJzH([rrCS|"nTJV6{y
r6*n9=2u69OP&p}^"PlMppg+kSs$c4ue#7kDQM;;
rY/PUnZIzW[:D`1oj`yO"QDH-8;JM}oi<Ug5'Fc/
r`W|Wg5Z<@QyA*miq:Qxb(gJUTzMfG#`"R>G+qEZ
rn^7[$fj3uY<KgK]hEM=~E:|^NM<]dGdvN'D/k_D
s$&T+J"0"uKF/(kg#`ddu>6O.bX+< lZ~`Dh,9:N
s79{N}1)[8@rWv)T+_W]v%`fnd6^l7k ZDZ]_nSz
s=6_ZwzAEgDF$kCOEx7>:2T"yrQFUK=Q3U"Vevhb
sPcxV|ZxuRI{/215e!I:8&4jsU'/`_t[:EQoQC!g
t:0H,*?^l:rH-M6x# iJqjjc3U*4M<y~:Bc^""z8
tI]2~4id0aG3;@1@ 4{Hb%k(gd`Xy'"~Uv  FK,k
tWHe2&@z@q]_?tl'ZppN%N3E]19njc5B)U8i/uSr
t\RN/gw_svgK7e2@}fP;@R+JDuTwa5>s_L5-S#@[
tn/+UHwCXk{Sy%`Rx)k-M1QUnR@|FQ:|o-]%M\2#
tuX*0DpqCXBzgd46Q?SXv"?,l+hPr $0SI]qA!DD
u"iT;m'*zO[`l-/I|t|"B[`^4r$ -%Uh~UDny5@N
u$!rC*/d`Ot=DH[/EW'Q*/Ue8]oUjTA}[Y_a^jMk
u%5|f8SXJ!#g~qrvIl(#-R%vz:}@nO_#|fDri9g1
u<OU,gKxU 8[w3cTwe$Fj'*,Vat<;|Zd9;n>/Yp(
uUI^KUOzG,obZ0bDf2e9n0u:$}i<+r("OP3(iPaT
uYTMlDE"5&U<`4v4?q<*fgr%}QExUJ>Vom'Yj6`q
uuHR9~vy9PstvMk/TI}C>n;Y49bqKe{(FryPm|_d
v,Z"n!w7Tb=c9@@uwPHGIch"AE<BQuPp6Y)"C/g7
vGd<Q*FMv]VV<V$cm4JW{:"+7qAmsQdjqk Fg*0{
vpl:@-(Dn"ZPcz wc!,,5;{~$0\P(e[pqjQ%5FDT
w#`QPqm`:Xlq$Huj,[GJ.uuPOUYsLbi[rN97<Cfe
w:?KW2yHCO:GdxQAZW2v][6vu$z5m25>5?^?2lRx
wGQ/!Yn0f3|WO1H8s[-)*T&a0pxE|lMn4`"m6uvB
x<^(xP9lTB&Rjsbp$!P>O`Shqv\-'\">;f;:%Cw"
xC)-t6aE,/XI3|^\o$sWR4J`A)2|v&}7,!+mJdh'
y927 [nRiYU&[)b~<h-)UeTi-*o28 e0?FS7B%8\
yCO(PctK)SYagY#iz@2iLq$R"wa@i#J?}UMz&tvV
yJht<9+-?ry|ohlT8{a|xR9s:.Mr4f|8l2<@"KaL
z11P gC[DY:FGUvV4+ 5G[88Y7 2HAneV$0wO^4`
z36r#Iko&#t<7U|?w|JH4O2=dCJZN"/1 eE.-]Oi
z4nyuh*h-3pl}r/WJ\`.T';"PD1\$we!y-?X:;jK
z@f(wRuy^WT-BK(QDF!>f!LGj@+x.={O3ZW*;NTe
{_C9O!Ou{+Wa>I_;]-QYz)g>m75povtsR5F$-Yyl
|#om!#u+GSy>uuI;(<YRJ0HarzKn7^veUN.o+N!M
|JmNVD~gh]N<ANG^fi/sSY+\JDB`=,RC/Cp6w>&N
|UK<&h0p-]O&-IoE0nRq-R#`k84nDt;-'2y<>_pW
|c`'5_%h";QK>yI+}cS@PT-4/|rX8[uzO[\D4k_N
|mR7O%-2|2}@)U*xoZKE{HfDu@BS^eE`BrWL02ne
|{|0}ogl}bk$)1pg~-%/qp#zS<CbQ=WV7`PhPJct
},<4.Xljy?0t)R2Z63y..$SJ[L;6=%un8tU({HB)
}E56O5L^78hsGL76SlMGVIUNgb2y6p+nDTn3~#Bp
}Sypp3vC\)93%zD"Q=Gj-wU=-Dxohn#$\Pmrcmx2
}_~*"I"2s0qh+Tb]e6fa2L(%.T8_.#GBtL56 CC{
}fM#tBw1Bff*K0j?M`urvvl!J>vJAed!#r&~$o+"
}g]:Dgb<,ziA7\}WGC.3)w_= s<1s|Ln:XZ:kTS/
}ku91s(\yf!$M8g=5n$~'%ARyp.:b[bc{>oP4`{|
~ Ug;l2e`YP![,Km%d/B,RhfBmo=M69@!c3WcoY-
~>;2I;vIX*7=Nmw`PBwieK#ZLVb%fAghF!~i%aZ1
~Z#8g29)W73G2Ian&0w#`u${oLhZnG07KjAj|25&
