80
 ?=g>o8?sz+_:q[_*_Ry'K=;6spA$;2ZOpEd;gi(bxSCj1Ecok>O&KXf^%MN<DyQ7m 6%EinvAiDYbHI
!"fT\%U>Q~;q+Rh]rhBq^1wE4l{%vov!/Ofqd"Bv`LC6{nRTnkLHX{R$nuNwi_ZZK4W9i(AEf=.sTSf|
!(!bOe+KEkN![j<^XT!_?[o,v2|Ma}vM;\W/trvu_ERR9PsM~w8Dk4cqkKt@DtdL&gX|lMg@8d:1=8N\
!x5J,^4"i3o-t>%fXumgaItuOc\lt%T/'FQJTY`h';IP=XMdmgJwLqQw94DPh%+},4Qbu)d-?rp;n%qm
"\wYZ7T_=0Biq-V.y#,7D79BJ**'yLm2PU5Wl~U:Cs}X5=Xd\,F&Ag\#l_Cz*mf=//qIMY'\n{(#-|GA
"^'7)WsaRR@~[:l>(hoNfJ&0`b,5<l:~09c1ZFu1%6c|%VLEj(/-A'i}k3+@C9(/I[vT&zf<V/d:'4RQ
"ejP;IK {R>rlg3\&wN*=X%09%Qd~aXO<Ye|$<3.3OWJ&#n.Xk`MbxF(pS+)x$#g$0 N_-8+MU.JBQS9
#;5sM'@9"h%i`n_Ca:Zs>V:Wvqm0-KffhW]3YU{:G-#fP -`4="evr:qavSo,9&e$.kx=-]@mti*55C7
#KYk8K!34~niy~`9@3>w<%Yd;\xFTtVTh02~bi{'O}u,`JHlU}L\D97#GfKXxhr4g#F(D$p|LC&MCD~k
#R.c,Dtq,JD=l1z";tz=/MLq!)Uu4w7,~S)=IA*5yh}BWvz?Si//2_L&a*h2MM92V_\M*mShBsktv[;]
$)t=p$RR!WU2{e@6vyM(L|8|~.G.b(/M:HZHCYzN>(%xw]G@>6DB"t,Bgu #G w9&WqmrY&`*/4to19`
$;G|.z>Z&qZ$@dQ*\R'[mnEV2epiS1Jzb!|rJ=dBol%!?-i&yJ1)BE%6h4/>P@"/U]Q<ZSG!1A~Jp%zM
$Wcp>s75OchJ`R0fX5=k+f=kGc%!5D7i}~@Q#bpy{17/D~,`5@IA2Z6,(OndB*'v:e/~<TLD]WK6-;G(
%GXK"%kLH~%>A>adBe7Y8Kh7u`J*Bo@AY(7,[L50*QI[$rWrsv2rO).l$i)cQ([3fEU"EYXyzF*Ufu)k
%gX]!4{ t$6A'/OlImR[C:Ig{`a['}0A +mt^66Iu$mS-"94aAmIBL-nlR<kS=*_DFgQ[oKlr*/XP8v~
&N<+j!bHRrmVj2<4f&'7k\OtJeS ~0~+87%hs^W:m4a&.LE18=N_p]Q.fx SsK`Z8Q[U"844^8G+r7eA
&WOMc[P*k-]t@47;=4|['nD>y9g^2)wGugy$:pi1_Fp'9=63A|8)eK53O!.`[/^Brr(-"perS;mu)>I2
&iyI ;,n"Z\MPO4_{YJAw^H `fv\?2TFu:rl({|b0]8qk8cuy:7_k:f1fj4]<NPFx[t8B:~.= }nQ[uO
'1z;@L>@6enSFMVa$V7>^dqBJ~\U~(-96"aR)5&<<>c.HFm^XwIV589eApbUrc(xk~a$D}o94g=&y@0f
'2c(.1"IN;f[tB(8ys{kG,Z[{ml%!KO*:3,z<V Ws=MgP^U%i_-&!4wK^KD.UVSQl=7qA,m/g!f{hQqC
'\K{ON_=J[zo$T5e37ql<uOaMTUur[)M+wr0h{XR$q2XKjFHB?,9/3J^w%R5UyNp^^~3!qQyEHmkvL)\
'~K9Fl\#T2\~Y+jVO9W0e&/?O5\Y'fw[IZ/3wR?dG=m*7!'H~%M|Xv1Rj 9(Pi[&WkrAClB}cI9d+~,-
(%u3xZ:Fkmx&$s&U'd,h,j><{Pq-S{1LVPpZ5oB:lGUwLby"VAv<`E3:VpX4@<l\ 7mM|86ZQZvi$V[a
(4fc6=ZTu3$cm^Ja"cmKk+00EVuXrH[vXF@:}?(O<} QP`Nl3+>=$=UU|^x6tTibp}9>oJxs+V'T]N>'
)7LJd2$^OJOc4Bu-r,](IA3d4NdF^[4tRvM7A35f%GK76 xyP-.XF8G#tTr"+\q:}~'(lMJb<B!(>^u9
)Rf2FvPU.Nu~0&-O~L]E3M%B[nRPV]:uT>)}NKM)}RYk6m"2f(0TR2IB@P9cY*k![L*0yNp[w>II7>kK
)cABNJ3ZF4F1hJk9<mZk2I#Wtz6&D"+kq*VQdqX^[*N;z=66'E :mA5]89IMq~.GcVm5W-@d%f[$[8vt
)ioM{Vh}yp4Xi{uJlT`rGA>_g?:QbESI5V.Lrb~]Cg/6Pj6z$/Vfg!mp0Sd)-s2Pl7--ZC4RQt/|>A|u
*!\=nJY8G56g[U7iK~:$-_^Xl5n U_fQ}< 6!Z!1Wc,>.aCG{\"nTL+/<YnCf4ibeD`W+!A4:%QQBYg,
*,=4]Pe7W!LlwE7pqirY+N%Dm}`OoLwEu]VG#RgzH(<6 ;)x9Y>5ko`Y0e',(BsO}w6""bV<Tln.E(?X
*;ix>^kz/i}bq6t]U0^fc5G]fL/^IpZbo2*VN$P+7#^yBUPYTW{d.\"begm.tS'd%)}f/rO(/KP7c16>
*M/",u'Z]f)py6koe5j9Wwp|q@pBFn@r|iY|E{88WMmJ+c9>f!KbQ)@\|r'=u8):Wapp%U:0%#Bp{$1E
*Qw-g%Mf0zx_bI=>] z[G:u"Zp4s/xV&9U[aw*UYO14GfN&\c.<oscbE3uSo0\,bkdPaW_LuK6X"#!aG
*`#'O&p9M~Px1:-l3<ml=M?*bTQ3.(fPPqA<HwX4~.93MlOSj3aNu?]+u<gY3+dJu0D TmPIi#}qalnZ
*l& t{eX(r5- r/jrQ+.vs^x-tSw.j|u\[Jj'RmZy/<FB=u$Gb-OLtN@M/CUGo:#FMxftE=Rw{0nljkZ
+-W}?^^,8{wOO#>K m/B}Oy)r&X?7f!iD6=U>C>}N)//vs+V9yo^vK*H$j"?roPF84xB0r {qSzwrR6T
+1wp^Ts81@A4{]U0t_H@tedQ+ Ozm\QCUJL35$xa9`2ad%u|[ZhEOSAc3/V6mq{OgW@T if ~I[+2G1E
+AC*'7@.IW%(&&2iM&>a15F6`zs3HX|Yg5oFta&xw +c!N?M{g+`~g.k1'c`z3{C<84Z<h}o&<+7&NK(
+Ig:*4[5.To$WIWA5N8m+AYpx 8N$Z.v50_Gric?;=#Mu!,xU_R}lcOSfx|U.qi;56/O*exzK<JMR,TX
+Ws 1LSg!_[W^#v}uP,,t$bp~$cc@gg2h6Q^~OOd$fMp^ZN+iU=<4st,Iu4CBH_J0Zb7kKu3o(%jO|S,
+z0z!C"/(MG:?6_S(R]p<C(?l)MMr|j IOrba0VHJek>mkUiU|lAZy.a9$|3/c`-ByL$.OTb]n/s{VRf
,DZ&,vD=a,_WE$Ja7x{qaLx,&y"l3&\GGD@RE&k#y;"S}FY9VUP2S>|pI_Y`LzH3KM5YzsQ3;'<ceBNv
,abctMvm%T?Ls)Tl,%@2l1}8S{.-cxVn\`Jn\~b\C~Z(h&'gIZRke#rOBo9&kt-y^?li<;(n<G&.5!t<
,c6%gSbV$p`4/$%6pa7m<I\rg0adn^+Mpw"UTpK3a2_@=A#RHsD{N1>oboGWdzAEdFK/pl2b7cPCF5-+
-7+ $lAjahFspQcLA>3koC8$P=GD;n\"+(+BY]p%q}Q#aF=^f;IW#kjp2$ff,NX"ww~)B7|xHq4ght9N
-=P>6wnFd{Ii\uwPM*/(Ah\A8D,!@0q|)P+)62F}2me%!)!'/JwbGUg$5up(1/-C+OY<t(<)#t-B' y+
-^v 0N/.r^|tvTOanbI4.#H>DDHAACNX%x<Q]}(W<K>zte^u~zMt.?hzEDrjd-;4r)?Z-Vsh2Q_^h,3T
.8R`M4HZ)&~@#c[PD76;-]~yhc68jO2;9Kz@TB=Deo J';#` =uVUel*i,6Zn<VN||nzf\a"\YQ\N x=
.=lt'(?hyc17J&~:d!*f`3z<kR'|'5<jU^hn)A=\(|#eP6&W57#^vU{A@[)cCS;I24\bj+;XLB[K*%Sf
/<2Je#x$JJ@Ag}41~S^rt,bm'V[*sbXkGka^iAW+VJ;*Lf7NX79U&$f"Hl]fqS~n)@0Nt+RCpE~d&C',
/@8NI_5ssoe"=2f]A1Tb9-)lDp`})<1sel=b-w7!*-%P&bv9l}|9HHQ\[I~[YWmU28<K33G U=hRh/pF
/Gtii |fiH!Epvqb4:=SP)JkX7A!F9q"!}b;0rXnF%F!=t1u6CPOa@v|H&yf;caAE@@GJW4rMLDDFbW|
/N 9Kc=/98$#eX1 8)8 zYX!cU'0|xK#$tDIh\R~,he:w1, 0OwV$a+MplONa%4SMswxacpPm0'YP&i;
/Ti[~OG+u25ArcK8]T{$j8>8%ma]7\>06i'\gCj]6vlBA[8>XVtoa]Jn>BrQ9eH4DO0ZTGP>O5Hjtx5A
/U{lEg_4RH%zry>R}t<*V0lWdMB5gSZ0IYd3!M~BwuY5Dq6Iq])Ut3&yp}y8m|W:2@v|V<"]Z],K1!/J
0w-\'3-\HMSm^E!U{!g{$f0,*BQvh|`^O$]s;s#/[|}d<|5u-HS!U  j.Po43,Fd}L 4yu%.j@=*9h-1
2"]~qS*)/oVvQ@Z_X1iDx#Mp>G>Ut^*`2A)c~#( l&E-{oY\Ax/s=b$>_+zy1$U*zg>~HAHD>~p/%tF3
2+?GL^3R&05og%pUd<\T6qK9GPIzJxvnMcmKGA+Cb;=8!E5M/<Q%|]LTr&rk=wm7FY`V#]y`/EI@a5:/
2D6DiT:Cf;q[PUq`KNdgk*IC,'k0j&h4gR.UByR#:e<l%^Q69Q.(a1LC,P'k)XUfrV+)8o@,.N2zi|kt
2z":k T<ahMztFg"V!a=_[pZJzycP%_sU[7.S.{^ ~vx#mn&`s2iD/j5bt:%CM4]J'J3HVTCk0U:!I`G
3Hkqjf:a\5C{zpi3$NF/ib{sS+YjQsil!xtS![c!]G28JJyQ[N!N)u2+z<jAc}IU7V{oQt)KHVufwZ*o
3N9{m<N,,ZjVI&!@yW(fPkAMEb;m :C?FCY=0ZFu^D<cEx!)Gw9k^(,x-Q{st-^:afP)Ky;<`Kzg^zw>
3T}Z@NpUN)O-1Oab=2K),iI9XxPAkA!VGF<\Y _%j^AH`T^5mNh^f9v<6eRg9ToQ0B.y8wc;q5$PSrlq
4+];p{<2.r;^*d#]HP}O[3m?puyx _O"Y_Z^&s2&cMf"XU3Rt3>iB\f?Y3XZK/dcpExi.lsXcUO[0qnJ
4X9$/aKv8(_N*BhocrTqB^IK#7pOb+1<mUfX]aK^y@i)``_t8E=)g!5so*4)/`0;x=tke60c+0,`;no,
4|WNBA2t2T%?3z*ZyUR$4Iy3/yY=bt73NI9[_imoyE`Mn(,+[t{ZyXPwHLTK(n6d/l;8P5`z3>stBXuR
54-!qbgya$Mz+ciBZ1)LwWc7ZKkk+z.#mdGBVW^ YH\4MT~V%C0(%_G!!jZ^hj-<c^qUi6ZfZM~1'\6M
5K|?nEMB`5l~iq&>X<2I+wu~Jn3%B)Y*>Whct#_<f>zn 6IJ{IgT)j`i-'}5a"47uP}7xrtB>^1)Q0.d
5S3||\,`7-saoBw,nF/h>l-8ml,046|\?682qZb-DfiD2y2:!6Uk}:7n,`/xjg|qZpA={1[J5Q"16.(W
5|jJ|36+bS/TY3x#*1gWa1q`aSxr_yH1xd&$06td-74E,4LXDuw!Y;b(&=wq/jz7,L#vw!.J#q5+uEWg
6 e)(\HUApUp"4eBW(BTV^r-viaI]~~=Boh%ez1]{G'e=np"D`pK_j5,c @gocRja.=R\Wb"#=o4C@0k
6/w,[Yk2W=du1s&@4:NfAF$W'}w1`j`M#<{P1JO6^l),]tQtrW:rp8Ovv9'tOXSEG?K|[TLKEaj8\/$J
64:#Os;apK1,+XY}E%:Z5_:>y41^`ZC%kH@{wb`hQB\#$e&Or3t|%:omYM)f%3g?RJylrKI\[<t*#xFN
68ko8+TF633)#kl.\%KM@J]|%>v1>acM`7APY%6b~UQ71>(SGyKlNVR=<t6vX6jT0g,fk4cZ-peUt{k!
6b2`~RJRY5;p]bhuzRlQ|eca-]-g/S'Za'hoX{hO/i3"MbM=pJY-?[Z`JVSe*{arqkKZV=trtAg{5A.$
6}A6PGv[`F:4-fm-26=,?Tr0^*,gceiqV\QXqv2:JvBP2S{>ktG]fP^DNFo7j[Y_sNwa1WQ6Oq[s6:#^
7"5ebd3]@5aW|:#'H5~.}_t||t?O*ktEy_^'@(jO(}9Qi4wr5#w-ETd }BxUe`2,!9;U,YX+Gt_RDU:Q
75m-lKMc&nHt?~p<L0*+79l:@?je<n`F2R]e'4)'XI9:bFN(>q`|9~`uQS60=*a@ lV0RvCClZLe!@&[
7:UR3i$VO8kDOa6!"noDYYlSM"c}T/\DrUA9p4Re'FdMRqhFpe)Sm\VCpf"  }0ccwb4-am` }+L"o6m
7>>,).h*\Q_moAK'#65]Gn-+~6.rj!7+m%7BQffGd=dB#4Tc@[-0Ea"B5Kir}70?)%PYvU&+bY|-K^}j
7HJUCKz_/BRGjE|hFEzCU?9[iY.fRAP:vPo4mp%?dF~&Y:V;XG6"|d"LBu^%0RxIFn%y"y]a>by?sAp7
7rL|xjug1i*)4=5R6vSo8bFfb\1tO78#BPJ/l_>w/w ;9nD}+t2;rrhu@FL=]Tw2\'0BW*Y$lfwvRfG 
8L$VYkP]5f/H])9-YfU~J?S2"wz\Rk^s%T*WW`I[wz}'%6H5W2J{M|'yh+S'U:&zMvQL\=]>my).#S9i
8|Y-aF:.%ZOP#IZF.8gNGx%!wB2XB;R3w<_)L<xN{3IGOI :'U9q^"2*~3p"qgwN-kfPl>n)TPi2KBBE
9#wy_j\$^3VxZ8J0B}}W'dfp/zRb"`^Np&++dz~='*7++Wp\zJV?KzaA":IKvDm "#$G#NKXA*`[8v%a
91N^2VKh.Ld+0Iq~W5Ga3>R(ZY%r)qm9mb@?.tX&SIlXJ)Eq/0K1FR7^IU'oe21~pHfVGcRy^PFClKv%
9QIVoNH>-#idYIR%EnGTB9#dN 4'enLs7Oc,b5I G)Y$ZEI(zJA\NGO:co@XQ8F<p40%H>Sh*>\?SA5`
9S?+D0G<h<nzC-${|-Otuzf!v,X"_,N2Bb}B?Iq>d+wH[+%6-zQ?>lnnZ'N%"q;Ea^$z.ac_91mYhB)M
9ZcY.(v,fk|%CIK<.9[ts@x{k+%Io&d(RJkN=:o"+*6F$WRn8DU)R|f;]Y(AP;enFQ=p4 ~Z@Ee\"E_}
:2RhtR)dC>(fu}+nqld'QgQ>qGQhwn(sBdv?!aU<uhzJ][/ENZX_%jJs;swiR~rq%[R8Y%?i&P,)';Hh
:p\^5#QZfRPE;KterpcgT<;FhRW'T]EAk2q#%A*!l/kf<CJt"Qz/E!?%\3v_a?mFh4I%wTXV5bZ=(1*@
;?.o;u"s3|@8/5s"cvIIN02D_qWsNx.-!H$AGB*4Y8[=dBk7:>vpgX Sz:b|WDAl]<=al'@o;'>|DAqn
;E6UK.v$YlKT^=Xg!I&3"s1_ChYB>Gh/#"/f3[+tQF`]5W?"f.8}D.?tb0R55-;{c;U~#?icZr!~BpaP
;XtCN/@w&iLS;wa(.M6BCN/xbPUd1;C>w524AHcY:*vqO~T\N<kh!($w|n>Ac2:~0A&w(Anazh9L|Pju
;]9FU7p|Cu)C!jFDBjKM1-d(|gF\k_;}XGx5fWMLa|]V2,F[@Z/dRQrL[Zm"}UsXNvHPF#ypmj8.xg(?
;qz/GjL}QC[ZQM/UNEo.e@+3TXE!@44`:QG74\~"14KXbR auh?dw<nZ+%OTT,M9v::$=tQp_P(>]@;\
<-1deDIPaREWi"#nq=s{a'!.kr4h&"s:HQ6Wt1b /c)qJ9w/@G=O4FO_$5[\;dX7MFyp,*Sl2y4nU<=P
<n'rD7}4C>Y.BsUr-30ek/{%\Eg_m6qzM`wR`!s^avab+9+Qi/^[HrGwi_:8%}=*sUOn}&OjZ~I!vd[(
<qn+^V,DWJW14YKZoSH'6=*4;SjBJa#{T'W_X){VWFdt`bXh0ji*N21|C0@Z]?s7VMaa]0He /26> }0
=(yawFMf'+&S/PC\7:l0@|,H<H(3@2<F#MgL=TLyU`"Gg$aXG)DvW*As}5;,YdtXu8R?hLDyz.Ed.M}!
=-.3Go{T:L0zU[}OxM<eZ;?Q?X"'y&|Xu_H9h{AH&xx#*aVYxNQOS_%t5VX;-hBjJq"xdI>wSr2~L$%w
=XB7}/&]0+~%)'BzE7G-m3e];I|7?u;1H^-9aYw(v*>L$IK+g&Fx:M?7AM!}}ac{Co&nc7W"[WAk-E>D
=wx\.RYLI*7P@.dC3P}eq(GrTy*Y{S+ 7D9~[h`Y<qLV%Y4epa_[~<)ApyX, L;rzvyj~(;S=*?v+,K_
?&alZ5w&@>{hX-|-UGR$nm%D#6T4ubmvTHE/buLkCinX?z_72X1fhV/0"<N?o!W(C~*w>"P?"<t;t1lW
?yVd.w>&d(7R)Qb_>p01uA6Kqe##OqcZU08}_~D}lbrkFc~ 4(&{)0s0)7QwV^_6b;O[GpxE.ODpq!{s
@ ,p?Uo$"^PyPof#e$.-iJM\~C&=$n4ETbW#~xexZ_u_cyfI;RiepF34(Ch'g%!iy.Luh=tNJ}5jTKT>
@+9F[mlHA6qg+eW4/`X`%r(1}.sPdwijccRPd@|ZVhX*4 %*Q,R~9dFrf;O$2k*y:;7^*"2'G<A55SBv
@RxW!P}xauLQ0rYmwlrnm%Dsfq%iE,'Oni9~8^n 5~{y`fYY}>zC";,n4J;$hdV#`>]6v#T hlu][r#Z
@_h!g%V!-!N 9/<&06D"FbMmoj DHBUn732.A^6Zpw%(\,"Q7.E3lN1o"pK%Kd EbpYXpxs>Z5Mkzvua
@y'z[z8CiL\fo3\XCZbCdwDY7mC0*&m)D|^3W1J3>HE.3VCuh*l-Vxm!EDfaewHU?nRyI>M]$fQ]OI7$
A,,VC**+fA*O~{l6nuXF{hjaz~|$iH Xy`hrJjeZx?b5'R}t4,.bK/:K{wgST~rD-ZU/wf3DeYsv{gB@
A|g{{DnGgxG&1k\3l6YT&PBxKlbyGXLCEPOa("m<!gU_[&W;!!?w~H0$@]'Dv(6`$IzQVnjc$u#MP8!m
B"SKuX[2R~X5&FN;*OymCTl8"Zc#>LiVq.43=y"+7> :Ly!,?7[`A$6wXjD<K$GF^\Ca*)V&-K0'*_Il
C07O*z0H?ph)zD5og.BQ0OSgZ3|.jlq:<os_#j(PT7nF/+Q3DfDl/"#\XtZ}2{WDu5Pjot}DFtVguZW)
C6;wS88"a(2@j8T;Qwde07r8e5:pLE1$3cFOEY;OJZF%O-e.(3F[s~]%zm-B>tv,]s^QW3|JI-8~q]dc
C:;#xO%=;RkS%y[|CUZW8I{oSfBns,lO8>>Pt"d(DfO]r1y]o,ZQ(rbjZiY"Tr!w<}t@`I^2Lp@<'oly
Ckg(Ra|jIp#<>"J21v!n(e` i)nfjc\Z\8Na)8dd;P<h5{6oK@VBON)$:B_RY{D6)z?b_&f/j#@A4GD3
DQn']T(`Q|=qY4rwqXb)1EyJ0qD|>[_dv~w[Yr?(z=UKH[=/;sQ<3*=*]ENaSu}MX6}S`~cyN!x-kZ^N
Dv-Go=.@AU&As";)E"e0#m7Bo^M5<#'R#j'/LB6.L$stZDI^)zOq7<s`wpxfFASp0|I0h, ?<-8fh|N#
E`Tl0(u'DBqyeRen.N`<Ob;CQF[N5j{r^C2j<aMlySN=Gic6Ttp RU6NzZ1"6KKYxE]b=Ht_}(dP}l;u
Ea?~><+g$:TV/.7dQ9QI4GFVIi%7QfU%>WvQ>ejR)"x#;D<HFMm_?w^+BNBbi:J:bgD`KL,^Z/CHqCGp
EnNnP&!8lJ9}i:nD,[6>w}5'zCqW8zk4_j[0(#k%%P8a'>BvN35.N6EMK]8Q`:pWK7W6.[p43ec`%L&q
Etc2vdv]f2{;MrLn@"{0@Wt=3H(I,Y6hn'KQ9H"S*:p7Y%JqsuW+sI"7%pJi36ZcL~-)Cb#u2AcJR:{S
F.|8us_8c7!5dLyQp;.1\V#VU;s.j?jbxN(e*4Ih\a@I)~Gmd}!l{4B'5i%'_1IL9C)"Atm@Sk!Uw8Ea
Fnqn?kH>ds&?MW5\8?_Z**6Y5aGaKi(R%(t6[N_HvJYWc%/B8Cy<C:{jH_%VjZ-\"j)p53Mj!un-QE7}
G#p-6ia*_j|W>N;"{kbk:eaz6MI3$8;[K]cN1_wwK[>_Y)f~[{ WXS&08r,>7YYJ@Co3]8VFIbH#!p%9
G2k5Ry:(*mK6k_0-gRN2C9s}aHJ**zNJSM[3}hHn1}5ev$jMT^}19>}AYIY@EQ6yU;_%Do8Hu./Ln|+z
GLCf6wz7z-rMZ~j k+goVZX xhgZrUY/lx[KxO"IS9ex8^$<|3$MEw7#?<^Hl9UgZj=DQ4|`/~c:l};n
G\<'sI~w+S{fXh*4B|z*-Q~4K#lYz|?<~2K4NQ`H7gn~K:seE8U]c_v?",v8bwutT:4)7flkas" Zd~F
H?F_#rId<;)=]"5LDM$)zcko1-f\$SePCCaptH)EKK\"(%knszCkX UAk%o0EpX{k7JBOWs^J*w&kZ0c
H@b)I=]s}rNBfloDs7xW{);pW.\.W+ 3J-zD?Bj9vm8JJfk4;O{OO^%[[=t'\W1%n/,<C2^dgs1]i9s~
HThvAslsO8q*-dw?7"/)*@:vqYTJZ+$4b;1o}WNZ]7rS=|<woSt(M%n*|7t}1R{j'0*wPCwAdK7'&Ph 
Hf8 II>1WX#+Bfz1uB,fA>jbU#%e^{V()3Q2D4.;K$D\hF6&n30whpWk5&N$ZflEWk$grscP&9WX&($a
HjOzM.]c+!GP#Ow09czTX[:5l,T`kY>LJ;Y!`6rN3x3WbG{)EZL%8r{81cLVzfh\NB.u(h!J@~;sWZ%+
HoZpah4oYE3Wh!8{m?*G:0 k[W!&m9y!WivFHe!)V#SAO^mlMpvGV2wWo7Hsgc&^Mj^L@f`^9<NpaB7G
I)@$pca4H#X=<_V"bZh5]rY0;Sl5:iTlO|X080vdn+evX0U}pVL?.1G{S-ji/0t)Ht>!jfX# q=~+}LG
I*nZ2fTRYT.s=)zjO5UU)gE,~w;Sb7b;AbD~)U!pyXA(tEw3*;B__kLPV[PD>:%wX,@N.'A?uQnLj*Sa
I<I<XC8SUljVVxBe0U4ty45dHN9V7~sD6j)1c==g)'R38m"JeDo0]r%0T{Mp3Did7LYi'Y;Caly|;*,D
IC)%&\IW`YjPgNS4.=OC5{7G0~\clAv*_DhM7Q="ima/6DBLH*I6V^~=|JFdKGR$ap>W=Jp@bybKSB27
I][PEqKK1(w0*Wd5iEElxA@`'$)JEHu*O8Z0de5+7:@~ YZPn<aXV)Wm(h__Ai2Q(Fvv)E%*-UU 0,zo
I^_GHX]$g9lnlBS|8P8>\(l($`<$]C3%8^X]n quc^9Ee!8B5lsJE\A8<^2Z'3L|$mr$MNE5i,sEXZ=}
Im<>v/^p8sTKyn'-k#wp;'!a3(tUIMKm|#T9MrMs/ORDZ<qy.a{G}bMLNe8$ZCK<ygZ_e!V5nc8C'1e1
In3L)IjH/rq+77xv*7[UDq~L_6b )RV&l[@\aycp8b'?gzr}ij;k<Up& #L+_8eQ4Y[e9L?6^Q{_*#. 
J m6W`Iu'"}I1mZbV!u%HiBD8<Ve&HyPEw*l]Yd0'V/MXGk0(FYVa@Ot 8Bh}:7w?~{"8O=T$Tm"0`@T
J'Z_YYpgSN6'*7)=3.S'U0O;9kSG]gJ05czf&pO,[\O[v},0Y]-G8zp*5;|x9;o%|C3#)"<)vPA>o3ff
JsKHvT4yfzBPHy)dg'WHr ] 4mz8qaScC?3L5eHtLz[]U,0(j<1fs4dWw3T#O4tUz[D'ybj-XQCU_k^!
K%WP:|'$\BA-k:k>%P>9/oN3-RRbFSv^c'\rWDa#s}U1~rHXQpJ1}9hWGV~PQrJ1/5E:zLkgtp.wxKQ^
KV'Q{aQQdATMkxr-I2F^+/O~"n_G?&'n;aD=wE#)Eg!{iqNzp535o:V_p[wESMp|yNNu.FF7Hhmrqq"T
Kr5ot Map8EBhM#J&X0v5yikqe{a?;5RtXk#OY;'Q8us733e!)"Y,f}j_`!FRV$\?q#J/G)5ps$n.zk.
K}TkAUs^; :YJcIHQei\=\u,<B"i-)]6@ujs{&:]skL>5'!`qt_K38/X,L HW]WPL/> gG/eN]iq-E,]
L%W'[%?m296&VJHfcb{G32W7^D1:wyNvA73By3nZY\4S4Ph~%U#PIKc=_o066FODc6TDHJut62^kFuV'
LM&?nfY}'o4)]V3<.Zc+7RTC a_cK`|K;;oWS|P7U0nw06B"TfaI3QQ3g8uL3l}7@^ubkVdt`Z>_Xw :
M!{=4k-{eKuh:]:j/_.EB^@]{T~k3|0#2;hlEU4AM%"i7z*_`@sq4#(Id1bB<^OMg+ZM"Yd+(]Sf7[4F
NS#diQBNV1QVkVv9x$6@\kv5_wUP->j64}K/@""ck7C4MMB@m]%ZVlYd4 I1^/)EsGXR{LO(-M=cEGxm
Nm<M1[PuuZhqn1''($\vy&VaNGj[B~9H{,q7z-(g9Cmkspby<<P.V,)dF{eH}`b:`|g=o&JTV3?}94HB
N} meYswuVxL>KkC1$r?J;<oF"N>N+5ly1]z'4gE4jJ#V3y5SA7=~cL*C)dt63(|(!RUnjdUF0%\l?@h
O+NwiA;=5gL0<eQ<b^9{u1$>Wl|*#AVqz/n\`R/rX>Dc[z$(3$t&?5sAM;NqX~?Lr&Y!1g3>dcB8'PVk
O1WDs*0cyk7f%'rTJ,3hASX3!>1Jenrk6}.w(E5O|^m Ir`s1U'dTeMeZB9L0i<Zz.ae;5Hoi&^lp_(K
OFkt01>qvqey&b+uAA%*:t1<_&ElDHxf3HZRl8Z[(PZj@PA4xQ&j[So_Ym).^Bm~4q??gMk`n<^36KDJ
OI5}MH1V XbV1u$gee5o96SBfRbSpJ][wpzV#&@mSeztck}"C&'4 STRNwDmlL}qd.2\+TO']&]5]g7m
OnNukgTF#!)X>WH hqX]{q_NIFMEznSe/{iJ>0o4^6mOeQpv}j%a}KDM@m<8iBcqY>"g,:,>1!J9fv~[
P%8'(7py`(0+POVzMY)#?.~druN,NN,{UIY2sc6ohpM7Teh}LMe:1T-66vu%z7c2-P(D0WC.<SA7ao-b
P8iB`QvRE:~Q&GVoie$9!U5RCE;BU3QU w#K$=l:4t7w~4qpj|Ybg<AN^I(HOGbVZun4 c\=hKXGZ_o?
PQWU90T#x~pP(;cmOI}7'_Ksm0#O96,Z"7:^&X9P4 O(k2yTFsO&:w2X`I]fNmdhl'Swxdhz]GuC>tIj
Q6](U89s|FG6Xw?_WF.%Z;k(e|.c}x+3$9GC')&*G&aApMKv?_$P'TCsP}8:K={~3X]5d}|0R9+)h#fQ
Q?%rPqNroT8xl%YdNAeI?H;-,s3gC&2NZ$EdTo{Q3wToojYkCfCClm$)XOTYDN!jGvU!Jz}!xku?GeFv
Q@)iX1G_&~OvxF3PsRZY-lnj`aCa_p\*Tr2oz*TF$C${3E^Azr2pZ9gUpQ/WK,.m;jy>/3=h8G8^emWH
QWrOjMl%98Df#Fi\"aK!0R+?q#|20;a83R|:Hy12l8FEo]ol"f1=V7aQAzIhN?@rG*"3!qgGO/;?Bf:!
R&"l\rvZD"{_7;)y<-I[4\3}%OT%nACj_7@yV\T}*=)p1W&X>>;d5Z;%2^\3P2@ 1wt!v2QLSa.j5DS6
R*?}l?;m2R=u_~8w) UHvH>p$UiGqim?4oXJb.2y&5VUP&LJAA=X[ms.y:U}(9f<]YL,QZr;6E8hNRe+
RJud<<c+KY_%DfJd"=kn-'aV<$dY2d_Il:xI*>!3)Wqjm02byd!F5^@Q3*aoDJa2/tAxa&>%NFE&H$[p
RbTm MM6>p:,HbbLHL;R)68=rNAO7'Q*gYy"2H.[GtM7B`45sL^RD5t}fa0GH8Y"5f?N+nfzro\hHFdR
Rl5tZ#auod[y8YkTDTy.\+`[XtGro#$/o8SKrUq..`L"bl=1y0ZFH/c5|Db{"2o1gnwR|x4q*9jVh4)Q
S%*gB2;m#t8qV<DNGx) BHj0hvKV9D%ZU=?+kOuBTmBs+*dR,FmSr-3Cp;u0:u8#tUz3CdGU#h#`Cz53
S/"W~i/kk?QB2Do~- ;0Q$1-Ya*<$~a.x%FV6A$\wyUC^7VUpK"LY |h?P c+&$K{X}.wMbb$.H8SFmU
SA&@mkb'<x=.<->`YH%B:c3u)n=liuEhX8LQPo6IGER)(!hkX\Co%%13+),YO`\%A[KRc31S~"b`yPp*
SPU=To@gF`y[p9B{U,:A|}']6M%0xoW8X>9X5g3!!K@/tko>R&eZI&`2=PGngxb3Z@?bBZx*>V[~bapE
SWO:.K~-.`7ktAO3SdNo)-@up,b~!*^vVym`_^/~s{(O'0!5&QC,A]20s`FlPgDtF~`!Kv*M~:fFW 8G
T+tgg8] {pd{heo2}ybI/g7.?OW,6C9,G;+0K[u}))#tXRpl6{"byk/.ve $SG;PQJ:wD2F]GXD$Wo`r
TZ"\;m>7,Hy_AgpEB`$}#JIB- 7kL6xfFcp.BYYqjg;N2MXOyDD /XXjnl!<h?PlT=aC&P'"Q]_Pm"cT
Uk`6i<^Un"nENi"eRI.Eb>T9v[lYUFQw}'08u3&\u[3e?)},x>6WvAq'cxAQ^D<PV09{Z&xK*)3\}sKE
W0)kCha#3OoQ"Rf(RA{GhYCM^z6_J!671CC!yU:B7M0#gn#4D&yc0M=xDM;<f30f[aJGm4*0]5w/m>dK
W4t'(o' ,WpGfgq8h|>"5n+-.|_+9Dt2nA`-:-p*)[7G{0X]cxH@k-G^9,6V\TPKvI6oF_)mAwAT5'&$
WJt%4SlzA/-<.[\dm:EGE'bK[]fb1f(lq4wbC~r|0/C!$Q?(bCGiA$aTwsv=(P^`8(|IME.)Dof!]HfZ
WMT[aiU1,(&UHdt1Pl?Wu*vie">-65`8/8y_00l!B0Ee/S,ygW<ADV@8rlp}BTO~3RCaj"qXGH38j_z%
W\q+(B\:\@q=0R](g6J=GQT`zK(B*zu<]*1Rlba_(]P`FIX),v8"\nM&ET!RMt6T]Ld4mnKE4+8_jt!g
WnR3.PDD`[r<hD]QiAD.L@<p"4?5aq$$UzzX8,2WY">y  :7n:y43zaBw)o}z'u4iRj~nh7CZ_~j`+4]
Wtk^_\,as4I1:n%R<]o<2\8ko~*:x-UB<Qo45t*uTf8 Yu"(`T%V^!GhuZ2q+YGqN4hXjP(L|{:^c`oN
W{/>qWKlzQ-#i-n@;y;S"7Kn1vf'<IQ/:T]bKPX4Pf5QB#@.yf>rQ8Dg:h2cYw$_@@egvBp9fKR'1j`y
X&-L7"GcD?GvIC>diEJF3X&u{v&9_=l9v?)MW3 GoT;$wk1x0~aJ+)vz%A*~N1?X6$U-O}:S.#gH9Z[I
X&[X}VJ>FO("-^|S$=]fXssKSpxFy</y<phdJY.CrJA%r]4uU#XkhW/]=7kYoEGzj"1du?EJTqoh/tV~
X)!4g$)5+*@T7op?G-Wp-Y`:>I;>9L3bY|(6~F#^]mAwzbo9wk:e%#",;("tp_Vz2 x+E5\)>UcLA^cv
YR2Boj4[*-{BFhNp>}3b$!i^^'&GBP4>b?%*<o4IZPH9g87|s4Bu!).$Q@1t3.M>-tBjHr,^0CQS\r5{
ZLRLXz)n09Ka"H_iuuEZ)i4-laQ8*#kWxnDzb}^tcS7$}M%Fa6@!k'/UoB&'h?}r^-j{k8pu17?TQ*7l
Ztcg''M/Nx>Z R{5/_5!nTtn? +MSdS#M#wm,^u7BkguZ_r7 +8*W SrZ&%D4BYK:`5&g%=Iw!LLV@!]
Z{_?+]4T|J/W6s-jcl*eE=xH 73/Li2u2:?G8tVarUMo%88$&wf5KTAnI  @>{b68nl%XPC6JvvT1L.,
[>P2R^A.{qOE+wV`mTuE[z<R*J$=XtZ80%)CLq|yP4V4fvTIKBPxc4b=]_*QRY ^iR+?[?Hwb>*BO$Mz
[T3$P`YU|,ss{FOVzoMFLQ~EdEg^mk}r(g^!oxqm2Fgp:T=@G8&tr&|,7,vW&LLqd]~bGte.mDzI!muG
[`a6k37Q{]D7r@>pDUTCxFmhpuR&c<Uq||tiJJj:S+[^/>s5Uex-{t=Gt14*v3|*r,Lj|nHE0nIX^A+y
] H!qK_I6& &-]8k h9j'4(x[\'&=hehgpwC2B;Mbi+I2N(A&z7HHPy<jOqBK{dv14n&+X78n3+f\3zF
]63@6#!jnU$6 )#L"Owc[TUVU7[%yPe014KzUYeUM#9VCYi*y6LGycqA\1~pFT[-:^$>^tTgD&WE&0g)
]KayP>'Wo#)&m_+$u]GTW8o(sRhz>}}"T0Mq.j[.+(&SH&ovW}'ig 7A(y4sZ,F-TM7nnUSn#>gmNSH+
_@!.IE/mpjp~}`T-j8TM&:{G H2 %X|.*o|jN}Xly-0r[gGwu59Abyew>#\h6$|d.XpOh[Lki`kEF1[i
_QBv=CQG7<q'-LdoWLnEGgK3-i>kQGY;?/ECe-Z1jV^6Y`(dV=uamVh"zyJpq<\(BaA^6)J@9udd`/3-
_V^[Y/`@eV}&F=$6EM<_r|`(!hio.Zk}&P`Co3B*;?L:w\k,<yw"5l7~^=vv3tg`~bg5{-`k2b0rR349
`#Y/9b]y@Fx@tmbh+bN)S)J+.;ia}\G&^|*z(,3kZuiL|5n_VW>H<4`!$s)aOnTQ=xw8J>/MIiG9:#~L
`.&,s'EM{?y[tL3tm^[9P@IlIdlEDUiV5<W~ QZ@xgWATeIcXI2M%{Gox-XC'8Q6tzm1L>?c\6>c>C0E
`Y0e'pwuLY0;6J{%]kuOhmlPva[E3^#{fXN^`=&3ZG`lFP7;y;F>Z)(j/PdTAo}{ICV|>H1Y%wtD+(&S
a,z"YBq~oxo2=n.<G07Xw?_%E+q!{e76[hl1^M;?}SVZ%]2u3*+0@'mdjDwHGdn]iD>2}i_;s[n,$UN~
a1&Xuj:&tQ!whS$nvw>>S&Mhh_t<mWG0~Q^[2rr!J<MF7wd#!REQ$+PG`*oAmr3OvXkXhel>t:.Dl1+1
aB4TQG2`lyww_r(5<WP.,[^jI1K0p%q`#Wh&#$oBF5:@Ei.LFn5(O'GV\>P)h5q{kfVVsd/@51bckND\
aH&ky{wcxQP4_D-yxXZTQyZ(+R-T$]KJJ.2=j5ON`e[+XO_+,]+p:7]y9-Bm.TW%BI!_*@,\gcVM8.i+
aYS/j8fFI8Knw.*(v&Y,Y`qs;&RUJ05Wy? 6pYP]qu6VKPbb^AZEGva%dzKj Ly+x}awj]oP%]"OY%m?
bQkUYOcRJctB\@S(A~EW0XG%OKCpl[]pDP86auQ99g86~e6+jnh`r Ps#=f9"j-O]h[e0x@[0}H\S)$I
bcw&EA\wfN-x4CpJzqg!KTBni>6X]t1HC-ng*!V"#3+Cqn1?rkWS?<%H*#`/iI(qho{B^,zkH$\N;7Gi
bkSe`&dv"KDy)ACWL_];9]nuPF5UUIcLGqu!!W1;bh$D4$STlNJw(#SoM8&6is:=Y7)xtF`wb?[r-U?[
c5Bk;MfihHx_;o<~XZ}(Y1]WdVtFxE<q*SIU4~ud`c?';Q:V+LW82]q}20s]@~n['z~'RtQ7lIEVF(fZ
c:Ce6V.i+>5V9zQ,)"S+odY0}'/4m;f:hK]?"-.hP5=yi6A[o/_&uc_. 3%C.\Q=+\2{;p I!bZ:Xyqa
c<u.vaH<!3#M(j{*FDnRsdl3%pD93%g8"1XfL,F;'Rt|1K0KZBjF.6Or7<)2VWNC1t~H&Z( '1?2FU.9
d-VDBTEM5I--j)#Qa$~e}BWW8MRpqnd,ab*e-mn=ub;(l4^ZR]sh8I6bQ%p{c<dxj4%\AC*le^cM9|\8
d55{H}`M9gd;4vQ&*h`nIGho,RYTnh5wm[DZJGOQF93Yukqv*>QVE~+,0qk'%NXj&V)T4zA3Vpa;T=r(
d8n27YYX5DuP/5"Om8~eMc+z3B'|x?KcbJ%Oty]IG2M|kN:HvuiYH?K6Y=o<t bG+ez03m{;3|1w`>F5
d9w$}?/%(kPr#p-V6`_hT/m%jJ Ea4VmUqj D1y@,Q<:Ej%5Ut'S:A=RToyle g<O*~i<Pg-*vC+'mR+
da =^]%mxJF?B-QDn<#'5bkA2?f3r4X0'HoMX"Z7YwC`2d}18fsEsEP4?)<zj@p)+d~hm0xc~I"c!t'/
e8`@i8JFx7J~k'p!OK!nHET2cfm[mep3sEu\yp:q_D*ySVLuL"9H{KL ll,::W2g?b'&QzsaJ<@ITC1m
eAiz<]k3b!^M/p$RJN|u>7|ii1vzf$0D}814tp&c+;iGv=wqzfv<A;M]d!=/Cw'KTN\?nb{BnpqE2,H3
e\_}B7OyU&q,kh@"Dz90QV#@W}6kSfcX'6G2$fSA.vE+D(,#sT\H.5 p$_e|Sm,"TqKx6Wo=9O"MHR)"
fWrT|.6N<Glk"uLs88m]C)4t\6Y#_9'_xFyHR]AC#5EfH#JTnn6h'U5`.8(h B7mr7T/kG_qLZ4br^G\
f|GVEePbL k=iQo=b=?{E~utp{^Ajy?${ny]9;:Kc"aCwN-pzgbcM" PZm.AQ;Q/lkTZ>/t8 v}eTec"
gBB-~WkP:#tp6(qZlk}5/GyB7e)LnF{nLY6h7-+Vc45mS)/?fjauK`m$!J{x0N(;j s]gcCIbypKl<5<
gXJh\=riR!yA.47'v|2Xpn38W!)sD8G924l?n<#2@*B2s:wq5Rq}L5YY:$&~GU@m*pILmReTTXxKG2+s
h/h~:`"mw0MrATl\@$qS46\_-R;3B0TiR8f{#( >Zfh%+/yuM)p1|q]2MD:WZ(Rj=Jr&y^+1d%[xv>:0
hV+WB:J;ss"xL\e\GYzrZ1pD$_X0;&WbWAMJe/z>exwe;-o@}U<F`qKp\iXo,->@;tUJr[hp\u,W`O?x
hjZzA[SADE}X~\AmnQMPaoJ).&!W2bqD)c:m@DzG4>M82nB%#KbB:uVi^yJiVJz<`WbD+BHeCZr(+ATj
h~MCFu\LXJf}!GPl&/.<zOt!0-B@m"YXH,]&X(qY?E:fSLXM'Dl!hO0(a6U:t84p'EZmZ.MH;p[?eo<.
i9mt2RtLz+q;1}-!}+4#&i+9;1rY0@8uiTS9tF}yzEyEuX g'2=p\w3>5("cd}~{r_Ze+K$2e3_m/8^v
j-IzQ&h|OIp~aKan=_'hJ,imV5A]&i"MsHT6BPB5Gn:>5K[UBxyzX=qh@\?Dh_+2]g*9pqi|w1,B$}/z
j0T.p7Yz6?b]^>8*V#K-sK;!%-%g0?&DdZPoU}MqpOuF|~Z.:!t5b7/<yTV>7g=Y[[#upz_$<JsTIB25
jA:Pk;+LiM8K=D:L.CACSw?sbPd1Ndu0'&SX30%IZcx,A4yyAMFcCXPH{<:yW16.^SZ6p"z>6~44bkh5
jXzUf745(lZC`6gE`wGs!@qzD=;2amQ&+wzJZ|TsmpL2`3,&.fn2C\d*tY]$q$@/i%U&6n1YALCGx p2
jv5H@f7LrtNOE-SN|JO#V4&1\);o/'"p}%c94a8U^[Y(Vqc_xpT>4_,N&z-a8k.SOhF5)y0^'+zs+Dt@
jw7qm<^<Nb^SADj04hIYHn`1*4%AZMLMeEOg%Mx]ZN[&%pt9Oqj3 ~1Bck^SIJ9> m!4HrnWS!V0'd{>
kKnd]OIqP3O:.3%{jK%o&1'OE@{b|@[]1kRw!GU#\{'h1ow5&gA0)J/LDEL$00B1B6o(m{?0)JJEi-*f
kRsFf9?B1W5:I(Wa'7Y:j7M=BEQI(,L(hdvJv-I)7Zlbtt|fHv}|lZh}:.95w\PXMc6:{#ZMESiLq*g-
kYai)~5v|JE=EGtR1XH}~!6$86a:x~m?I~F8j{%z%`u5/0zI,EslFx/9!@PPy6"\([6]Hl#TZy\f'fAp
k_E6]^337E+I0L#br\^|J6*[40=r^Vf4cLXo6O#nVb}gA[MIe;I*dVni_WmSL1[uat%x2#@V5V2ttr]s
l!W/^m,<rTDR}Wu]TA(Vmf.&7oK:S42`"m`Eo'Vq=cT_KcJ*'0-9nL)RH"O<(",@6C+x2B~ImRIO\`+^
l3=?V|>Ee\a'{lC;A7As0$vgJmEVCB-\%[,N{_.Vdm[zV*snWyqu3hx6[^|u9Nydn;\EHR\IB~u_2KLZ
l6OTU+yj&WNB,nq2cegk/:W[v{FyH>B=|<f<;SXu:pvGos"`"s?Y^f3F|7Th24Lg/J?dwg^rbHF_dwK@
lM52>vkO,^9 [Jovd?#74N8*h\*loXHk DJY%N[M}1@o5R9b#q5]VVgtP}H',I$}UyS)j#wXg:=A0]R&
lk%/E#w$E).[GtnX:++':ugsvKy0\9Ol*Ai#8_jWbQ`Izp(plb+|S16](48W2Iq~Hc&IJ\+sB+*c&h2/
lo)!H\sc..;JTKE5+HL-f<JDE(}GoQ 31n)>.Z&>&diTy{tLN%ZIdu[6mwPR@lR7Kw/,o@x%=@Mu1;lL
m%^*s(m6J v>m?t/_8~&w6:!U7mj\@p(3fX:kMOFm lyHdiYiC)mD D3pew8s@SLi<A9:Do$g@;=dfO6
mx?9f"1'%igYf(pqSfV9}c@oxQM</oLFCTU}+]W4r)3sx}Tbs^"2zCbTawJWSgtmJZ7roC|+u-\]TT|Z
m{=}"!FDiNm=E7V+^gnEH1Bjr{c)7"JDr4,tk!!$DtEpZHG]egn$dvPL![63!mj4,cg** P)XHtsune(
n(QM6QQ&[<Jjuuq"q1<Q3/it<E@aTmkkv!qkuX-="U6m:\\9Qi63]FT*+>A g;K&n2U}7VtC44p]z-l%
n0.5}zt1fJqFiU?4\4/YVdYbU(|!kp[q2:4epW~Wfhgpd%(D@{]: Wu*/1TXOxt'[#3Fc)G^tq9J?}YC
naG_]Ajp1L{[MRp]fA?uWb(&?g'isCr X1)ua4wg1(VNf@ifL`n4HGVMb{KlWQ$6XIC{`@0XO`x:\jL6
nc|e03{@,&8/IO;$dC?"(Q(m SFsC9hvnoHAA{Q&<epx/s}"+xZea$;kc$nPBL,/?QIQ$;@Sant`kbw!
oAR'Y9H$RpSxf&HTtIEk?>L>;UfFR?'B4[\p9+tT.>cr0w*r+4N+%I?hG)oT*dvY7[_a]1`J@G&%U)PD
oXjeyp2wA\,Xp/x3Dl~a?IW>J2`!a'%GGmM_Z@0h=Hp~hBJm^wB$/~bI0G/,~w,+Gs6?{7Jvg\+:-NTY
o[K'4wmI!y)^wRH>sWu.y_8:m/S5-!g^2;~)>V9!FKrwS+HF&B5+~CWwX-l,ho0u@@#`<Sd_%"5*;SI3
o];0e>/X"_$?j\K"CC(.0u{g:t:wyY;U,dXF3(S#&MA|&3(:`t&bPslUts@Zi$=;ws~[JD,OcuWT)qrR
oa@2z3{!A(+&M:b'Ecc7 \0`wh2mH8z\{UpR^&GL"w[SCiv5)`q, {#rI`)Bb#M;OTb'~2i?;*`ng9|X
op5_*(3HDX,fg"{joHkVmdSr8lDni3@xy]5OR{$z0><_:J(}f,]PI/ isKFQKW*[ZOzmFGT|&bVxFs ~
p>|o@;OojY"@D(7x$.L,Mhz)Q[?Th^uJfR D90cC,QU3XE~Q?j2Itu3Zwa@]#^Q-Xnk(>fjw=7,>w$r`
pPbvK%RTZXylw?m!4MA&J{D=69y@%?VQoR4 mBJTagA;c'?i-xZT% *vYHj/e]#jB2)Hw>HY?0!#*\#}
q!%COO134L /#Af`glD:hx$:mcQ0#_y09|u9hkz}eZ+(myf7ExLovNu>fM^](t9?jH:h*#gc7jJ#mQ/2
q94ZtEn~/VLY'.wO{#PH-x:8_Gf2>-!c3Y4rD@+w{+db^p2M"(+vTu:&$eoJYl0^L,Db?_"8,U-FEAx1
qBA`\FKC!k#kU)p[Y/J+QE(,yVQ'lK25O`A2i3,fX7WI[m]C8]b7"\>D-&eng`j'Oc7.R3/A\wDL`@7z
qjM%_l!R&XE5[& [+*UNa+"qc_XZo''-/aqm#AcU'Pva9036Uhd.<Ulp%$34(K7m/myklo?X)(e<-fd{
qm11z{x7JdDRgh'we2,BktgAtda<mz5.ax45teWt\uw&Sk]?ZS;Q{|t5w+G3G}1#SV~n]/QRJh<#`v +
r-EY>kw|oQcs~}NkHXR)ABl_8QWgmv,M]o4YNQ__mP7d??$F7t\.SEB}A[tfGemaOldhzIib%9y`a7u.
r<U1k$,8RzE16F.!JX>9XexaR19|??mR2+"o:EZI3U&f<s1ZESVhQ63|_t_HDI1C1U8)!>V'bF^#eouN
r^B*b"MIbcr-]9]~c.ZicCi./gFZF`FvMo^r!M@X,d8p!{'?lG8`_LBS(4-3b#{I$)(2=0p:BM!R(n)}
r|UHhUy7XIP*/p^KlD.?-aGZmu<QI4@DH4K%j/$9swDOC*'xStEF:aE9(h#BO7/(0R@oS=.HkBpt)Ufw
s2rso@-g^WdWdFJ feGGGXX'@`ap)T1Je>b)b_+M7RdI*E lu$"eaXtz'U&c~rM ZG3r[coSE>ep7zHz
sQj,4hq;it#fcm3(UFiqnv"+e%176hAu"`$lMb)8JnXGe7,KOfGWcJ.%h'XB?B/P/0cBu?4fZKtE|(LZ
sYF))kTkx6lhY,-r>+KI@d~*7dBc8(s@\C>MR[yWnCnnJRTX!`;S([~Yz*gqc=4<HtX5hhQ|=?PG(1w=
t7sKh.["_coQr:eU%Z!J\(9^?qs`0Z\VeQMSzne!b;pVp/t6se)<U.*Y!dbV((M#yEqa)O{){4.>\/kB
tIGG9 g='!WRrx"`OR[XPb#~+5yxL]G$eR62)&7$u^2Cd9v-.xXwNF^=e]lXU]=A*Au^}T%|]Wa\@xPo
tM6}.@\:#)vLJBI!X&;P}j6XfVYSc7D25RF)" <(y;Tct En="6O5l{$`#trzEbEhPmtm*0!jgK?#[S%
tNg.A7m9~38O0S\}*/LbQC&:2lt[ga~w~,Z~rW8-*@~,"`!) 1g%.}0~\8mX&ES"uMQ?IiX|v@:`$PY)
t_EOASy~A8tBea1tUmC<w_Wa5ASN,:}b?YtbFJi2|KQ-/O`HDqS_2)aXM^nP].Yn{]P Ozx7H.g9uDOI
td6tkg8'#:?w{[^|B?D3N/vx>/Q'.%,!s"PQwS-$ v5,\0$^y60jWNkf^?Y6Sz>\SEVZo%tkv'jD{hvN
tgda?Z;`_xT&%7ytAi.:+;:AlPYP?M?l8x`dKS4x*.A3 fkJ]h(p^xX|Q`Ly(5a#Unf6xV6j%2btCw[0
tjzX,-7qCP)BYxJ~GQ!T\;2*4ShSCxOc+%dpc(*M7Grpvct0>| ls"zN(e!^vz4@k84*)[0DyI4_ZG\Q
twB*E6oH"?0Y%XF';=H!d \h1`bK8mm&.mS?6Nczu%:>v`>mOfr)5l}6~z"7JjW5dBgL\dZt7JHfc~~y
u,n$("*,sFJX>W[-6n-BYc|qtT , o%@*L2jC%q8:0Aisud"]fA['J65<Ys~}qlx%AVGtK'9pw!\+'7>
uqRQoo'c~5]HB$"S(JrwS3C)]ORKzvnfCzzz-Q{9 Z!]/T+Q _FsaO^Xp/m6Y9[#A}@+pl:GuL)O4 x$
u|o*/,|5q(\(^e0>}z-H'CH)+xSt1&]C-l#]rP`tYNp5x{T.yDzM:hUonC!k<eqS8;}amwpeeP-'#sgu
v!}kst$X&>53hv'[kYwXRVS)(vQfU%qpGNK(_IIxa{NF&q"pI}BY,rCRH,F#>>ejY|!"z%IL]-vs>r I
vIoicV[W5XV~DF:|_<d+JzQN\(4!+&Tg.+Hk:*ncq1jWA{CuRMTfev}y9Vc4WI+(# CW~fWf[uw.e`.c
vPgA%?td:Q&Te6Jm]b,sx_o?j\oZ*WJ.A[!+@#K+(|{Il7 Gji7^\~JYS`wEjH*!6B9RH2)RIKML t~O
w"X/Umjb>;=?M+a58_eFf@_Hr7boS1o{K$4,'O$(>Ict/3Jr\Pjgq2~N:PFoXH%AdYBMX8WOf#^jF7M%
wYJTM#5[C&r(6k~xux\!,xSnyrgL+dIsho}Baf\0zMZS>*kcLH4C0aYbe<Inn/#8VX,y)<YPz-tmQrd:
w^>%efUT/h%M5el,~@yYlI8t!qGGl7/qy\z"2siQ<yZ)h`FMx5n|ds^P7p11(e}@j2zw2}=<X7 #KA@/
wf>a!tD!CEOs|-2\Q'"PD=CO7Hx`j#E3JXj@M{_1\\t]|qu]w]9WJ<mG-+H\^=RguXhs!EXX5)"Q;yC'
wtH"{-6a]'7[P!sO~-_'CsVZ1W[5\~"*9g0q:f@[/9WPI,S0Ays ?@4gKZ4B;~JE5l/{y"E)f)<Ju?)p
x#F;9QmFk8Sq}eFzdkEm9<'Ka~_*e69_g$p5)y,#1TA<|jZ7\Dz+f',+1|B=A}K:guc,=!TSF,F~`l#U
x&_%"8pB7;stsC[QaB0{*G@bDJ;:xsvYx&x4aZinLhoC{`T2"4\)T:T{^`|`"FJSwjU]N~Rh2/9>`B/}
y,B!olU9y)<[EN)yDlJs&XwLv Bq@S<:&fUV)O'MHXgq3Zmbo*qp6*a6TM%Nis%f%J.Xz[L40qS\u3Ad
yW7+c7&Qtr3JORl#p0Rk'UF`./Pz)S Ibbuk-LotbGV.7i'h;LMHRt[?S3%eo8O9sw)Y}r6[pjK6eS)[
ydMBLNrjTQ'&`x#6x]6D.`2ec'fWvs'X]:&XkGYHP$w"l /8oez$!Y&NmzC89^59_U{NiyIRT$EB"*{Z
zSz8F.XMWeH 8b_l^SRN0u=\9Jv##a|w0;V%KZ6Q|{2wV+\8A9laM7I?dUR8Sn!c50*1ENfCfe@ .]k5
zZ<m8Q3sIhnFG(hGs&#s^_^:N_1aETs[sW Iwl9*Q+gFi<a*dk=#r8'qVPw'fl6&+UM%yx(Lx7?<wbHi
z]fJ\,!iDk'[oS_p$)S'-M;ET"Np{x\zvRf)sCP7AD(16s2&1v?|ZII)do1-QtK&;#jgnE|-I[w7K=ac
{6t[mv/H=0|n=53<nKeXZ&V?[pL~;\?!)MPu@XB+|pw7pdgT5Bru:NTn*`x\sh&4:5%j .H&B:By\\>_
{EIzr5!c-d6I$%Q@5V-VGD6)HF:f=9;Kog?x$y9W>"HO2?"~%>[R1geIFv=|R?p}?\dEQQd@CrL}$peZ
{ek#R2w(4Vi69a`NQd*42NZ9Y3<'5'D^_JFjmLC>hjFOkGA_Wv.2?m?h<XDsi4`NTx',rMg91bn`7lpD
|=*t1OOp@9S0SrD644)2|"pZ`<5NV/B$9Mijwi8<le]2N|_-h>*f$kz[1QR`s4nvWA}gw~D`u"J7Cvm4
|=w,(juyZWRy4!LNKJ~yt}<H<;>1xD%@H~w_We, UvMm"x6M]ceaQ1~?pt&-Ya34p$|=<&[;s6-YjE3B
|C]Q7aOcr)v r&WdDSma/d?Pnfd>v$XL'=fFSa$4^+g1)J6T#X-=E\_8C!jm/)dq[C:6'AND;QIlU)[>
|wS\pN33|I\3[&DKfgEpf7 ]B[KK$Dt]o0Wngz-G1(Y|NsI#0(-"cpM-lM&;SF{l7wa&=+7QaY0]=L3q
}".*_\|E,_g0,NH&EAW8HGG&}%adf1tOGGtT}vK+k?R26io2LX'}"iQHW`&yb'JNjB\Sc%[g~'dTx^Zx
}GP.7-"k6Qe($LVBHOC%a8ikW4%cLxpv\-^{M':JI?!["h!_KkV++;i>wiLlH's/Z5sAl]X/D};v-}T9
}oa.}W+nq[(e,0)/~gb4AFXpdQxcu9C|%<K|<.}CIf#Y9pac$Wim]a CxYiK7JX^[ob,LCWnG[840;*=
}w*N kjZ}!z=;=XbB)DoYr(FWLrgit-C}@wOZXJ=BRn@tLx S6zd{zz]IU?_~ER|{)Msz*3VS>1$iX[f
~9d/|p /]ci,w%.;VI FUc1W5}A3k^DaDKW,Mm>I_Y`*h5p:\;z-MFpspnAVx_XDDGdF1a]|w|bNzs1\
~n)8Cga#Z0$AR2O]}>U:7;EW2m}`5r"Y.qX#^m$<fE ^/~b{V\ylImzk(Tx#iA;~4.z[N&s5Wq*0g?nb
