20
 )L"nMKZiwh=q23#Ni7{
 Xsauc!VxdgE'y)T8uI$
!AxN 'X^ 6=nd1Ck2kKZ
#'j.3)(*-mf91FRRv:OX
'h?IKos''.Q_0c~O]</(
*/:T uIrK/w (+6PH8WR
+7i}F:({ur(ZL`uCVaGB
+gOTr"[r}AkiG[1QrZ$T
.FQNsHL#j+u:j2q.<::w
0SSMy-^yyr}/0V*9YCO[
0[:&<,Jur|N|hd/aIq)C
0l}c1D+^ee>weBc{t6~g
1R=fTx->\U*{{[s-DvD@
2EchFaZR@8[t}@S"{7KJ
3&/Q`?z]9X3@ga9(GJlr
3N/;Fe"\1jZ.^/nt@F}C
5&w'}S23V'",*rNjCKz3
6Y`xb~(.8JR_'>rtLmqG
6`Xb7FIp_Ou}W[fr0-8'
7KAZ*"N={duAB;QKelwl
7Y~yp^MX`Ejpy{b2tcq!
7jWK&pj(/_DS.&|42G}w
931${xoWc1nw/Pclow6[
;0NhEWgd^c=dt'x']z=4
;j2_^:Td;35-]`'y3[nq
>,(Iyl']:R.WsQbvQNc6
?M$IN+}q#Ffk!oSLXk;o
@v2x(tzYxWSDkAb2(e-=
A$?LuJ_:F"{'szUgHEU8
CgtgD9*;DUu^TwT]3M@q
Dc{9-Cwe]8_(2h!&dfNF
Efp.MQ:Jx"Cr:[UiIj$x
G4dtB?+8~8wN2D$@\}"B
G<^@M)S0bG9Fd>S<9@%g
IM:U3$4f}es>KntR~1{G
L2U'|=`-M{p?cU2R@z!6
MPr(DvJ{|&iF)pn|_d6Q
O6 @k}-X=j.mzJ#b/XvQ
PDm?_zZAj]Z/x$MJ8DK}
R\_+B$&tGOjzp2}1UOpB
SB%c\Lk rQy"|Y9sWPzd
Sp1NLT[zUk~yGr$&eC).
TaUaVK4 A4C&fCiX2z{&
U(A^b^FgjMVzDdvrCmV}
U:8ISAr(=m9*}WX),[,]
UB-{mOg_?B)?7$v}_Xw}
UD56H<owKv2B:3VL@u%?
ZBfqgvDmx"5dRLWi;iN%
[<^+5&8Cg|+trU"zP^T%
[Addl;mYl:<e2E3H<C;'
\KDr[z\4!1b]40[#Th_!
`=3tnh;2(8rm&0gF{sUu
berN32|q]}Ic3&m2)~sN
c!q]QE2mjg-^iGB_<: R
c8g\FUz,aksjudC!qwEq
c@%@'pm?:'w.`r#B@D1]
eNTB{p|E$|'fSTjN3O1$
f:"7{$e./.m=9v@LLZl[
fflk4J\i=In&5xGV!(V 
gXqC@C5G_7-<UtAZufH1
g_Zvs1JRcrT?-4P!Cby@
kqZ:CzGrm.IyMiQ=GGbT
l*ol|.t?/jIu0nE8[iLj
n;+3i~]YVaN+VNoV/v~\
q\)N7{8zOrr_6%#^BBli
qz%_N7_);..59e_vDu~t
s!#!2.!JPIli>L.)X5"Z
tY{?9aRWR^%cHbfx  WY
tdRb>J_I[;*f&UJo~tX=
uD8WK'.:[?|IH6/'?'([
y V\lcI,[CIvKc%'Nd#j
yzs4}G &'41"s#O]dj8b
z0-I>rM$>L`#3!ggg6nK
{;:)]@6Z9WhS@M6GR-M1
{@<>>6Rx0x0VZ}A7|wrr
{Qj!>$T*d4gJ0\QI@<yu
|=7~.ZJ`s85+|?G@G6r^
}2^}F!IY|(bni9[6zhj/
}7e(sZz$4g``CP%][`|B
~SsV!?n0+x\@I<TWWN"i
