20
 !7SX[~GFYV&bnO~[?6^
 "l:X_"}y1V~r@="iFh,
 .)]cP8"Ox@qoi("*DSb
 2, $D/5YC3dPkeq\wqO
 2FvaumC_ub(>+<STRJO
 5yn6x-yVuenBR9\2/Ec
 Bx{{d*g]Rv)vzqOe<\7
!"x;koH<c(AUL:a\PN&q
!8<D|A9H7#$6I4G1`Ezk
!<Y@>+.1rsHP{k[I$T'}
!<cq0(cp|2axu:\K8+*y
!LHc(a1AQCO]$msPsoS)
!RTk!2LPp:Idw2Q4 T`J
!S0ogEK8Z.A{L=*utDK 
!SSx#BH(A9UuQ*fcjF4`
!Y!"K{w8<;H#a5#XWJxM
!Y_66NH:]akLL@&^Kdy`
!~H;TVzo#GIDB>*0IM|l
"!yB3h'7x>~Ffd: 0f^w
"AUiU1{3:&Y!fA+Xe~-L
"uB4b\bb{QG]Ckj$8:uB
#'T-F5;R~WN"$xN2aO5X
#0p?v@Hso$pR28(DArQ2
#@G*HuGRG$,IJ$9|yse?
#J)6*PZJ5^0YAiZ}/)jS
#`t$jpF=G{G2@9RpQW"$
#nZ&f^BLR>U)BeupjZc|
$+hKb}n_M:ovaz|A3/#|
$8-q;##~eU*W9r.bIr$^
$9R@X,Y+6obhD#2e^kKp
$n|9"//G@#-L5Oi<%8Xb
%'mfJz;ubW6r/-2ZCztA
%-]4$}_-);;dcY"%:Bi0
%01A.(;/rRSh!~VC6\6L
%=nwf+s~?37`i&Ibk@p+
%SC%2Z0F*GbgIm~l~y^y
%t/@dHiT#Iz4EcD.V!EG
&.q`dA4jOU"3$#rM>2|Y
&0XrYBAtw:+OE~woW^FD
&7AH$v4@)iUcf6]I7K!!
&@]i |]fSQB["07H~]Km
&ABvw.HeN1wK||$y+1^B
&YR?Qq;-EpYV;H!6cC93
&e&>)}6'zpoIuZ?h3JY=
&f/aw&EVjTYFV"`Fxc;N
&hk#Sl)rZIB|PhE![5Ov
&m[EtZo, W*a.yI&</^!
'8'x602NuEHx&\..>-Z,
':CiLo/Ry5? ttO6Pi2q
'B7ebp93pTY/PIMe{zY^
'R7Lkf6IfCP$3kaP`=SG
'TkQ\+i0LGMF-%__FoaA
(#"$l?y0o7; )DnsM4Ik
(%^QLdSfqF2>`R(&Rd|"
(2W8ZgJDZIH6O,m.Z<FM
(@m&$ tiCR#t,6aVU" 3
(I2447aj_71ho$Xe$q/p
(l@=)R^#Z^W<-=,gMVQ$
)'Z2Acg6{XGslL7 B[c|
)(CZ= 5'h5+,z2u3r[Sm
)+52s>L0JUM}"3?$\Eux
)3%^8m*yWV%^)G,!;>}T
)LI60$Y2,SB]%%Bd?g,{
)`4E`Ngz1*:v>a)K1u-+
)r87-!(NK-]0.Hod@W z
*#rfc]$(e@F&]}OO=J*S
*+>n?ay]`a$TqHVMM)9A
*9|.[8B'^8'|4BLtBlx`
*Gjj0G\EtyOncC4Kmf?p
*J?J9W#pnP:iq}>FY^q;
*XR7<.TOtWL4i6rTfw$!
*\q6.54<E\GLhTQ?c#SS
*d'@f~=wS'3lYMlycgQ;
*k9VC(Okgp_p8h?rgPa%
+ [0ABh<g9>ZE1n#jTHN
+&.0fLN\ZY>J.]bW5^8.
+./jVKiUU^B)a-1dz"A]
+0O8#W6e8pH_+-}ylx+M
+1yRG*i=qJ 0ee`C|I}>
+Dsa3p"-vle;vfGVN-gA
+H0w9#H;xY1k"[_dBO8-
+HL3 ZGgr-mZS,r}1D\\
+T4Bz{>_k~bfMhJG7KUr
+w0(#h5Afk`'BMG-Q5]E
+xr1#CjhTVr}WwyoyrJb
,"a7iSOLjJ2iAE 1$<jV
,/|7 m=GV&,~*AkE8:{6
,4#@ErZsLt{S"?B|[#\A
,?7.#smP^o)AD53F|q"{
,ATtW^cPiRLdG-%SEL)g
,egaXPK4'NH\ 9]f%czz
,l8(~,<,HC<+AGy.h9:~
,nxXB+6f-6r:YOhWC$b'
-;v!A"p FkORXqmEB@yL
-<*uD{WtU#\6=;;b_)>y
-Fd}es&*6kqo5ks3^7dv
-O"@ORK+Zh_'CSip&YQ-
-TmhqP3KD3fD3I7}d!Vz
.!|/hw%!o_{Lewk[3HH[
.<oIa4V-dA9N:14;;@JG
.Qd&9,Ao0kb)fYW.PF^<
.^HU$~?e95 -!ga1i15U
.iZeq1l_,qK,=A4aLg/g
.{4w'?\%iX%@=4p6#(lY
/3"^-@>PL5'4DBDw1mgj
/<?4\uk"Jx*'+.*I|IzM
/ZX7A*)pg,\Zd|S+VI^!
/]4*"WnjShXTSmt$@c{c
/necWZvq<mNBljc%eDEz
/oP\vuzr@h;5'9JtF#Xu
/p}VP@(G;}&hsUqEBjg$
/tOn{C?h%-h@_CxF@h-U
0&>_Xkt4I_I(q/VW+; @
01 Sb @?"pC,*m`tL!Zx
02/B|&~>iHvy_M5%6+Xw
0>H'3z\~l@mA{-ic? ]3
0SR5XqG-8xy%?l:p1'GO
0TYILyO*d-nh&V,I`K1@
0b*CY55&6TlI h)FruG:
0idj>_*%Xq<xY\I4IeYd
1%2f#d ~@`P?rB2qo,*K
19[pV<zf_l{Da28/R=9-
1T3SySI),8"D&JgZ`4]}
1THp3taR&2y.l{{"~*r=
1U?EoKG)&Q<+p7bm#{yt
1VjF'htd/&,QWj~[G>4J
1Yy~wu8XlmJV) Z}pfc`
1jH`.N$wx=#I6db=J3qK
1usQDwcS<c9w>lM^zT?1
2.sgeuk)m!87/_q5{#j\
22)_3$q:RR%,y5tbyLQ|
26E_|xIUI%-x#C{(#yVc
29,O)x9r"@miroy `|_'
2>mst@ykP<54qg=\H8F?
2?3gVKtMT(sys%r7T<3V
2MEbX=sV-OtsK/3W?SjO
2XH8NA,7[&trd.glGj`!
2f4s@n%TcT"j;VRCg3Y*
3#p:^.Om|7kV~*EuiA!f
3Js9GI+X2lwm}S(u(RyH
3Kgdf;eu?9&MeW1M:AjP
3T,WaRv#@DO4< g5&k^x
3Z=<,Nc*7gD5B(Xbk)K1
3j$?udg:K[YYc!bj:xo~
3w+ZUc>{ku\. k`bKjwa
3|+JzzZTRG3W'Ho@-=Y^
4/$]n|63&%ZN3tzpGEDZ
49P4`|t6DDSwF,7ZxGza
4>aD,vL9wF[3wzA:UMwF
4A=KG3 gYqz3"KYl\I6O
4gUQ^W)y25'P%B\`[pa|
4k)]RC)|;*|;]GpyLgR4
4|Drx!f=VaCm`#\:e8O5
5V1ly)<$W!G~=$V>wL/9
5ggf>JG8GRXqRijeptDA
6%>@#]jno5cMKa*-K'cS
6+{#$"Gn8^F/a+z5cFE8
66rFmL|Vs@l@_^!;/}+e
6nuv]2E]H 4k=7V84g*L
7$$,l?&QrUDOgzoG%y3r
7%];Hl:e{g_V#"i'7S16
7&/.?$h-vI2{%+zi!84W
7(hY7m?"Gs8NYZ'pwC?j
7>q ljmP_&o]M0qZ[;^9
7NjoTG>I-=T@4"Ok?c!?
8 YMUoW=Ot-J0>ekg*YQ
8,lZF*CB#3s>W<^W1j+9
81+noX)/wYHf4Hx}m+(~
818: _W/LZ$=eUDkQ.uL
8P,;P"i0|{f~kp$YMMXn
8V"[l3(S -%H)]n`{~2 
8]?K`;SU^\OD&Mu*8r0f
8c{c_}'E(7-3>Um_M,5$
8kx}A@YY;nrX}V!4b?'X
8~^yZ^7(r">hA:Me<m[!
96!^CV:ALh;6MVJdgEkE
9Dmf\`YJ~L4A/zV$Lik0
9EI8ApS3G9LsJoEVi#,M
9J9'[;ZU/.o#2Fg]z70z
9NE-R\SDQ9c_:D)lq]kH
9QNm\Hjk3DC/=8\"&2,4
9R{>'Z*Z(g''Qyj@X4CA
9\I\%F$UtLcEBetA!bT5
9p)7z,`hi0:O0 n^a+6`
9}$;4_yo0$CiL$HeFs;`
9~L&31tP)}}w)N#a1B=.
:)%mBVnm$kui1R?1x;s5
:8rez#[@Nb6QXb}npD1Z
:JUYai"AXjuT]TnH%ynR
:M<_!PW)uC#Q%\qrkr_1
:ezz<6M&D/dm=RdAC&xy
:jgW3ge>Ny7}lUtvv?sR
:}CZM8d(m!:}^gv/rB}e
;8iLW*CX,8]!w"tEaVR%
;;TGBrp.l+52D2UK%wwD
<!lb.LE}I-_+?&cMpv3Q
<:s4W_Y_>q*BKY9mkuHn
<CFMi98-Wdmm4F_GErE1
<^fyMpST_UdJDba)rIk*
<_LCB:1^U{ClX1<mL+j8
=!~$s*18)$OPxZ,fJ_ge
=<Bd^9v~#[laZ|X?_zsg
=>K|37,AAr|q6:K"R+NH
=Ad$pmFq(bAJYn^r"Sh*
=FN+(=vV|F<6xR)<L0XI
=Ji1-C6IWYUV'3*6?myI
=pKzz2U0k]deR]j9@Fut
=t|J(#@MF{S.\MWCgX$g
>3 BK4@tWz8m_Ximh67[
>:[p:3@C0(}:2=gVKVhK
>_]Q0{,|KZb7F$D*Y 7z
?/2J4wt%:Mi"[*sH9~1B
?M/@V}Rc!bH$1zUllTU~
?URSi]5mhqm]OuEe|$~l
?fph<H~}'E!.UqH]L6bq
?fx@&1_Y7]'I0/0EX<N;
?tFoI_=;I*L,g.Q~Ew?p
?v<|*b/}uK"h*|[|UH!&
?|r!5 ++VFd5wU.FU67P
@$RC~qC[7s8,_K\V*\DS
@-NaAZ+?BJM5(%6=a~8"
@0seoxl*T0;:]q-AOG81
@9s^'2`H5-CakKu(b-<k
@M#;]-m"XE?Ax}O&*!a<
@]#^6Ds0$WR38_5*/~CT
A60M\@}r5+/E[w :~|b-
AF(2]MD"v$?Waq9/8fI<
AP,%;DqF6EcY;Lu"f;C2
Ah1;pmLxg\r^n3*j1x/s
AihJJP1caYFee0KL=^BT
B*<C!+XVas[SRJ9l){[>
B8D<JuT^[{T#p2hE6JD.
B9,&M|=*;Gzu7yB=QaLg
BCEkf{\4/jhTLJ:O@)oB
BDx?`q+]Pa`UP*LV/lb{
B[|kO[>0RxaP).$1,%vC
Bq"'+!{ncC_4m6<uVlKk
Bq8Z=<MK-%Rn*VJ8SC;M
B{B[.?xL/8%k=nJIrEC|
C ZL|8frZ.F2&c$6*"j5
C+yfEKNR}G]rb|Ebs\n|
C.)dB@Cv$g8&Bt cYCAt
C8'!)_b#={4BT]3$f O<
CE[/'^_pPB;-v o(e;2/
CgXDn>Su)3QlX(o"!gN&
C{Wmaj0W$ILJg[o35FA0
D+;?M)r5ZTQ>+]BYYzDL
D+E#j4&Q,GdK~r|z36 3
D.hWkcdxDE$GE82X@t.y
D4r~~amzW[cGt1VgwvXZ
DA[vfk[J+J:4<yp2b"yn
DGcMj!!Vn$Q`7}a%(E|y
D['2S{O0*eC+x/3:Ov% 
EK)CJ2W@6Mf]+[3{6f.{
EKj#_+B@te`Aj"9^l&Z+
ELX~PPi\DTeHv-b/t1KB
EW,pfV/$7a_[Ela oYJP
E\}WsKN59us0Bkq];s<P
Enfz|W;}Z)Ga0%n*!wRp
Eq3VbWK&^SF[bH=H1p8/
Eux:t)tLHhPiM64%|e=h
F?^'/Pd..~#(+xRRbo9Z
FDI!{HqOo(|`FcIkEcCN
FYfq99zT3u^c2g2Uyr</
G=G'}s@$h%#:\"AqE]f`
GIbH=y#1I&R(HQS{<wAs
GK2pWy>\T4ijIfa}.s9w
GP^HN{9z\,"(}a@C':c/
GP}g*<V/9EmrPP?Y|WL$
GZqz8*h[06qvOV.@\@IQ
G^;D7C#PaOm5e\gPTqw?
H$Getd*5XdWooI%+X#qq
H(|^hVG]R+@lpU<m`tBS
HEF~\j/Wc8y4KT{xJwEk
HK0S~lD@!JNk<;42Hh:L
Hmj>?/{.dohUZ3l`1ZH8
HzNs9j_bmNx_<tVi~>X|
H|w`r#F=I@7 )\/l$T<>
I$q(d9\eAX:8j|LC]mCA
I&C$M(|rOa{7>9!qe"0l
I6%Z``y3vo;AQ&C'B o%
I6Xkk:ZsCsbQhqy}'{35
IKkIodJ<eg4jA8:f *dA
IPh5B&&58f&#33vlFD1z
Ic5?aj(Lo{Xp@zg/Q&aC
Iv;>A9rTbJP+d#Y.~Z&+
J&7'fhs8&]=RWbG* {E'
J0Q0Wf{Uz(:*ZuagD`{r
J^4 `1hr`n?@9UaShvVP
Jj5aLoq/+f)imKv k(wi
K73=9&w@7S5f=F:\:1B 
K7Cf}LFzP@r[vZOjfxY/
KG,xw=|B#S~;3`JqVl/{
KG;mg)} ?;Bsd'F^[VLd
KLyyyhA0UaAKK_5d(sQ'
KMtt6'/t'_k|gi}Z0SXk
KTnKMQF$[<wjfC(>+BLj
K^K7EjS\RJQJ,wRqbR8d
Ks#.g],P`>:<T?~/'j4a
L!EhO8-o7RXyt@3@N.sw
L*X[-M!F77]Yk`De3baa
L/wKO]I0X>%!pI'Y-)]3
LO,?hEnVmVX<<>*q?9]\
LRW<b1`uk^JQJSL\?G0N
LS'SujUJRz\mN g/6eD$
LVkY[|chs1.\rF|?V\*a
LW7v>SbTK4hol\Oe|oWL
L_}.zqW:;x13zz]b=@*$
Lx#j|kIo-S.T6%k4gu`c
M(cCFZ7[jqNbn&~)(M(F
M4rsGDvZ$@d3M_uM%:j*
M9hf:Rt"W7F'r'I] lKQ
MFV@v+yF=TP);>!mykvF
Ml/Yzw7:R[pn =KdS ,V
M{IHvR4QzjOG3@uhx!Qq
N#sGmNAbFYMcoUIkk<+Y
N3`_R-!2`tqHN i0_{QW
NJ"M)\q*RUF[S??S#]Dj
NO#!@[:!IBD)QmyS:S^N
NUc,?y*l,kJ+ ~6O'9Km
Nb+S8B?%a[J8ygy(h{V0
NlR:sCIt"ZZ]z?i?wj>r
Nxdm~UEwx["'Mod)D[mO
O"U#_'",,4NHw!P9b\1y
O?!lv<(Y>i9K<*9a43OG
O\YlVsz#HWv@pkUB73g{
O]2Rja|\UV{%#?P;u|Tf
OgJOS5)*m}yX#Yn/j6?{
P&{-I9~DHjWa<n)?& X0
P,g3i/*`* Z=?NNy_,M9
P<$|2Ks#WOf:hSKgH$f~
P<LymqRx,Wrl^5eaV.||
PMSl5=Iy+3zE0dq`H0%+
PY{B,UuR5KQQCsO!G]Nt
P_Odd<$#gE=QD&J7;I6o
Pa|C>.5o.$C%boz<;!,N
PovD #} R%qrf!.1a.mz
Px&?G&vu=xA>+Wl^> i{
Q+l|FuM)Bq|}.5N"p?C{
R12't=Me^cPE_UKjxYG%
RP&'dK/i"iag%LSxyV2u
R[8}fkjU-gtsx7DVi5_4
Rl\+Eg&w>Yv>->7H4I @
Rs*1IE~%Fr1z@^X~Gr>#
RwsxGp __+rU^)$WYsxD
S4=>qk(?X4s^z.Bww\uZ
S<#=X+W\&G-q$DiJU3??
SV`kWDQ2ZAVG%fUK|24?
S_8wArXbV^%< >8m8~$_
Sl*xd I{`{H2.XD"@$o\
So8^X#=mf796rDp(A5He
Sv.b_rG$@\rP+8Nk(}d]
SzQ0'b`)P([6O$7P]#"(
T+N?hbzxRh@XZg@9^![}
TUTS{V$AQB3h^JPd0I#r
Tb$pVP (v@OY,wb%)@]_
Tblc*{@AJva"zzk>2fs-
U"-JLp=x'\FTJL7YAm*,
U2o(MZ-8$'sOGS8!>F>l
U62,UyO.$$a2tQ={ZLlN
UFVV{d-Hl)xW^w$>.];k
UnmN/*It1XF]7-3VpL/O
V,@-&;e?:R'coCg{?o^F
V/'B+,l9jXGROU1M$Q`i
VY#kI"ReVdV+BeaFLg@.
V]t;x_P!?Q5kOX5txmuh
V_`Hs,9\;0BLxt8A36[,
Vt2b> ~^5[FCQbVrHVCq
Vt]"D=9esc(/Z0HF"Z#{
VyZ"f9@z*>Z'qSxyf: V
W7:o},y]PhyS<cC4?y?@
W:v;jWx.)*:)>Rt+_Gm?
W;N2Z5i: lm$$.b IZQY
WGRf-x?UNps|tfL_B%so
WWXZ8{Z]V4"thXIg,@Kw
W`T?3FErY|qD`>m=%`qo
Wl[9fWRnZDoMO+$h)PU"
X1q@a;;K2\D~4H}`T}r{
X1zlT5"bsAQfK|+XC7bu
X32L#v9^%k?0sVmJ$dp|
X7vu]CgHFU?@kD[U'mU5
X>r0;0WJ%Eh{,N^P:#U#
Xa<{zi0=YW@1n(`[iSQ!
Xja(qn`R0lt`9[!d[W7U
Xk$"~a)F[()c^MO&Ae>J
Xn#=QJ^8wgK~^.+;`u d
Xnh$0Z[pI i`"jV/6VEp
Xv"ks%~>?kr#^?I{s#j>
Y)bg52|CvKV/w>,j{Muf
Y>3jHCfs,L`m}pyF>Cm0
Y?(MHHwX1Xbj&'<q6(F'
Y?[[S~.&&SMdBu~28lW8
YX%d,o-v89~c<0%hc7&@
Z+5V\s/#@x}/30|{w09D
Z;,+v?ft~NvzbxwWgu(O
ZE-#&au7U>cow ~dsl?=
ZK*v,nYr-\$&C,oHr/9v
Zg Gi8~c4xYjioY@~>EX
ZtEG"$v$jH}h?=-WUDZF
[$x{RTPgU%*|k6o9LCbc
[6"d1>^JD9Y($e!x9$m!
[9)2OO!hAvDow&\tr:@,
[=bRfMpgT].({jh;J"Pb
[@NN'9`f@OxDUb[vKF~J
[He:V&:vEwNTDXSQ$$Ey
[S4Y.j.0&r 47`jDh] \
[U@P%8$_O'/*(-n,a)t&
[j|j!c:cpX~r^7hT(94[
[o0/}@]aSNE#)7/,V-.m
[uiEB:3y"jL2D@hy%/J7
[v@[y4w8Y(*tFNBco255
\'`5j!Ng["G!BjtH@+7u
\(9#VP]xo/I0e@qwX3<2
\1*xA{*LO4:vyq_<=T$E
\BTB^CDCvbLgJ2KsZ?7H
\n,=~)kK+ayQC kMPhK@
\u;>q)4|1xw^x^}b:RZa
\yNhb9bJWe8m>iE('ZA0
\zvI$UMw%fRt21|90'vP
]Ay7uYY3$8ma~VO?O8{[
]Ey"n^EHId{N)W"Gb9}q
]U${ m$)eDceUH/,)U;h
]V2CN`w.7-_J&Es-m)I%
]fQr\<k?_~HsSX|tDu,N
]|wGxG`*2c[bnj{/z7H?
]~5uM`J@m!=q{rl.Mw(l
^&:v!NM3Dc(-.VjDJA>#
^+b"Ylf=Zn|%W9s^YR~d
^5q490RVV@tMC4zudg%$
^bh=C'6wk37"t@'rF-bN
^p+Gr[Sliwcy=u5tt)X{
_)*.K10re.'Gqh=sj&H;
_*N];NIW_~ucS($n%,*M
_;NW_4K_r+G6<Jr)Qq`0
_Mhnln: Oa->\'J`.>VA
_QO]hI`qk?ehb|)9?%R8
_TEf(mZTU^]e.`bMtHQ]
_\e?<L8]vMCdbw0T8EM0
_eA]W g_!2>w{6$M&2_m
_qy_)ag>i|/xDc;LW6/'
`,a2XX+ty~l$4t;=vN$I
``hNe-h/Lo 4hgs`9~w>
`nR-nn.^#}AS}Dl5q"Sl
`p4:d<L}\'FiUn'3W6cs
`u<K,PYtxNK-pE' )&hc
a."vyUjqqY/,:>~v=m)d
a3S;a+HJW8_Y]xODw:)j
a6T'QIZS U07UC^+u!)L
aG.BUy8+>#V*BI!R7!oG
aeS,q*x"I9^n1iCKUKaY
ah*[\wx`mWPdM5_3#[KO
amc'S!K,9DA]Y_~RmP!v
aoSPxLal8\!&z/+O%(Aa
ax|T!0+79,sPs}xf|ecP
b( %,Qr*T;XkqM\CL%K9
b->(rp4IiSTlJvQEk]Fq
b-w1~hHhZ:zo:tGe+]L_
b:{uhT N/|L$9m~l}Yhr
bKcLeRCC:h6BYu5L]^14
bYpd,i$kx))EnG)W&KxR
bk}&  N2@fWv5mQIV1xZ
brik,8<BCs?x:q!)VZ8X
c@$wWjd$U/QR0$MsQIgh
c@`6t*Ry.wlEQ:uuT#\o
cDvVLbK']_qr*,xVfOH<
c]/jc~tu)u}oZ;4D\`0g
cc\rT=7\=#s+B5Pawx0*
d`k?jR7(iBC1#[4J^Mjk
dejI2Lh~xB]bMd/jcoK{
e.*A3Pc.| e<vn{#ymJi
eHVKQ*s.G&KTwfmlO9!A
fCm,$7+qc)V:|nNIC#1E
fL.^=6GM6(b&bd+Duk)9
fj}o _oB KvR@(K"a]}x
fo2n/ChW"\C.oOjK~et<
fr6CpL8d|y_t?K*@#h*q
fufeq[}+5-aWEU$n?/A%
g)Hkn fUPYR/p2>`5\Ah
g,vx@#2rr\*uf_2L<A5[
gH^w_`:E[#'$WTVG*)7B
gI\Up(Re1s/03psPA^L8
gS3HB== 3p[l*fy6C&J;
gSZ_zU36~i*]J,;9K6:e
g_t#Z(nV?1h(Yu!+MaM`
g`X!jngWF<KeH;{Ydl6J
gqTC%"3_)cRa=E-Pxvk{
h290wvq7.@-{Z6ju=;+~
h?10?!|0e(at)`"Z6`Yy
hd;^yFm\[kZ>p>y%i#pM
i,ew"}eV]T][@Q,CmYs 
i=%33Y,$E|FFs7,IatD,
i=F\s9n.Bd&R:'@dXY(2
iI<jV1&|%?hsGe%S&Pk[
iOY%YLSQf3y-Q4pqtb;j
iQ\hl0VJ&hY,g-?L*!&S
iyA|s~yTj];#iP(&o"Xd
i}<`6K,}2i2csF$+:3"-
j!=d]WY |z~UvbXIEz>W
j6B@~'&^;j,{JB@Ka)K&
j?u_;L-20^ATwEJ/pbjw
jEmT=fv4/ZH/.|Q>9x>?
j]wDd91;!G$gs4l$O3i(
jfnBrlZS?HAcZx'uRydX
jiz\%I!!?=h$#W2DST7h
ju~j-_NA@RixlC>s '\4
j{pU2*,amE.] oRC'jRQ
j|~6Hwo:[D?$,!d=v~;/
j}y*rIgA2Cm`idT$v;c2
kB{r<:oL!H1Xve/jc`'[
kE+kF?5Jk%j'u'C$G9uR
kRNsC2n)sZuR!b0{U'#!
kcDdyl$8K=@=)2$:7^t1
ks8NhS{]Oe|?X6BK@i&L
kso_etZeF])1Y:%HK**8
ku3cxgbJCRp#i-O~Mwj^
l%KE)vIf9])Qu^)b@ebV
lA0OYlbM8!h;U\IX=48{
lK95\(E"[5\}X`T Xb{q
lP{m0F$@|}xwt6!rrMtO
l]wD2{o7uNm)Z2YxN3LP
llP+R2;&EH!598z2!MB=
lmD)o=^#~[0dPwI& \6u
l{Y#=mkjo(bfCFv9Z}}q
l}jyl?-YSD1+,Knk~unh
m,^s=]!EUaU+Gg-SJS2O
mmS,3=K\7~R|j~kiaeR4
mn"1U}S.E/64G>uD&?gH
n:YES=b|mMG^.@JOhb95
nT\`pardHLmKNnwg"d97
nX7KmJ`j`7&^Z>_JD!*g
nZlGo}J^ HhtVIS)s}iW
np1Lbu[Y-i;KrBn?6k1 
o +)>uj}`MP("T:Dx7[;
o0m&3$tGTTXhHOUHd6s_
o7h`K /lv^og`#%Z,'6Q
oY3udoNHP&>cUZ.!vJiL
o_RQQ|)k!QZWhgvB(AuY
p4e~OzXVI7bE$QHqW0F`
pCw@eu&*4/rd <}J',@`
paa}e(K$Zjoe|*|A~'u[
q,$0kest|m}.~qpuyId}
q3s&62.f-;|x;Z/^<+LL
qCv;o9[-w&:F3|QGo$sr
qFo's+s*S?81%PFI5'B6
qGEM0{PF`jES]C"`D+yF
qYM Gd!5_/XQ|T5|A_^c
q]=19N_h 6WAiGNL!\K0
q]dTtRq,Sta*y)aynUBp
rJaqj><'Yn-UnUJ!@*FB
rM"3te5N[3SW=skj{U/,
rWV8<ICfwBu&[M;^=Tx!
r[GH6oqCwIw|KGaAX&;?
rjK]07Kgdh_9?X6tsL=)
rmvUY;AbOq&; JXR9`,]
ronHo5Zw<JMl8jqB!7A@
rq3KJ51xU;LU4g,5nz6'
rt\O2]KYHD`sH|12T?F`
s7Va:;i!^Fmm`wy&TDL-
s:YVC+B;"{6&(Fx_,@`J
s>EoV!=bin8x\&vv'+zV
sDAzAb|ZwF-{9H<6jWB/
sdiZQXa-S3NS-$7:B~yK
shn7AyXy"T9aN)#a8*15
sljN:Rv6<[MyaDWNG4~C
st18;8Rpr(v:&nMAj;z`
t=&+6>I|cyHs8*~n!?dw
tP>`~D@Kj%tw{=1P$;"A
tRkAfTQJH`|~p):7O2cI
tW*CcHMM(q"4g6o3$@Wh
tXBTSQL"wkATesk*^BjO
tzAZ%s1!_\zu}+@Lj~bC
u+@A?L,TGn'>R}X2F!|d
u,{ cD|h!dGn[G}zyS;x
u@=D*b9Wt78\HCUO+JL'
uI<'!Wze T5]aR%79G>2
uXQ"$!.&/\d~O&Ut}|Bm
uahCwoT1y+KqIlg/SKp1
uwH{?-XUbZi1!Vh,5>+$
uznB>p'OLY&7jUxUfN2k
vIXPekYd5L'E1QGzP8N7
vs3E@'I>oO|rew"TA98)
vxiX=M07V7|h lL}cbvN
w@<oE(6m[lR`|))d\CZ'
wDW#D?7H)XS!j,F"dy;X
wDW4Tm9z[R6{XGzwlN%4
wL:!aI2VO#qs493_2y'3
wr.5{mDZ3=\ok_BJ-ubF
wspuA_OS)ZWrle()c Uw
w{^|Pn^kwR|~]S/zt:(U
w|DoX>pSjm7GzKzs}x"T
x!.h1C|fy:7X4 5eHU$q
x(b<23xOH>@|5lCL%H{3
x),R[g2A{q{*c'cv/;)8
xA _H;5e=C9=Du'%Z^a;
xGS[|VJp^^D.~i'@+d,U
xNb"z[}K|?a9EcFpan\B
x[3quTL|_M+HN+>]^mV1
x~ah|@bX5z3=wtS&o[Ml
y(-jT;0pnoJe&C9[{qhq
y1$/Di>aDsp_FE#5`eW~
y63RymG'xH0SX.7v=z[c
yMZ}ViWMI.0$[&ib8)I[
yV C7Lw?dK;QQMJP1:ft
yy"Sy91<CgMB]^]3^">a
z%@BAhrpH$Vzz^7E241.
z>*NLDCixbWfo*a)xAIg
z>2q2O\X)7WgT-EL;yp=
zO$K=NM&^a9t:-7viZZl
zZJf_7~{8-^b#WpFP|#M
z}bW?_Ub57ni,'QXxXWL
{(n8P989tFnfM;Q{ &lo
{>M}<'ajOr+q7mV'D,xM
{kZ'1C{XP]T}VX_1l[}e
|*5x2SF~HRfdP=`HM5s_
|-BQl9gCfvMpT9["|-j4
|N7Iv/[<VNb!e;|"b]cG
|NoP-qFq"#0Z({"{{cq(
|N}coh/jI>E@Jd$8WAj#
|S]Dbqp86S3`~O){]!V~
|V}AD{J<cSuwRROqE&U_
|bV!NEFoI.7!~BW>j8[{
|cLo@lBEvjxY7eqZ?dMA
|wgHU^!wKt5?o41.?@qw
|~!.Y5C<m/H3807gQKPJ
|~E,y9p !I[j6y]dv,o=
}&W"G*Lr3O1p~\@A=.,5
}'qj=NY|^<I:ue/3DTGq
}2.z.zT"gBeTS?jky+J1
}Ie,Z#Ty,%Xd"Miuw!No
}T<z;#=W1am4zwPbeTH=
}XF:Oq}p[n"VL_-tp4G~
~'a~DE+1`=@g=*tDPtF<
~>Fe -17MuP!1eDdzacs
~I1np^(9bkn~mEqFM1:P
~Mlvw2])qJ"53.u$N+MD
~Sq4rB/#CGJKHn,qt/IU
~Yx^__BOX[n/%i6bMW u
~b>:U@=yud0=t:M1`sn9
~h'EC|F=<2}(KT_|E7>1
~kf0EtY7Bp8]17E6c8rK
