10
 &'"{Bk\KM
 *..]=+s8\
 3tO7FJq]d
 6DNFZHF2k
 ? IZNM^`z
 q/?=*k<D/
 u\\{vJJwA
 yJ<z^8q3%
 z9yC{C\&f
!4?n?fAH\0
!:u](?-rNX
!p-gwBA6^f
!rh>]?YG}o
!tn;vl,}'5
"&AE(zY+]_
"+D*'|GFka
"=whNl"O[>
"NZJ_JDKN!
"N[RBZ3ohF
"VW8ep9"qN
"{r{(\(+=~
#'J(|?fHoq
#(m- Y~Vt<
#>X7Q4Y;V=
#I/p0/AI7J
#Jhf .}/d&
#M6K3c`?Y]
#`$3C(.4GF
#`{)h/g9:c
$,I6QdLQor
$2)Od=z60k
$YC7OW:HwX
$_W]8zYr}]
$e-dd6E\OC
$n=Vqehe-g
$q40!iSE)P
$ykFUm]HMv
%3X*=)>HYY
%@*/ )>[ )
%ELeRz^Bqq
%Gj+biZL=i
%H@r@+%3s!
%k:- R'JsA
%lq0}?"%$p
%wC7N\S&i5
%xBvjadIDT
%z)gmi|i+R
%}Mit3(qh*
&"ng+B<QI>
&$4^cF97If
&?8Kqs(d65
&GtGr+uVR;
&U3`4[`rlS
&jIAp@LgZ]
'(>'{lz7YK
';+r\FpQq&
'AoUiU^]A'
'Jo@jSW(Gt
'P9UY;tJJk
'UfnChb9|i
'pmTxM&GPP
'qCUhah6)\
's\oG4,ukc
'zki8k%+j_
(CDgkxNs"Y
(UJC@Mw6`%
(WhhVoUogJ
(Wz+4o'z+]
(]dq[Q/V|y
)8U$&(M0)z
)Ne8Ot+8)l
)`JM;ndHvW
)m/\ @<WO>
)qyJ_EM}KO
*,C Ucg$$F
*O/F^2^v]k
*Rec3ePE2f
*UU*l?&s}v
*`8#aq,Z<\
*y<]%cqY;y
+$GO+pX`T7
+(Q,5w'JzY
+SM>j'ZesD
+p2WqW_gPb
+q3"Hf)*^V
+yyQ;b(Jg%
,"X!}~}v*i
,1jm=:ydb&
,K-{P3n:m3
,Yzj*U/Qum
,[yvc9/-<G
,x/1-_3`lm
-4++q*d'VY
-Df3:<8.^A
-KN<=H9>a$
-b"'S|~\{m
-mv)@hfL0M
.%$F6r%q[f
.%U>;kjtN"
..#Zgk<X,l
.H<oP1apsR
.K+D)mnmK'
.Pc<"%(3W?
.\@:a}8IVl
.`jy,/-N<v
/ ?E8JvJ1Z
/&Pnya3H_}
/>}'t4>/8^
/@FWvO*h=]
/AlD#e#<c$
/HlM lnmBF
/^pR``&"b|
/_Qv2Z8ZI9
/j].}ZO'l'
/r_b,%i6fh
/rf,$6L{wK
0!JG]j20BV
0?M750HBB,
0W%SW+@~+S
0WBE2\Y>Bf
0]8::nI,FB
0h>,Mr/sLl
0}WGt6ER}v
1)5G00.(mt
15B-t%hH+!
18>ptZw[*:
1CN$9Ow|:(
1ET&Isu9|c
1Z2oIDUF`8
2Ej1lBBgJv
2Wl#>T@PG{
2hG6Ht.E"'
3"R_tp,5IY
3+uL_+zD"7
3.G`ar(hM&
3?M>n!CBV@
3P1P8&Ln[$
3Q}oKlQ,W{
3mn;J%>kw<
3sH1$ia$<r
3|!-8.=d6r
4%;_\yU4O4
4'favuq:)"
4;[Qb!>WU#
4L~{D:Ic6*
4WJ8}lRN=*
4YWMF[^p}D
4\Z<Hgu(ci
4qH%Tr!FA"
4ykwDvyaZw
4~l,sg'xnk
5E0c*vZ;A[
5`ma9^oqG<
5g2VyiW$ {
6!9c7o7]<Y
6)0M#"#JKX
6.?#1bF>Jk
6`@1]epr_L
6u=vV~)K,/
6w;S6eKU)%
6~5DE+ci0`
7L@(M0u89E
7S6k#pm|ho
7SSY3(@G;u
7[umlKooky
7_)WpLor"Y
7uj]|AHexh
83`J7Bn!_c
8A|bKx2{eg
8S= ;j6i2!
8T)5d2f1:!
8_Ko{C7rbr
8frP5%Ry:,
8qXJHEh05|
9 B5Le,c$f
9)e ~h}Wfr
9+{b0e"Shz
9,1}::,/Ma
9/\d)c0D6&
9DA8YK{3_p
9E Kt}R{G%
9FetIRKngI
9R+YCEp_zq
9Y`hpc,k\ 
9h2%*1rs$Z
9lt|\'&|H9
9nz&8aFd=t
9x(}dG|%d%
:,x nm#c|t
:E25#RMc58
:GY/2y $`|
:S_d$x<4OR
:ZyAYe@ Gc
:yl~&[Zt'l
;;Z<oC<H))
;@_Y?V-D2r
;[!U9C5giH
;cU8Yn%G'i
;ct'qnZ_8w
;lAu@#Qu@4
;w\2tsF~Wk
;x1|9zao!5
;~QA%7K^NM
<#).)JRv@L
<;tL`9'QuU
<>QDN5p.mJ
<P'.ywG@!h
<VUr1Vx6'j
<lgW3a|v1t
<~cPz}2G/:
=4(k9EL}Q#
=5`2(3_FQl
=<.#Kh*u<(
=IOcQ:KiC 
>)FVe]yX)&
>JHm6(+S/T
>NGKwPp!: 
>O|zb5/3TQ
>ZHTxA:Vql
>{XQ~b!!`I
>|z}%/Sj0G
>}P<tz`w{p
?$G:Qu?q_i
?1S2%"2|4k
?KQYm h]d.
?OM~r)E(6Y
?o3{(V3-pO
?qZILVu/{s
?{Z'hja&ZD
?{`2Sl;ov<
@ *a')4Xok
@(wc_\T/cC
@FS~[CxA3w
@I}^gp`[Wu
@V[9#-#h'j
@[SRR~w1-c
@u)x t,j?H
A!-DJ$dXZ=
A%Nd2MBK"B
A)?~TEi3)O
A.d5t}{d/z
A4&qX,eNx2
AE6t"B?wKz
AMj=/;ULL1
Ac$%7~~[;U
AcNw5}AW=[
A}Mn-OdEU;
B(jP8@+*t*
B6!fUYTb%}
B<Yl2t>e! 
B@:UaI"Rnf
B_}Kk!o-*Y
BaOhHf%'`z
C #jeRZ(pu
Co*5hb?uJ+
C}~[+~vQw8
D&RoV@fIdT
D3&fq(V=Ak
D:6`,AmR $
D<f`8R+hig
DKshfHa}@w
Dd[n\IzM~l
E2A|\WFji6
E^(EBP!BG 
EvdO/?+=qm
F-04l59Nh*
F5DH/`m<^k
FgQjve5t+:
G$/y$:q{Q:
G1#.Ky'`&8
G8+Q!L,Kv>
GT9u*hXD9\
G] ZjP_R6>
Gq}=hKRDoP
H,$tJ3m1uL
H<M3 `\b/O
HEGU_<C4zj
HQ4#Cq;aQ%
H`8~eo[M;c
Hb_'{o["gV
Ht*%Tfv*OL
I#oXpDD;-D
I/emV'Cyqn
IJUiP~mKp\
Ig>z)dZh}\
J$5P3W*/[h
J+)GzoAw({
J2 y#~r5-m
J3[LIwS}-A
J9)-]+da<\
JAO*7N2LQ:
Jn6w%A=/$}
Jt|WARcoDJ
K!-kiS[D~m
K.\NB.oKk"
K>6x"#~84K
K?YjP$+&o#
KAO@lP!tJ!
KO2p@%Mx;v
Ka$+&&bSVn
Kegc`kHL@p
KvsY"K3|vG
L>{ 2ea(;H
LFNQY=Rh7C
LL Sb?bYO#
LgVxMIp%6I
M%[Bdbg)i]
M1mxGr<8O<
M5!7KAw/Vs
MI;ECJ<nWL
MuWZmNAy3{
N@'e?vpM<X
NRkxhc"EA{
N]mQ"C)N8g
N]uU4J$+Z-
Nh(<,)e0,h
Nh0$WxhJ8w
N~2Xk|9K8 
O {,-v V*u
O!td_4*`MO
O"TqqFZVoE
O3IwSDI8+Z
O9goo{2sCL
O=91\5W"[i
O?-iT:*4[Q
OSaFRPne]U
O[vTO\H-$/
O^(5jy)voX
O}:Xuz6OEa
P$pvUyn#,|
PogXt'(E<=
Q"2>XS"2%(
Q;f0`pilI$
QY6}T|Z/jc
R#%'+r&rPc
R(drj"rt3m
R7ZRsuNyr|
R>AmYJ^r^*
RG)]Rrr7|M
RI4C$.ePre
RKh{fB$;H3
R\*mE3*y{]
R^B}i}*rh>
Rw66$*,mec
R}*i:#5]f"
S8_YpFhS<*
SDg()j\(0q
SK#5YDWu1V
SVHx$d"R6o
S^Qo9+K%-w
Se`mhJ7%e9
T"7'm<4(FC
T..!Yh%3!w
T;8gNmnP1h
TCWZ'}vB2l
TFk%g4v&wY
TK~5n d|\0
T_LdBk[]$[
U?'Yp>@KOq
V>OJECQ^*y
V@L/fm6F!G
VT4;d.UF*'
Vq5(}s']@c
Vqh0XTV|mP
VyB6QO/Y,f
V{EMR_>|hw
W.k+i~JaYZ
W;:>o5ehXG
Wtl/mi:-Wk
Wy*Higxiv5
X5Yu4cy,Tb
X6JP7UaOpd
XW"-+:(_0A
Xi0)?>!xT{
Xzf;>[i86T
Y'/\\47$d[
Y)W/>Ro;f!
Y7NXQe.M5b
Y^s;}cx\"&
Yi8c9gD|aZ
Z<y[1`kigI
Z>{QG6nhmL
Z?.S6R8jAn
ZCayLU1v!#
ZRGc/8<)X`
Z{<KNLBMNw
['p89BO7v1
[8s?o/PCOE
[\lyw$MWkf
[ee>IUu{@x
[h hE}<y$@
[qKfL9bq[m
[sE,g?W.pI
\*Wi!ahK%t
\>SjGQCfan
\?A.rc,\P"
\FC^>W#)Gq
\XAQY\t|;L
\Y%qbaMg/c
\yYF#>\DeV
\yb9k9[+UQ
]$to6?.-V4
]_66M,`+\!
]nkef\:B%X
^5bN}f,669
^<"kTZq(k3
^=4y1VHy!$
^v4S:V3ZM+
^{14pyI6Ut
_"E]>EE>0f
_#),O-hJb\
_#uBN1.P/v
_Z+E]Pg."$
`*0AaD5=gb
`=9GZSV0cm
`P~F`;jC^D
`QU@(kpwCi
`Vz.0<4h"%
`[3 I8}j6\
`lyts9i.jJ
`xPclQ'^Ry
az x@_%7O1
b#-'./E+b*
b#Y,<'yYd+
b>~d8'@5jv
b?Pp{b|*I)
bEjQidk@-*
bU^!-s9Sc-
b[ufYWr4;N
bm[^bl6 p5
bp>8{hnZ.m
c s|.!-Zp2
c&?]p4*QYi
c'oo="m-,}
c)yS/0k)hD
c*|Omc c u
c+=1ZJ)Yd$
c/|=1Ch=e3
c0-(7fQ &R
c0yDm\K/Q=
c5^y,[=Ll>
c73W8y2de=
cl~w}Ql(k+
d2jR"c^4tZ
d>>at#'pdf
d?ImlKLoX7
dGUfX[Nf :
dPt:fu`?Z#
dQ% AHTq?l
dRwAB&:tM8
e&?>WZ#Q_=
e3[e._7jS3
e6dcqr@oSK
e[W<&Vv][%
e^?u{=2z@Q
ecvV3"L SB
f(oE8xPYkz
f.`pm5*jg+
f>O@Y6a*7o
fD#5Nwul#Q
fD2TP=f7N?
fHf*G|,:6q
fQCWvO{y>=
fYUC_Jj/T_
f]q3v~0 ]G
fp%ov]RKX'
fx+zHrBty|
g$B`4cGC}!
g/xt!I}WQ*
gCF3@S'3RQ
gHAvo\n;ji
gXIc[MOyf6
gZMz(69S_f
g_VLLHl5{\
h$gC.'du(D
h%N=^.0~X-
hXbU$?UsXG
hb`#Rt]0rr
huSVlcyJMf
h{^_$K?Kr,
i4dB6]U,jM
i=2sF,5pk!
iCq8MlME"U
iLh!T~d{?p
iOk*VDt'v7
iW:]6:B!F@
i[#FFvQF<C
ih*,hNOZ(U
ixDEG ySWV
j #:|.6Dci
j,;;sZ^Mmf
j/yF{]iX,D
j3hVhIh8'&
j9,^S+D^zj
jIGvR>8:D.
jjDvr1@v9\
jq3GqvrGdv
k7]Z,;|#.<
k<ejl498!>
kT[6ViR>@F
kUKN?0$|0s
kZ;`;]3^2#
k^%uQckTV_
k`?<?{@u4l
koXv2%ijv~
ksHT"q&F)z
l+AYHW_5m,
l8an^0(M?p
l9 R2Wx[kj
l9`'p+Y%|G
l_cgL2l ;-
ll'^#{Re`N
lr|{pl#D#V
m%gI."&f?D
m.l=#S$|[ 
m3/qK$1`#/
m9>P+ammV$
mE7QX_wn=]
mT[J>\#=s4
miay?O'mg{
moK'$[&,J.
mu^6_F+kTI
n(:Q@?s/ij
n*3Sft#f>g
n5GI<2BTW 
n?SRiX/Srl
nItV>(u~6a
nLv,lc%82_
nR1tw|fm* 
n^HNmuqrC2
n_g[v"S5(3
nuH)Ma| IO
nx!=jw@t9#
o!72`7#gWb
o%wCEw]8)e
o)'&wRewTy
oS3:D5}:(G
oS|:P4-wuj
oZ*gKnkH!z
obPN!1B1=:
op;b{HsKq'
p<}ym1!B|#
p>yIFy74JS
pL}.Vti_Wp
pS~~|_mbZz
pnDkDV051D
q;RMg4\bhq
q=[^;DP3h#
q]*sBk]"_b
q_)bL+)7x;
qn#ViHWRMZ
qp8=PP(-c#
qqs2@g;eE?
qvU*LI_a,Q
qyo?Pi\%^/
r#ERJ|TYVU
r+H%(J*+QQ
r.`nct\F`i
r;Y3Tv1]mh
rI$b~Ja$9W
rS2L0JVFD[
rXV/2cNETO
ru.LoP+^LB
r|nN0*Dmqh
s #%f?YyW@
s$d*=hO0.!
s.Ge[=i.>]
s1wS5H~GhZ
s3hdaq/Y9^
s5.]wg><*j
ss{~Zw+42E
syW3O$:D,Q
t)"'wWOWI.
t6;X>uZA!&
tIvI59m}WM
tbZ&KtZn{)
tlPc$K9cmx
u&*4nk7Q -
u'F;RcSJhQ
u7^DuZP_3`
ub@6SEF9bD
uxE<|yTCB(
v()g.qQ`E)
v(jBi`{R2L
v25|p&UGaI
v=*D:r(O$H
w!-NLF]Zqe
w'H/eT|)4r
w*aJl=%A*M
w+QBf(D0Da
w+S;EF-mp#
w,<><d}"pn
w1Sz".i@|&
w3QAGM$&da
wTqANsK\O>
weW<@Qk+k#
x-dadW7d4r
xP\w7aF2Hc
x\*w(!j]S,
x]#y&6VB9(
xg/s6e?!`S
xrq2VT?<m5
xwp.8VURyB
y=c_dL5Y9C
y@0-=w*zBA
yEde_4gyIR
yU51>rYqo`
yfZ SrANn<
z'Z/-}xW)J
z/J{KgCk,y
z91>]+e?io
z9~L+k5efE
z;-!_.emV%
znV'_t"t"x
zs5{;f?+`S
{%(83Nkfx'
{%6T_mB2Y<
{0@5kWe{3?
{S#at5V#0g
{W=&dNIFW|
{^yhl.u9+g
{`gri);XDX
{nAq2C}Yd 
{qJom_<\-c
{};dEiP}(-
|F~^CBm1'w
|b6SR|sGy&
} ZVQ-yDZ1
}KbHf*DQ$0
}TybCfobNf
}Vm`]t:Sb{
}f"q/&JD*i
}r23Zmvts"
~ \179@d}H
~&FI9HG8*V
~(-9[Wi}"C
~='e]%/dQ;
~DbqjVqX)x
~wKM/,Q^?5
~{r'zQ,Mjs
