20
*KA\<$[?:Vg*EVP~]7?W
*bsh03F0`%x4J|>?C8PB
?"y*8Q+(`48C^ 1kSg39
C\3E:j~w5!Fe#b2i~>yt
Eg-p4v==v{GPv!^g56OP
SAQF|$TN[n|taKhr`zjj
Z};+1`#zgX<@/=@,jqas
`c]H%/2VgH!eO'Gb%jwr
r>%$HBT|!DC7Y`F^;QFn
wSSviuyGwT_xSOUz;m.1
