10
 GhSgJB?,}
!i:,phQ7K`
"G$m~|)$"8
"{uW.WN?L,
#&;~>/[9rk
#C`/Fc^T^w
$&0h\*!Q(=
$2&P9v`gDR
$Q+,\\"oja
$ah<qJ.?Vd
%Oloj/@i;|
%w|wh-5gI|
&2reWj80@w
&>DSYCT$Q,
'"4XdHz^Rj
')CD"8je(1
(g/5_?#l[^
*%iEcn?hLd
*3Tg/Pp=1y
+=Npf'9gFL
+JrXz.uA{m
,ME({i\ +D
,g_co}"l8D
.f*;_Km+s[
0C6@/]e!VT
0kHu9@]wo0
0z5c=%.0~r
3(|(lT~Ta{
30t6DwApsC
35g+}z)xO7
3KdWO H ~Z
3Uw/_(y-jV
3`Vp4f7Y|H
3y>RQy'vh\
4("Tf_I& .
4jk6$L:yWi
5^^mcV/Cr1
6NtO'R<$GK
6{2=WTg")k
768r?&8M6)
7Av^0gZqqg
8>8S5??:}]
8@sY1:5`+*
:/^0*]'srH
:aX5EY-2QI
;2zeS0yrBG
;_wg!z&P]h
<eL2$:a\ky
<hH8"&v:7^
>>,weF<;OX
>U5J[(~&%]
>][BYw`Pwx
>e^JqlDYnL
>ua\/?8InW
@"V"4P" ([
@h[eIu*lUm
AN[Joy&W7'
Aw;S<+Ce\t
B'F-b<{UM_
BGj`T.G>3w
B]+3X:Y0wA
C&|5[tx ON
C2y|N9?x#=
C5E0q%]h!!
C`.^|C|Jc%
D/&\,>rN#p
D7k-=S}a{n
DRWHp"}Krq
E,zf|SJ=XM
EmD~-k!#oO
FS!$m5oQ`Q
Fs@%8r!x`h
GxTmR\iX<H
H$Zc0SlQ4o
I,%^B5T}Jb
IRkymol#Sp
I[G=9+ZGqv
JE)l1 >ra]
J{L*k$0&gU
J}~bY9Sssv
K]U?xi=y2_
K^&e2/-5BB
L1a'wkl*2@
LC-Kq;&SpG
MIEGDv|x4q
MNXrj2~N<R
M`6E#Xt53^
RFgLVfXkxv
TZl:r';#iC
Tv4BS%O5v%
VP:z=$hbPN
V^8Zmx x=x
Vo".Vd;nX<
X>=/G7|d|=
XI!8j@@8]m
Xh;fB9D{=%
Y=fGQVZ#2d
ZOl~t8Z#]}
[9l%hP52&_
[Skb3y tK!
[xz|gqC64n
\I2K}26-q&
\gz+yt!keq
\i~a<HHyg4
]-wi/(C|kL
]1%in!BR[U
_!)}}ag,]7
_;{1y9M=sy
_^qfyy@;VT
_zGwdaYCZ.
bJclA>NM!/
bvnrO0[;3y
ct/XR&aEqs
d:6?MKS42i
df|vVR*DGA
dnFg;5y|T 
dtQh]Oe*ZQ
fC[p.l=JIo
fI2V0'w{k6
gY3d&$AOVx
hD.*cN0+VE
hRC9\Lth(5
i,s],5x)_I
if#%K0h"+f
jLT(zYRi$|
kB~SSf$*;u
lI}<{>SNuQ
lO926Wrhqb
l[E=j(qKe4
maxN#z*"Y}
muc<K=+Qiu
o3IW OSWvP
q]`:cw~_O/
r3s)HdkZoe
rD]pZYQEA/
rPurFmolF{
r_8+o.:/cJ
tE1AxzoGFI
u</]o=2bD^
u@f2wScX,O
v6boC8^;c%
v:9AqR3Y/j
v=i^aUTj4p
vkp#-v.s:;
w,H&lz7~6[
wUETLJx<zI
wg9vmh#@t_
x<Ebg@L-F-
xH&)z:k%#D
yDL_\|NHr 
z#\jM,6"ya
zE&v=DwrLN
z[=*[Vu3Uf
{M`i#0AU!(
{S!\u4^%R;
{u-(A$h&Ea
|bIoPxQ,#d
|dD%*|$};<
}>/3<_[hjB
~Ed[e!E3c2
