10
.bdoZf0$}p
0"^Dq?R(=N
6k?v4dej*F
<P&4"ag-gJ
\)H(F+rg?A
`CT{k^.+0b
jw%k0p2.k_
kXA_BAYlRZ
n(e^ZDHOTe
y)1O[\R?{H
