20
 +B2wl#(a%f~\P;l)2gt
 4`G[}V#`cO}Lu/|i:D7
 9D(VXyf3SU5HBR=:?y*
 =x`@+%mS/#5:FV/mowZ
!0&07KEkK1tQ|("9WMX`
!<14V1&~=^wu"}V2 $4P
!MEg2+eeud/!IRiD}X\6
!V!RFXdg"a-3nbdE{CT%
"6MS7rol%E<3qx4ToyQ.
"WWD/22F6m [,G?XXyU0
"ed[mXDqwL(GDF)Q}xcU
"nu9d5nx<VZowc:0HbM&
"sj1R(?gTkp0Tu%k?2S(
#9iDo~K<p!k@<O'BwOkq
#G4g-;%_6XM$NMW~*;%b
#OADY>M+pIn,%1:3:1W,
#lnK\ >[(&XA2>JHk9lH
$M8je&'P9$v1V,_K3r?0
$N{C|[slUe6^1-PbaBy{
$]t@lg>BD%r~e,gf$(._
% =('KUwB)dWobP,dm|f
%/0XP?5*_T!>5WvOV4rm
%V,)g]Vv-P0h~H_wQL`n
%[)xKB_Z.R:n^Owz(+}M
%`EBhm5%dIDSHH\``1MD
%rdoXDf4OP;%]N "nK;P
&E: p0$"3|G0RnOwKNON
&yyp?T1yz(&Ud(h #A\/
'NVJ,T7O0[BEuoX"K%EG
'jPhwAv.g[-6</bH0;Y:
'zGp+vf["-5sZ}HO/(p:
'}ky7Nzj! ]tb10wHAG!
(O{t2=s5 g\d!E%+VJu<
(U-.r|T7MOlwkoZD{>sG
([)1i3Q!KJ}r}9s"%-cM
(e{SX[,n+}dm>@7{cNcB
)*Ion1nPV"v :YhH;_n3
)::m:wiq-Qm8[NTJem7Z
)h[Rry"=KVi#wjvKB4]5
*P^KpZ)%'IM=YgA,z[Qi
*\c8uTUjL>~X!q7m7g*n
*^F)DAWaxeA!H]l?r@/V
+6De(-P-9[/l::Pks8,"
+>"b-Z=I]#2u}TyOj|,%
+F7Wk)WS#TBu|9q4?FDA
+zE"BhUA{$,sf"@B@Z}%
,r@-:f;~8#X"W,V=ymk[
- ~[tby~ye7`d@^3Vx8_
-_r22BKv?qkECZ;0 cN`
-`SN@19&3M{X$.Q,;@aF
.:]!E=8aW.#:8YFeYR4;
.inL+bBxo@'YXsLuy{jv
.yIUL\Si,tmz=g{XqpKJ
//qd01!n*LNJB}<~3]pL
/F%6Pm(FFLKuOBR}Aq\&
/KT~%xN:[9y.F"G6Nw&1
/P/P@?`wZ4R^a59T)R"K
/qa1:({6N#Y:Up?4RbsH
0*.2#"+w}BbMf%)`8d~:
1/r#R{Oh8G+KO<H]NFbq
1D@4$DKIuFizS$?WOfup
2*dXG%,4j"Lgi7`jVL[K
2=aI>HYx>+^}e_)0Jd>~
2RpeUxbiJDHhl={p>r<$
2iW_$g6.G!'93MdV#Yqd
2j|H;RY5r(Y"-E9m38Ja
38'l{26q3aH`n{aEOnw1
3rG$wGtan;84^/gR}rz%
4KST/vSh$fipa|vqlb%y
4[rlW]xj0dz;~{+xLTMy
5$&JlR"vbVq>B8itP<N7
5$SpRn~|f')^L(wDiBO}
55LyeWnxT`ptsV';irmL
5O?l|Us!:UrkZ6Q% \y*
5k*F33J[j5j3}>4{5b6I
6[.XV9Ah+neUrpbI/Xm{
6[skqN.2^%B;mrn W\BN
6^_zj=FVi`Ao\CsR!uQz
6}jB^MQsXZ$8us2:)(c#
6}{8Mw[>%L!t6`%uDA)_
73%I?;;G7_,D_$3rC(:t
7:6=Xp_3l;ph$z#/o=k0
7Kkc.'r?n;m^`=H|(pw&
8 vcAdF5%|$'%t,t$#J)
8*iIUmC-5q~Km5&e5Cs)
8,8KuW%.j!n3^^7oax '
8>D4jksQB\1.GeXR[HSj
9*,\8sMnK>"cuMn~%Pnr
90YmWTIo$Vk2w&^*.{[t
95?&wMkA(zXBXg u.!H|
9H/xTf|;)r**mb(Gg7is
9Q=moLAv!?-1]>-Vj}$G
9ho{ZOk:=CdUk30d^byJ
9tAzCt/l(=M1pz}8#D7L
9~A1Jo-5.RI,3@c=Vy*s
:IWcYE>>0igUV{~9gD-D
:`+c\t4mkQSl{Y'OZd{m
;0]ma@I*#EX!6vU]JIXD
< -tKF$0b5mjN?V-i*Ea
<7ys~ok7mRkF\b@2lCsq
<_Q5aBG:jO Iv~C+"FYA
<tI mK)H$F^Vb-EoI$^x
<y%#KM=l!:ihCB@[ BH!
<}PCO)mz?+l}guno2ooK
=$r0rN\e0*&h:Qj(6}jZ
=`;c7>^4,h*IM*3'DiTm
>#ZA>qaG)5AN#tZ"e1ZG
>G*Op<V$;ja@@~RXLK2b
>U{lI]Ki|05g_s@nZ(^r
?C`C@sFgiU'P*Z.L67WY
@G;?&j?77#-]#wt_SCb=
A,6~vgT2(^0yzdhF7TQ$
A,clK!njc85GmO93mUna
A9K6Tc{$0fvS)gO#NN*j
AP),%rp$_r#H[~/zS ;M
CnmO`.U\q)y{>GN]"S4z
D^IwHFB>tF+ww0?ms7=J
DwVFRg4yS?1:Wd9Phd)F
E9dyr{zD!Y|Y223JE%1#
E9xx1ky~wD4%:)oje~kl
EB(ho0%6i=\sULmT/FVo
E]F5l3^Z, %\{_2!xNIG
Ez[WR{DHzoF_/LRq'}RO
F+,pDL_/4 /&C+JyZjA 
Fh$7!$.`A^eS?dh-9nh%
FmOD-P%Sn.&[9%;aRi9F
Ft=)yJ:y4f)3l;IpmNA6
G;a4pQR4TD)mTn[O1k.C
G<4WQlIEmJ&<L8=}{oc@
GHw9N8$I^CD)(hzN0MbD
GMc%'E;<ZjD1E7b: t%<
GNFR[3Ntyf2K;s:o/3IF
GT/+#FN54.]3Pe[BS%}{
G|?Xsh47_?{u=fE[97~H
H.XLvJ)Hy3FD){YfPEzF
Hn`TR!rsv.5]=C{f|n;#
I BI5.<y"<p/:!)DoV5T
I6OF!/_m//+{H7&.f:jh
IcF(,z)FRAX)(^KYQ4u6
IcZGw%hoM-1s_7|^C-:I
Il4`!Hn!?h+%5(<;E=4\
IrQ$"qq<a(C!#KGa_w$Q
J8B;'|-43zz,X<3Z]ai6
JApAjBj?H2m5b/D4J8Z]
Jj)1el\7)6?w4!b[ahH$
Ju|S!@N`{D`DPgo9-gB+
K"v|<Bk0{6nd]/Xm%,]M
KFwHK`^~Ulu^o.xz,(zv
K\Y1mvWSrxag+)zj23#l
K_jvoHook@dpn5cymu;r
LD&`GYSkz8Q7PB9;1P#z
LT bV+jvm?L|Tc~0=q%i
LYvZ"%_CccN$q^c-YAcP
L{ Y-.S;jE:GAh&(^Qh/
M1p-d]7q$ <[2'#^\Y9`
M2z1ds<F0ku\%v`kP<Bs
N)JLE/=t9v1R#nY=}]m2
N@~h-d`0b'V"T<2?'o+Q
NHC:>[=\:PETtZ--V^PG
NU%% eF PdrPSy7T/xcJ
O0Q' a#1*Z;E*]?qeqm@
OPn6U%yYmvuO(SaQz(rB
O];GlEh nck#D,2r:[Q:
P&.sgJPGo;U8fq1aHfy,
P&`<%bgmVxN#+*<jLqJ<
PZ-WLUu[_>,ToFz?|Rgt
Q#%wi90U 5:ttav!o{3E
QXz?8rb\QGtG%MBHl3O)
Q|OoRWjS*+8J_^dbutn`
R]sq<ft ]iD'9b\Mwk67
Rg%1l?OX'cx L[_8v:D6
Rg~n1g!/iip?5[b`j^Z~
S5|!(%s&Wr^d$ceklc%R
Sd%S><*yPdpr2W\e[\&!
St|h-dB|fZqU,Af5Y>#8
T7F_xG*#_H%h*U|c=<$\
TGsz@-7&<yB:I&(D:Gc.
T_!AD,PRR,~l58iuh {S
Tg7j19%W[[qd97eZ!jGS
UU1V9F>.}iQ9]VFB!VQr
UhfO~@3nR0  %)gP>U=3
V(YBex;1 P<f9QwvaApz
V1Pkf/-nPxq]!F\,B*K 
VB4%-sV,JBn'+ZmYc2LW
VOA$>-*?{]r&>F\b o! 
VUk#`(wmbm\rKoi"jHI8
VW7Yk!bGTVt0g0a#2eL1
Vy53q"h;7>;["X:gQ#*e
W),?qk<r\L?g<@$gtA"e
WA:`R!x\!VB3)$hI)\ip
WlJ&?z,7{=!l=rr{\:Iv
X=xJqVwsQX*dxE,e[`zy
Y x^x%Nj1WdsD/[U~hoe
Y?7NBT-1A(Y,#N 15co}
Z0yEje/;=DYl;UY#@B D
ZThYWPIr<rdY]Z}{d.hU
ZTq.m]~=/4e6D^VMUCbZ
ZWs,Nl|cG$kSLP7X4Y)*
ZZZ|MOJ0R_]S;H}3F~n]
Z_O;T!lI_87g;Vb \mWi
[K#`}JDGr~Rj^`qR\bE?
[wQ9MUIPQbn)^c2Ohmqc
\!/euF45>>qjQ2p+pjzf
\05$O;) tU:,F6l1(dP[
]B\:5FvJX*)U`rx%saW|
]RT/xj!F,(sJ|QpR\*aw
]Z9Y*6?x4}j\'*Ov8g9e
]iZ-F[4B2M6I,\I/'AWU
]s:#,\rZ`Pv%Gm,pAI>D
^"ybS`y=,$i_'Rx0(./m
^:ubW1Oy0j_ +9=-a~,v
^k"halV<O l7fecnHtcf
_3s8fZ8R N+Xb,FODh(d
_;AL[3j?&L\YHvuR7s7q
_HND;4'f;.LbAE$`b tS
_SuC5*^~^XColwE+FM@c
_udTuvq-I|yEbfgt?\0~
_uylKhG6<7,L!?5V{fx|
`7nCp_BD2MrBC.n84e Y
`G%.7&rB\}P]GP}>*&/'
`Nj#39Dv)!;{o^Im`nx5
a(Gaq0|8P,x?jyvsjsxo
aB}sZ&*FX$dGNwg}Wf!]
a|io.FR*ZZ\UyC4./[jc
bg"r+7bwD)r"[7l?m{=G
brZgrsmMk/Yx|5 \%H$N
c5&jwg)hSSDf>^|/'$>i
c=Up#OVPp{@}PmV}+f}O
c|D{vl81,{V<drty[+'M
c|[w~{+dcC>b[i+h=KM~
d$qFV]'X~(@b#YP@L]GF
d.!&b5BPHt^X)#^AK/)`
dhD}$?#m=Gh4;$n8a5`,
diA!aVggMP@g$R7s7RyM
dmZP.0:P51Xd$O/&2q'K
e Fgx>Bg8%`zjGBxMx{X
ej*[YJ8RVG}]Yjt%SqAO
eliWy+kf}hf|ol*2oz'k
ez(N?^KnFBqF/SFPzvzE
fq~:OU{'&~Y0G)5S:IMT
g2wId=r^V+[[qtE",u'e
g{)eXAU EK$38!^@mwLN
h);A37S.o?`Hr9^ikeGJ
h+R6GT$TQ^8{Cb9-p,w2
h.Usm!|9^[ynrXcHr=&v
h3?o*3DZC ^7?>T.ytt"
hQ-$$!rnB,I ]N&4f^+?
hTnkoTpt&t `:r_71kHb
iCN`,FfmRF, 6Ykgmox9
iOXEM$}?<3*<ab%L5XBR
iRw##:+Yk2EQKi/y6FTa
icy"^Mgs5b+sY9i@`N@T
iiQ~!Cx?AK,8zcvR|NAd
j+(__vm8  54l4^n]2a1
j/tpftePXh\6?YYRlw:o
jpqv}Dnd+pwIViBL#6f}
jtdZWlH}e?%1X)0bs'g#
k0xJ_XW_qE7?A#5k^*gl
k8wUc:+?">gy[0<Smi  
k<RN@^h3x{kO9Pp5{25@
kK>[$mZ'=GndldYSv5yH
keV!Y5JmH!a"2.z8AeJG
kio(#IH_VEO5@K'd(jRJ
kzJ"/y#0lO,>DOv~y: w
l'i`}SP(ZMVKKMW`Q0n*
l:6It4IyEkypq%>cgvD[
lAzrQZm&aX1%:W]R#zh2
ldcY_-Duds8wzT,Wa=7S
m,gM 5+l>5D/_j!O]!cw
mQ58:nA)n@dduWVc.[I1
n\MmRmPmGhhv(hN!c6~;
naX$c^tm?Mo, zxyjn&'
nac#hgCn-pAbOjs\%PgP
n{u*JwvD=/5+mZLA9|?o
o~A?#3HszA6YJ,Qb75Bo
p3L{,LX_yr-0f>->JGC_
p6HuTO8r(J3r\SKn8hb6
pH+}WURWI?hY;pa\>Pw%
pM,VL"0-MS1F ;l[~)z8
pU{hU]<v^8fXtG|y5pJ2
pb\8=$5)H\:40f=;BS`3
q%dhQ/Uv)}ho\}d%0^Gz
rL`gG S(e*mh-{7Z6(E-
ryPI dr\xA>V0B^h'4qD
s #TNyRW'l92wwmxB=Me
s,W.k?YoK?dH4o#GMQ(-
s1[Gq)9&RekOGrT1dsjP
t }iz9Vf?Qj#mz&;cMt^
t''v*lMJ[EA.!aAoNzZ_
tVUgGWo*"bSGp.=w$-fe
u2#]y.s{<&#]vyqg`F<M
ue%\8 ;y2g>M[$8ncl*W
uoYIa<nkZ\HDkkQgm0}y
v*dG<p.vM(;*)-_oJUyz
vCh1AMb*Srf^F$GnA9|`
vUipF!tmk$Apl:A24i!N
v^BC;B]oR@7s(PeqW0f6
w$dS|[WD9$NH=Qs|3,be
wDj[<uL3E"("B/j_`R~Z
wZ/\T#$P;E+o3L%PbzN,
w]n^sm,*!OXSiI<RN_Bp
wwGfJ>JwHr.-6b7pfUGv
x<GX(AF"4q:-KemG-bZp
y"d(OtOrencm(jwxh~.T
y*GILfxjI)T6Amu>0CAc
yJI,&jK5 Uv>WencCCS3
ynFo 8QjVs>6pn'z->`2
zX.E|$D|Be#HU}r;d'80
{v.)=^J,1)yh+~Od:7Fz
|8K~Y'8WL6~il0^Jz7KB
|]e>Ke+A+<KL~h~,=j_n
|z2z}Mk%jEs;?>'FCPat
}H>=SiKq4#Bs$R[`h6q|
}Q:N+&3s.IG~+McQmG[.
}i:&kj65o*g~I.qx;8sL
~ RU!oA_{uW`?f*xg%u>
~&,|M%kNHA5W l^WbTE+
~MS(T,P/{%rsEW#4$(,#
~Ze`#G0Qg{#!WLK9}yd/
~cuZL]:LjXEz\7?cjViz
