40
 $W8Zd8'MPwYv2Qs/ ql* Y<PPge}b{@FVi@KHbg
 Q{YgzJprQEWu|>jr='Gcouz8<A|v^7@gzsklJ%8
")D_3gf9,=@7XE"1u3<Ru]%?N~e[s4gEGQMatvoD
$R4#1:Tb."r>jt[Erd,0$+W`?.hS8.bTIJy,6U2t
%Mi00A]~c$.&wE?}ys1Q>\}M@OH+PF#vpgd.!*.s
(Dxb=CZp<Uoa.5.{$&0u3#.LntScG,Z\Cyc'@%y/
)atM?A!f+3]rfNVb|Y}X+,Wo$4^JQ2izTT}hLGw'
*!}"<+^i$ r?01{YX?{(GWj8LlvgKJkqDu',@yXp
*+!%p(_mKuH6/1[;X7 3w)O`2?nik`8XIur!3z.g
+!- -ta\Es:f bO|Rj:A+d6/}i4X/OD1sxx5zJ"1
/3lO\Bx.+fZ6qtLkZZ@e%{b&^<H=u)?o$P#SZ5tP
1X.]U'e9UhEcN'qG-L&](X6R>G.xBV~W\Mx1@dZ+
3<r+@NDO9WeZPQ@6Y[`Oe6J#V-RF]X=Hn[mR{dr!
3Ca8&J@[8\V Pngr#E5<)=!tXnK]tM;{*:cP9u#*
4=@MFML^pw!x<FhN!(hCTV:CAxf`HZa~1m9No{~<
4{}U%%Q5mr1WJ_R7=4WWQI~6XNfnM`ao^2QNX4'\
7a/=of;hJ&8JvHK|-,\7AuH/x3@{'C4$>!T8:!pu
8+3Lx9+t<*I>Md=sRT`umYNpQzF7{l+6~I+L_|kA
8;Oi$EJ>\bZRTj33#S+M\MvvZ~iwz("VVgRE-]s{
;4yTAA}&~Kep&mGXE>m>CYueI6\^0FyEb;F>Dg1b
;RU~?&gYv|PKQ_fVlq'Byv%l60+>ry*=BCb@IrY%
<;K _T/Nd^c?n9~#oB;zrz,a]R_2%1{A,%+4Jv%$
<Rj)TKY4`8 pbcc`fhO8y'm'y6waLPD })}Z6@o^
<f``3)=M~xlm_!>TwNo(Ozk']Dw/EY%Wv(!KFu/f
=~\{tXF=ZZ}Ntu*KG>fX.H&hmMs?B|/VQ($'uk=c
>]Q{5dqos60K"uwL&Y"er0fzMzDLT|{_cDRQ}TqP
?! 5.'@he>X%*_<@1`v1<rP3n;?,W7%pp:V74Qqr
A/q.duo0ZF<n*I@Bf5-G#O@mi{tl]b_pL2+bp7+'
B^32Z}5+j._?R'x06K9c>o?IxjFFw.R%!X #7FO+
C}1iW7mU|.d!\2NpzF(pkWete3u4?.@1jlr(\]9n
D3]F|d~)R]cZ{jPV{Ww"i*>nvx1.]f$*ssNq@cPE
FJ%fZYP)f?RGs_ltZKW'1-<Z^]pTdxxU-XLBcYjt
Fa,J7x[K><CNaL5JnahWgGh$P,jycKk>Sw3;Ke3u
G<%@ucc]BP' m1$2=7q]\~KKQI_q];B]cjANf5##
H f75xPqC=01w|<]:og6>Z;Lw*~;N=;kD1p6eC_c
I%l'bBYdw%3 .#==<0A+l8OtmX>IL7RD&C}?vWW/
L[LiT0Vh(X`)0BDF/Kk=+`bqDFDEgaa6n9QX$`{X
O>>vloHG}bC75'LetU|o cjT=6SmtEc4'V#Dr[OF
ODlN\(tobE]h/1;wU=Aac%d_smVb`t3f*[]h&t)g
P!F#@W5dBJj]]TY4+MzyMW*Hh2KdS"?Ot!_}>-{4
PvwzW^ \O0di9w-jqui;u9>szw9}nsc+B*h7v/sd
Qa1OIlbVYf9.}g41?5x1yP,6[Y#Yn4SI&)I#clvh
RuV""t $.-ou5MYgz<9s/aMEl#_d=e+5`%fydq'f
S56n;'Cq=c-mKs-4=(4vN2]0*V@(6{#b0s"qUox{
VS*'G>GC,zxgF=~=F^2?qYI'[k\{c'5p$V*6T}&U
V`rH5=qxXi36cG$A2"od4o<O006R^R@wM4SX!(`F
X)p,EjX8^]LvCmc1+-)FU{gv]k?M~0#yVD,NvVOD
X^%S"YP$qwOHUOA7/^u(sxhvVG!8Own:?*)C`?:k
XdNsSlfVPHQ]9~fb#v}-{YglBO@>%~(63hbUN%!N
Z&NX)#@Ni9iSNFp]%^y}g<h>iNrktv^Y-_~Pgn^.
Zt&\{^0|^v#"<<+2M.1?JQ_2|p"LK=QZ`qMDoV!B
[5ymd GK8Gk@zO^$'*/!F3~~h7yUnxhi:Gp$Jp@-
[^by'Vy]iH0 JLZ d[-q,LpPq#-PwTAa\1+3p(sr
\IOXClXcBA9e4HhIR6:Pdb::L)/DVZ ZBq#aZ*J;
\t=Yw-RCotjX{sM|jH~mnw=&MA)1-Dv&r0?!SX=;
\uD):0`7%m0 ?hP<ay4v dpK2|[Q!_zy_,A71=^q
^)Yc>"bw"]S*26~h5V %KMbQ|J2g\~?[A`;wm{~=
^](n"Clk:Qf6H1n(?7.0{!<#$*&k_r;3#C }/v52
_EFSb#7/vV4'JOBju(G-eVc.TQ$)]m2gdkG9y$*b
_[8<KlCv]XCnG:[7|?r"8vMb_e\3WU&K,Tlk=%36
_oN=fRr]v3Jh-#ySz8-dh(k_;2j3x<DUH><y?$)d
a#Jzj$t|^_ @kq@FRj+-,bkn-e3nDFRY1<&.?wYe
bm,]JO/[4KE7-S|:3%dr6~0'vf_spsffp8t.F6-6
dABbpBcK0;oBsOACt]}Y3'&T#13xJ1AkZde{rlV-
dlv]j0!5V:N,;h`"|Gk@rmFxmCDm4P_Hy92<s2d5
g;dtRR?X],b|_C#w4eYp_?r([lecoZG5q,+Jg#ze
h1YE*Mnl$>D HX8/Rr Uc}n~a05CGIr;9'_j*oUs
hTWDi8"Bv(93g=|"?:ERNGF MsJ1CyQvoSc;J,Tj
hca^F2xm4"VS,K<+1w,/Mn9Dpz~te\Kolq_#j'Hi
jMq\P{3':b=N7@+Mdq-0}UACx1;p=_b|2GII*Chn
k/\6.^0[]Qg#L`=U* _XA.6kb;:M~XA`o)Yo<=>T
n@67W(u8!B17KiB]m(JNzM.'RdH+R5f2AGNaR/>.
tBP&V)Af9'Jc1,Wq7}\ZMKT9=opi{gaS$?&GU>{n
unb=Yva{3>}-uW6y]h~*;Rrm~l9BEKHfPd^X?15>
wI%xU#5 I0NQ0@r0e6|YmTc`<DMFEqrZ8[%R/A?P
xfHVma6';[K}B{vRS/T.yc6pY<GEwDKiS][0hW"F
z_i&Ce^iua>UsW+Oj|<8zRR(6(phc@!q8;%i)VgI
zn\#(oaU*OI!M?Cr*m(AhDV1H{|ml0Vxw2RhTeDw
|pokv S453<wt,;TC43D9v~:Lmt&IO'Qr{`mSpmZ
~/nKZO&$4~]Bs'IDjWaOs^p+M4=p` 7`s5f]S\Pf
